
C:\adb\platform-tools-latest-windows\platform-tools>adb logcat | findstr com.whatsapp
07-28 20:06:41.683  5093  5282 D MARs:ActiveTrafficFilter: filter : com.whatsapp(0)
07-28 20:08:00.533  5093  5282 D MARs:ActiveTrafficFilter: filter : com.whatsapp(0)
07-28 20:08:08.686  5093  8275 I Pageboost: moveTaskToFront : 10275:com.whatsapp
07-28 20:08:08.689  5093  8275 D SGM:GameManager:   sendRunningComponentFocus(), pkgName: com.whatsapp, userId: 0
07-28 20:08:08.689  5093  5426 D SGM:GameManager: onLooperPrepared(), msg: MSG_TASK_FOCUSED, pkgName: com.whatsapp, userId: 0
07-28 20:08:08.690  5093  5426 D SGM:GameManager:   handleTaskFocused(), pkgName: com.whatsapp, userID:0 mResumedPkgMapdoes not containsKey.
07-28 20:08:08.702  5093  5425 V ActivityManager: Changed top to ProcessRecord{fd86a05 31181:com.whatsapp/u0a275}
07-28 20:08:08.705  5594  5649 D StartingSurfaceDrawer: addSplashScreen com.whatsapp theme=7f150551 task=35854 suggestType=3
07-28 20:08:08.713  5093  8275 D MARsPolicyManager: onPackageResumedFG pkgName = com.whatsapp, userId = 0
07-28 20:08:08.714  5093  8275 V WindowManager: Setting visibility of Window{b5f1f1f u0 com.whatsapp/com.whatsapp.home.ui.HomeActivity}: true, caller=com.android.server.wm.WindowContainer.sendAppVisibilityToClients:1110 com.android.server.wm.WindowToken.setClientVisible:448 com.android.server.wm.ActivityRecord.setClientVisible:7040 com.android.server.wm.ActivityRecord.setVisibility:5455 com.android.server.wm.ActivityRecord.setVisibility:5350
07-28 20:08:08.720  5093  8275 D WindowManager: rotationForOrientation, orientationSource=ActivityRecord{dfa1510 u0 com.whatsapp/.home.ui.HomeActivity t35854}
07-28 20:08:08.720  5093  8275 D WindowManager: rotationForOrientation, orientationSource=ActivityRecord{dfa1510 u0 com.whatsapp/.home.ui.HomeActivity t35854}
07-28 20:08:08.721  5093  8275 D WindowManager: rotationForOrientation, orientationSource=ActivityRecord{dfa1510 u0 com.whatsapp/.home.ui.HomeActivity t35854}
07-28 20:08:08.733  5093  5254 D WindowManager: rotationForOrientation, orientationSource=ActivityRecord{dfa1510 u0 com.whatsapp/.home.ui.HomeActivity t35854}
07-28 20:08:08.744  5093  5257 D SGM:GameManager: noteResumeComponent(), received pkgName: com.whatsapp, userId: 0
07-28 20:08:08.744  5093  5426 D SGM:GameManager: onLooperPrepared(), msg: MSG_APP_RESUME, pkgName: com.whatsapp, userid: 0
07-28 20:08:08.744  5093  5426 D SGM:GameManager:   handleResume(). pkgName: com.whatsapp, userId: 0, isTunableApp: null
07-28 20:08:08.744  5093  5426 D SGM:GameManager: notifyFocusInOut(). of pkg: com.whatsapp, type: 4, isMinimized: false, isTunableApp: false, userId: 0
07-28 20:08:08.744  5093  7827 D WindowManager: makeSurface duration=1 name=Splash Screen com.whatsapp$_5594
07-28 20:08:08.746  5093  5257 D SGM:GameManager: identifyGamePackage. com.whatsapp, mCurrentUserId: 0, callerUserId: 0, callingMethodInfo: com.android.server.ssrm.fgapps.GameAppUtils.isGame(GameAppUtils.java:84)
07-28 20:08:08.746  5093  5257 D SGM:PkgDataHelper: getGamePkgData(). com.whatsapp
07-28 20:08:08.751  5093  5257 D SGM:GameManager: identifyGamePackage. com.whatsapp, mCurrentUserId: 0, callerUserId: 0, callingMethodInfo: com.android.server.ssrm.SortingMachine.isGame(SortingMachine.java:162)
07-28 20:08:08.751  5093  5257 D SGM:PkgDataHelper: getGamePkgData(). com.whatsapp
07-28 20:08:08.754  5093  5257 I GameSDK@LifeCycle: noteResumeComponent(): package name  : com.whatsapp
07-28 20:08:08.791  5093  5605 D SGM:GameManager: identifyForegroundApp. com.whatsapp, mCurrentUserId: 0, callerUserId:0
07-28 20:08:08.791  5093  5605 D SGM:PkgDataHelper: getGamePkgData(). com.whatsapp
07-28 20:08:08.791  5093  7840 D WindowManager: finishDrawingWindow: Window{a8d460a u0 Splash Screen com.whatsapp} mDrawState=DRAW_PENDING
07-28 20:08:08.796  5093  5258 D WindowManager: createAnimationAdapter(): container=Task{e73260a #35854 type=standard A=10275:com.whatsapp U=0 visible=true mode=fullscreen translucent=false sz=1}
07-28 20:08:08.801  5093  7840 D SGM:GameManager: identifyGamePackage. com.whatsapp, mCurrentUserId: 0, callerUserId: 0, callingMethodInfo: com.samsung.android.game.IGameManagerService$Stub.onTransact(IGameManagerService.java:242)
07-28 20:08:08.801  5093  7840 D SGM:PkgDataHelper: getGamePkgData(). com.whatsapp
07-28 20:08:08.802  5093  5258 D WindowManager:         Add container=Task{e73260a #35854 type=standard A=10275:com.whatsapp U=0 visible=true mode=fullscreen translucent=false sz=1}
07-28 20:08:08.812  5093  5258 I WindowManager: container=Task{e73260a #35854 type=standard A=10275:com.whatsapp U=0 visible=true mode=fullscreen translucent=false sz=1}
07-28 20:08:08.812  5093  5258 I WindowManager:   taskInfo=TaskInfo{userId=0 taskId=35854 displayId=0 isRunning=true baseIntent=Intent { act=android.intent.action.MAIN cat=[android.intent.category.LAUNCHER] flg=0x10000000 pkg=com.whatsapp cmp=com.whatsapp/.Main } baseActivity=ComponentInfo{com.whatsapp/com.whatsapp.home.ui.HomeActivity} topActivity=ComponentInfo{com.whatsapp/com.whatsapp.home.ui.HomeActivity} origActivity=null realActivity=ComponentInfo{com.whatsapp/com.whatsapp.Main} numActivities=1 lastActiveTime=47300380 supportsSplitScreenMultiWindow=true supportsMultiWindow=true resizeMode=1 isResizeable=true token=WCT{RemoteToken{ad0bfee Task{e73260a #35854 type=standard A=10275:com.whatsapp U=0 visible=true mode=fullscreen translucent=false sz=1}}} topActivityType=1 pictureInPictureParams=PictureInPictureParams( aspectRatio=null sourceRectHint=null hasSetActions=false isAutoPipEnabled=false isSeamlessResizeEnabled=true) displayCutoutSafeInsets=Rect(0, 83 - 0, 0) topActivityInfo=ActivityInfo{5706c8f com.whatsapp.home.ui.HomeActivity} launchCookies=[] positionInParent=Point(0, 0) parentTaskId=-1 isFocused=false isVisible=true topActivityInSizeCompat=false locusId= null topLaunchHome=false launchSplitWindowingMode=0 isPairTask=false pairedTaskIds=[] pairWindowingMode=0 pairDockSide=0 isAnimatingByRecent=false originallySupportedSplitScreen=true isAnimatingFreeformToFullscreen=false topActivityInFixedAspectRatio=false isTopTransparentActivity=true}
07-28 20:08:08.879  5093  8275 D WindowManager: makeSurface duration=2 name=com.whatsapp/com.whatsapp.home.ui.HomeActivity$_31181
07-28 20:08:08.885  5093  8275 V WindowManager: Changing focus from null to Window{b5f1f1f u0 com.whatsapp/com.whatsapp.home.ui.HomeActivity} displayId=0 Callers=com.android.server.wm.RootWindowContainer.updateFocusedWindowLocked:583 com.android.server.wm.WindowManagerService.updateFocusedWindowLocked:6497 com.android.server.wm.WindowManagerService.relayoutWindow:2770 com.android.server.wm.Session.relayout:242
07-28 20:08:08.885  5093  8275 D MARsPolicyManager: onPackageResumedFG pkgName = com.whatsapp, userId = 0
07-28 20:08:08.908  5093  5641 D MdnieScenarioControlService:  packageName : com.whatsapp    className : com.whatsapp.home.ui.HomeActivity
07-28 20:08:08.961  5093  5254 D WindowManager: rotationForOrientation, orientationSource=ActivityRecord{dfa1510 u0 com.whatsapp/.home.ui.HomeActivity t35854}
07-28 20:08:08.992  5093  8275 D WindowManager: finishDrawingWindow: Window{b5f1f1f u0 com.whatsapp/com.whatsapp.home.ui.HomeActivity} mDrawState=DRAW_PENDING
07-28 20:08:09.006  5093  5258 I WindowManager: Reparenting to leash, surface=Surface(name=b5f1f1f com.whatsapp/com.whatsapp.home.ui.HomeActivity)/@0xc2b06cc, leashParent=Surface(name=ActivityRecord{dfa1510 u0 com.whatsapp/.home.ui.HomeActivity t35854})/@0x82c3d15
07-28 20:08:09.008  5093  5258 D WindowManager: makeSurface duration=1 leash=Surface(name=Surface(name=b5f1f1f com.whatsapp/com.whatsapp.home.ui.HomeActivity)/@0xc2b06cc - animation-leash of starting_reveal)/@0x180386
07-28 20:08:09.044  5093  5731 D WindowManager:         container=Task{e73260a #35854 type=standard A=10275:com.whatsapp U=0 visible=true mode=fullscreen translucent=false sz=1}
07-28 20:08:09.085  5093  5254 D WindowManager: rotationForOrientation, orientationSource=ActivityRecord{dfa1510 u0 com.whatsapp/.home.ui.HomeActivity t35854}
07-28 20:08:09.096  5093  5731 I WindowManager: Reparenting to leash, surface=Surface(name=a8d460a Splash Screen com.whatsapp)/@0xba78e0c, leashParent=Surface(name=ActivityRecord{dfa1510 u0 com.whatsapp/.home.ui.HomeActivity t35854})/@0x82c3d15
07-28 20:08:09.097  5093  5731 D WindowManager: makeSurface duration=1 leash=Surface(name=Surface(name=a8d460a Splash Screen com.whatsapp)/@0xba78e0c - animation-leash of window_animation)/@0x2a0916a
07-28 20:08:09.106  5093  5731 I WindowManager: Cancelling animation restarting=false, leash=Surface(name=Surface(name=b5f1f1f com.whatsapp/com.whatsapp.home.ui.HomeActivity)/@0xc2b06cc - animation-leash of starting_reveal)/@0x180386
07-28 20:08:09.107  5093  5731 I WindowManager: Reparenting to original parent: Surface(name=ActivityRecord{dfa1510 u0 com.whatsapp/.home.ui.HomeActivity t35854})/@0x82c3d15, destroy=false, surface=Surface(name=b5f1f1f com.whatsapp/com.whatsapp.home.ui.HomeActivity)/@0xc2b06cc
07-28 20:08:09.154  5093  5258 I WindowManager: Reparenting to original parent: Surface(name=ActivityRecord{dfa1510 u0 com.whatsapp/.home.ui.HomeActivity t35854})/@0x82c3d15, destroy=true, surface=Surface(name=a8d460a Splash Screen com.whatsapp)/@0xba78e0c
07-28 20:08:09.155  5093  5258 E WindowManager: win=Window{a8d460a u0 Splash Screen com.whatsapp EXITING} destroySurfaces: appStopped=false win.mWindowRemovalAllowed=true win.mRemoveOnExit=true win.mViewVisibility=8 caller=com.android.server.wm.ActivityRecord.destroySurfaces:5873 com.android.server.wm.ActivityRecord.destroySurfaces:5854 com.android.server.wm.WindowState.onExitAnimationDone:5992 com.android.server.wm.WindowStateAnimator.onAnimationFinished:242 com.android.server.wm.WindowState.onAnimationFinished:6245 com.android.server.wm.WindowContainer$$ExternalSyntheticLambda0.onAnimationFinished:2 com.android.server.wm.SurfaceAnimator.lambda$getFinishedCallback$0$SurfaceAnimator:113
07-28 20:08:09.155  5093  5258 I WindowManager: Destroying surface Surface(name=Splash Screen com.whatsapp$_5594)/@0xfae5a36 called by com.android.server.wm.WindowStateAnimator.destroySurface:987 com.android.server.wm.WindowStateAnimator.destroySurfaceLocked:518 com.android.server.wm.WindowState.destroySurfaceUnchecked:4246 com.android.server.wm.WindowState.destroySurface:4220 com.android.server.wm.ActivityRecord.destroySurfaces:5873 com.android.server.wm.ActivityRecord.destroySurfaces:5854 com.android.server.wm.WindowState.onExitAnimationDone:5992 com.android.server.wm.WindowStateAnimator.onAnimationFinished:242
07-28 20:08:09.179  5093  5254 D WindowManager: rotationForOrientation, orientationSource=ActivityRecord{dfa1510 u0 com.whatsapp/.home.ui.HomeActivity t35854}
07-28 20:08:09.324  5093  5641 D MdnieScenarioControlService:  packageName : com.whatsapp    className : com.whatsapp.home.ui.HomeActivity
07-28 20:08:09.530  5093 10648 D SGM:GameManager: identifyGamePackage. com.whatsapp, mCurrentUserId: 0, callerUserId: 0, callingMethodInfo: com.android.server.ssrm.SortingMachine.isGame(SortingMachine.java:162)
07-28 20:08:09.530  5093 10648 D SGM:PkgDataHelper: getGamePkgData(). com.whatsapp
07-28 20:08:09.533  5093  5731 D SamsungAlarmManager: setExact (T:2/F:5/AC:false) 20250728T201809 now=47301122 - CU:10275/CP:31181/OP:PendingIntent{230923c: PendingIntentRecord{1a4bbc5 com.whatsapp broadcastIntent}}
07-28 20:08:09.534  5093  7930 D SamsungAlarmManager: setInexact (T:3/F:0/AC:false) 20250728T200824 now=47301124 - CU:10275/CP:31181/OP:PendingIntent{3b8291a: PendingIntentRecord{60b9c4b com.whatsapp broadcastIntent}}
07-28 20:08:09.537  5093  7930 D SamsungAlarmManager: setExact (T:2/F:5/AC:false) 20250728T201809 now=47301126 - CU:10275/CP:31181/OP:PendingIntent{375b227: PendingIntentRecord{1a4bbc5 com.whatsapp broadcastIntent}}
07-28 20:08:09.574  5093  5257 D SGM:GameManager: identifyForegroundApp. com.whatsapp, mCurrentUserId: 0, callerUserId:0
07-28 20:08:09.574  5093  5257 D SGM:PkgDataHelper: getGamePkgData(). com.whatsapp
07-28 20:08:09.762  5093  8275 D SamsungAlarmManager: setExact (T:2/F:5/AC:false) 20250728T201809 now=47301351 - CU:10275/CP:31181/OP:PendingIntent{2580240: PendingIntentRecord{1a4bbc5 com.whatsapp broadcastIntent}}
07-28 20:08:09.998  5093  5254 D WindowManager: rotationForOrientation, orientationSource=ActivityRecord{dfa1510 u0 com.whatsapp/.home.ui.HomeActivity t35854}
07-28 20:08:10.100  5093  7930 D SamsungAlarmManager: setInexact (T:3/F:0/AC:false) 20250728T200825 now=47301689 - CU:10275/CP:31181/OP:PendingIntent{8748ab1: PendingIntentRecord{60b9c4b com.whatsapp broadcastIntent}}
07-28 20:08:10.640  5093  5254 D WindowManager: rotationForOrientation, orientationSource=ActivityRecord{dfa1510 u0 com.whatsapp/.home.ui.HomeActivity t35854}
07-28 20:08:11.116  5093  5254 D WindowManager: rotationForOrientation, orientationSource=ActivityRecord{dfa1510 u0 com.whatsapp/.home.ui.HomeActivity t35854}
07-28 20:08:11.475  5093  5254 D WindowManager: rotationForOrientation, orientationSource=ActivityRecord{dfa1510 u0 com.whatsapp/.home.ui.HomeActivity t35854}
07-28 20:08:11.656  5093  5254 D WindowManager: rotationForOrientation, orientationSource=ActivityRecord{dfa1510 u0 com.whatsapp/.home.ui.HomeActivity t35854}
07-28 20:08:11.716  5093  5254 D WindowManager: rotationForOrientation, orientationSource=ActivityRecord{dfa1510 u0 com.whatsapp/.home.ui.HomeActivity t35854}
07-28 20:08:11.840  5093  7914 D SamsungAlarmManager: setExact (T:2/F:5/AC:false) 20250728T201811 now=47303429 - CU:10275/CP:31181/OP:PendingIntent{51620ed: PendingIntentRecord{1a4bbc5 com.whatsapp broadcastIntent}}
07-28 20:08:11.840  5093  7930 D SamsungAlarmManager: Cancel Alarm calling from uid:10275 pid :31181 / OP:PendingIntent{cc26b22: PendingIntentRecord{60b9c4b com.whatsapp broadcastIntent}}
07-28 20:08:11.847  5093  7914 D SamsungAlarmManager: setExact (T:2/F:5/AC:false) 20250728T200843 now=47303437 - CU:10275/CP:31181/OP:PendingIntent{9b829b3: PendingIntentRecord{3907b70 com.whatsapp broadcastIntent}}
07-28 20:08:12.163  5093  7914 D SamsungAlarmManager: Cancel Alarm calling from uid:10275 pid :31181 / OP:PendingIntent{2c0dee9: PendingIntentRecord{3907b70 com.whatsapp broadcastIntent}}
07-28 20:08:12.167  5093  7914 D SamsungAlarmManager: setInexact (T:3/F:0/AC:false) 20250728T201212 now=47303757 - CU:10275/CP:31181/OP:PendingIntent{140176e: PendingIntentRecord{c81ae0f com.whatsapp broadcastIntent}}
07-28 20:08:12.257  5093  5254 D WindowManager: rotationForOrientation, orientationSource=ActivityRecord{dfa1510 u0 com.whatsapp/.home.ui.HomeActivity t35854}
07-28 20:08:13.158  5093  5731 I ActivityTaskManager: START u0 {flg=0x14000000 cmp=com.whatsapp/.Conversation (has extras)} from uid 10275
07-28 20:08:13.161  5093  5731 D ActivityTaskManager: TaskLaunchParamsModifier:task=null activity=ActivityRecord{7da3c7a u0 com.whatsapp/.Conversation display-area-from-source=DefaultTaskDisplayArea@92327914 display-id=0 display-windowing-mode=1 suggested-display-area=DefaultTaskDisplayArea@92327914
07-28 20:08:13.162  5093  5731 D ActivityTaskManager: TaskLaunchParamsModifier:task=Task{e73260a #35854 type=standard A=10275:com.whatsapp U=0 visible=true mode=fullscreen translucent=false sz=1} activity=ActivityRecord{7da3c7a u0 com.whatsapp/.Conversation t-1} display-area-from-source=DefaultTaskDisplayArea@92327914 display-id=0 display-windowing-mode=1 suggested-display-area=DefaultTaskDisplayArea@92327914 inherit-from-source=fullscreen activity-options-fullscreen=Rect(0,0 - 0, 0) non-freeform-display display-area=DefaultTaskDisplayArea@92327914 maximized-bounds
07-28 20:08:13.184  5093  5257 D SGM:GameManager: notePauseComponent(), received pkgName: com.whatsapp, userId: 0
07-28 20:08:13.184  5093  5731 D MARsPolicyManager: onPackageResumedFG pkgName = com.whatsapp, userId = 0
07-28 20:08:13.186  5093  5731 D WindowManager: rotationForOrientation, orientationSource=ActivityRecord{7da3c7a u0 com.whatsapp/.Conversation t35854}
07-28 20:08:13.186  5093  5731 D WindowManager: rotationForOrientation, orientationSource=ActivityRecord{7da3c7a u0 com.whatsapp/.Conversation t35854}
07-28 20:08:13.187  5093  5731 D WindowManager: rotationForOrientation, orientationSource=ActivityRecord{7da3c7a u0 com.whatsapp/.Conversation t35854}
07-28 20:08:13.188  5093  5731 D SGM:PkgDataHelper: notifyAppCreate(), pkgName: com.whatsapp, userId: 0, sendRet: true
07-28 20:08:13.188  5093  5426 D SGM:GameManager: onLooperPrepared(), msg: MSG_APP_CREATE, pkgName: com.whatsapp, userId: 0
07-28 20:08:13.191  5093  5731 V WindowManager: Changing focus from Window{b5f1f1f u0 com.whatsapp/com.whatsapp.home.ui.HomeActivity} to null displayId=0 Callers=com.android.server.wm.RootWindowContainer.updateFocusedWindowLocked:583 com.android.server.wm.WindowManagerService.updateFocusedWindowLocked:6497 com.android.server.wm.ActivityTaskManagerService.setResumedActivityUncheckLocked:5545 com.android.server.wm.Task.onActivityStateChanged:2912
07-28 20:08:13.200  5093  5257 D SGM:GameManager: noteResumeComponent(), received pkgName: com.whatsapp, userId: 0
07-28 20:08:13.200  5093  5426 D SGM:GameManager: onLooperPrepared(), msg: MSG_APP_RESUME, pkgName: com.whatsapp, userid: 0
07-28 20:08:13.200  5093  5257 I GameSDK@LifeCycle: noteResumeComponent(): package name  : com.whatsapp
07-28 20:08:13.418  5093  8275 D WindowManager: makeSurface duration=1 name=com.whatsapp/com.whatsapp.Conversation$_31181
07-28 20:08:13.420  5093  8275 V WindowManager: Changing focus from null to Window{6bfa646 u0 com.whatsapp/com.whatsapp.Conversation} displayId=0 Callers=com.android.server.wm.RootWindowContainer.updateFocusedWindowLocked:583 com.android.server.wm.WindowManagerService.updateFocusedWindowLocked:6497 com.android.server.wm.WindowManagerService.relayoutWindow:2770 com.android.server.wm.Session.relayout:242
07-28 20:08:13.421  5093  8275 D MARsPolicyManager: onPackageResumedFG pkgName = com.whatsapp, userId = 0
07-28 20:08:13.619  5093  5731 D WindowManager: finishDrawingWindow: Window{6bfa646 u0 com.whatsapp/com.whatsapp.Conversation} mDrawState=DRAW_PENDING
07-28 20:08:13.622  5093  5258 D WindowManager: prepareDimAnimOnAnimating owner = ActivityRecord{dfa1510 u0 com.whatsapp/.home.ui.HomeActivity t35854}
07-28 20:08:13.623  5093  5258 I WindowManager: Reparenting to leash, surface=Surface(name=ActivityRecord{dfa1510 u0 com.whatsapp/.home.ui.HomeActivity t35854})/@0x82c3d15, leashParent=Surface(name=Task=35854)/@0xbd26e0c
07-28 20:08:13.624  5093  5258 D WindowManager: makeSurface duration=1 leash=Surface(name=Surface(name=ActivityRecord{dfa1510 u0 com.whatsapp/.home.ui.HomeActivity t35854})/@0x82c3d15 - animation-leash of app_transition)/@0x54add15
07-28 20:08:13.624  5093  5258 D WindowManager: startDimAnimation owner = ActivityRecord{dfa1510 u0 com.whatsapp/.home.ui.HomeActivity t35854}
07-28 20:08:13.625  5093  5258 I WindowManager: Reparenting to leash, surface=Surface(name=Dim Layer for - ActivityRecord{dfa1510 u0 com.whatsapp/.home.ui.HomeActivity t35854} - animating-dim)/@0x37ab82a, leashParent=Surface(name=ActivityRecord{dfa1510 u0 com.whatsapp/.home.ui.HomeActivity t35854})/@0x82c3d15
07-28 20:08:13.625  5093  5258 D WindowManager: makeSurface duration=0 leash=Surface(name=Surface(name=Dim Layer for - ActivityRecord{dfa1510 u0 com.whatsapp/.home.ui.HomeActivity t35854} - animating-dim)/@0x37ab82a - animation-leash of dimmer)/@0x9d9661b
07-28 20:08:13.628  5093  5258 I WindowManager: Reparenting to leash, surface=Surface(name=ActivityRecord{7da3c7a u0 com.whatsapp/.Conversation t35854})/@0x89e2282, leashParent=Surface(name=Task=35854)/@0xbd26e0c
07-28 20:08:13.629  5093  5258 D WindowManager: makeSurface duration=1 leash=Surface(name=Surface(name=ActivityRecord{7da3c7a u0 com.whatsapp/.Conversation t35854})/@0x89e2282 - animation-leash of app_transition)/@0xc647d93
07-28 20:08:13.631  5093  5253 I Pageboost: Launch time gathered : pid 31181 com.whatsapp 474
07-28 20:08:13.641  5093  5731 D SamsungAlarmManager: setExact (T:2/F:5/AC:false) 20250728T201813 now=47305230 - CU:10275/CP:31181/OP:PendingIntent{7be71d0: PendingIntentRecord{1a4bbc5 com.whatsapp broadcastIntent}}
07-28 20:08:13.790  5093  5254 D WindowManager: rotationForOrientation, orientationSource=ActivityRecord{7da3c7a u0 com.whatsapp/.Conversation t35854}
07-28 20:08:13.827  5093  5258 I WindowManager: Reparenting to original parent: Surface(name=Task=35854)/@0xbd26e0c, destroy=true, surface=Surface(name=ActivityRecord{dfa1510 u0 com.whatsapp/.home.ui.HomeActivity t35854})/@0x82c3d15
07-28 20:08:13.828  5093  5258 D WindowManager: clearDimAnimation owner = ActivityRecord{dfa1510 u0 com.whatsapp/.home.ui.HomeActivity t35854}, caller=com.android.server.wm.WindowContainer.onAnimationLeashLost:3129 com.android.server.wm.ActivityRecord.onAnimationLeashLost:7903 com.android.server.wm.SurfaceAnimator.removeLeash:426
07-28 20:08:13.828  5093  5258 V WindowManager: Setting visibility of Window{b5f1f1f u0 com.whatsapp/com.whatsapp.home.ui.HomeActivity}: false, caller=com.android.server.wm.WindowContainer.sendAppVisibilityToClients:1110 com.android.server.wm.WindowToken.setClientVisible:448 com.android.server.wm.ActivityRecord.setClientVisible:7040 com.android.server.wm.ActivityRecord.onAnimationFinished:7927 com.android.server.wm.WindowContainer$$ExternalSyntheticLambda0.onAnimationFinished:2
07-28 20:08:13.829  5093  5258 I WindowManager: Reparenting to original parent: Surface(name=Task=35854)/@0xbd26e0c, destroy=true, surface=Surface(name=ActivityRecord{7da3c7a u0 com.whatsapp/.Conversation t35854})/@0x89e2282
07-28 20:08:13.883  5093  5731 D SamsungAlarmManager: setExact (T:2/F:5/AC:false) 20250728T201813 now=47305472 - CU:10275/CP:31181/OP:PendingIntent{1a51d7e: PendingIntentRecord{1a4bbc5 com.whatsapp broadcastIntent}}
07-28 20:08:13.900  5093  5731 E WindowManager: win=Window{b5f1f1f u0 com.whatsapp/com.whatsapp.home.ui.HomeActivity} destroySurfaces: appStopped=true win.mWindowRemovalAllowed=false win.mRemoveOnExit=false win.mViewVisibility=8 caller=com.android.server.wm.ActivityRecord.destroySurfaces:5873 com.android.server.wm.ActivityRecord.destroySurfaces:5854 com.android.server.wm.ActivityRecord.notifyAppStopped:5918 com.android.server.wm.ActivityRecord.activityStopped:6560 com.android.server.wm.ActivityClientController.activityStopped:254 android.app.IActivityClientController$Stub.onTransact:596 com.android.server.wm.ActivityClientController.onTransact:130
07-28 20:08:13.901  5093  5731 I WindowManager: Destroying surface Surface(name=com.whatsapp/com.whatsapp.home.ui.HomeActivity$_31181)/@0xfbe22df called by com.android.server.wm.WindowStateAnimator.destroySurface:987 com.android.server.wm.WindowStateAnimator.destroySurfaceLocked:518 com.android.server.wm.WindowState.destroySurfaceUnchecked:4246 com.android.server.wm.WindowState.destroySurface:4220 com.android.server.wm.ActivityRecord.destroySurfaces:5873 com.android.server.wm.ActivityRecord.destroySurfaces:5854 com.android.server.wm.ActivityRecord.notifyAppStopped:5918 com.android.server.wm.ActivityRecord.activityStopped:6560
07-28 20:08:13.942  5093  5258 I WindowManager: Reparenting to original parent: Surface(name=ActivityRecord{dfa1510 u0 com.whatsapp/.home.ui.HomeActivity t35854})/@0x82c3d15, destroy=true, surface=Surface(name=Dim Layer for - ActivityRecord{dfa1510 u0 com.whatsapp/.home.ui.HomeActivity t35854} - animating-dim)/@0x37ab82a
07-28 20:08:14.264  5093  5257 D SGM:GameManager: identifyForegroundApp. com.whatsapp, mCurrentUserId: 0, callerUserId:0
07-28 20:08:14.264  5093  5257 D SGM:PkgDataHelper: getGamePkgData(). com.whatsapp
07-28 20:08:14.408  5093  5254 D WindowManager: rotationForOrientation, orientationSource=ActivityRecord{7da3c7a u0 com.whatsapp/.Conversation t35854}
07-28 20:08:14.568  5093  5254 D WindowManager: rotationForOrientation, orientationSource=ActivityRecord{7da3c7a u0 com.whatsapp/.Conversation t35854}
07-28 20:08:14.954  5093  5254 D WindowManager: rotationForOrientation, orientationSource=ActivityRecord{7da3c7a u0 com.whatsapp/.Conversation t35854}
07-28 20:08:14.968  5093  5254 D WindowManager: rotationForOrientation, orientationSource=ActivityRecord{7da3c7a u0 com.whatsapp/.Conversation t35854}
07-28 20:08:15.281  5093  7914 D VibratorManagerService: vibrate - uid: 10275, opPkg: com.whatsapp, effect: Mono{mEffect=Composed{segments=[SemHaptic{mType=50124, mRepeat=-1, mMagnitude=-1, mMagnitudeType=TYPE_TOUCH}], repeat=-1, mMagnitudeType=TYPE_EXTRA}}, attrs: VibrationAttributes: Usage=TOUCH Audio Usage= USAGE_ASSISTANCE_SONIFICATION Flags=0, reason: null, token: android.os.Binder@49095b8
07-28 20:08:15.281  5093  7914 V VibratorManagerService: semDcHapticVibrate - package: com.whatsapp, reason: null, repeat: -1, token: android.os.Binder@49095b8, mag: 45, TYPE_TOUCH
07-28 20:08:15.407  5093  5254 D WindowManager: rotationForOrientation, orientationSource=ActivityRecord{7da3c7a u0 com.whatsapp/.Conversation t35854}
07-28 20:08:15.422  5093  5258 I WindowManager: Reparenting to leash, surface=Surface(name=fdd5e56 PopupWindow:bdea8e9)/@0xe084173, leashParent=Surface(name=6bfa646 com.whatsapp/com.whatsapp.Conversation)/@0xf671830
07-28 20:08:15.469  5093  5254 D WindowManager: rotationForOrientation, orientationSource=ActivityRecord{7da3c7a u0 com.whatsapp/.Conversation t35854}
07-28 20:08:15.547  5093  5258 I WindowManager: Reparenting to original parent: Surface(name=6bfa646 com.whatsapp/com.whatsapp.Conversation)/@0xf671830, destroy=true, surface=Surface(name=fdd5e56 PopupWindow:bdea8e9)/@0xe084173
07-28 20:08:15.646  5093  5254 D WindowManager: rotationForOrientation, orientationSource=ActivityRecord{7da3c7a u0 com.whatsapp/.Conversation t35854}
07-28 20:08:15.923  5093  5254 D WindowManager: rotationForOrientation, orientationSource=ActivityRecord{7da3c7a u0 com.whatsapp/.Conversation t35854}
07-28 20:08:16.207  5093  5254 D WindowManager: rotationForOrientation, orientationSource=ActivityRecord{7da3c7a u0 com.whatsapp/.Conversation t35854}
07-28 20:08:16.664  5093  5254 D WindowManager: rotationForOrientation, orientationSource=ActivityRecord{7da3c7a u0 com.whatsapp/.Conversation t35854}
07-28 20:08:16.843  5093  8275 D VibratorManagerService: vibrate - uid: 10275, opPkg: com.whatsapp, effect: Mono{mEffect=Composed{segments=[Step{amplitude=0.3137255, frequency=0.0, duration=30}], repeat=-1, mMagnitudeType=TYPE_EXTRA}}, attrs: VibrationAttributes: Usage=TOUCH Audio Usage= USAGE_UNKNOWN Flags=0, reason: null, token: android.os.BinderProxy@e38da65
07-28 20:08:16.964  5093  5254 D WindowManager: rotationForOrientation, orientationSource=ActivityRecord{7da3c7a u0 com.whatsapp/.Conversation t35854}
07-28 20:08:16.975  5093  8275 I WindowManager: Reparenting to leash, surface=Surface(name=fdd5e56 PopupWindow:bdea8e9)/@0xe084173, leashParent=Surface(name=6bfa646 com.whatsapp/com.whatsapp.Conversation)/@0xf671830
07-28 20:08:17.102  5093  5258 I WindowManager: Reparenting to original parent: Surface(name=6bfa646 com.whatsapp/com.whatsapp.Conversation)/@0xf671830, destroy=true, surface=Surface(name=fdd5e56 PopupWindow:bdea8e9)/@0xe084173
07-28 20:08:17.200  5093  8275 D SamsungAlarmManager: setExact (T:2/F:5/AC:false) 20250728T201817 now=47308789 - CU:10275/CP:31181/OP:PendingIntent{76fdbc7: PendingIntentRecord{1a4bbc5 com.whatsapp broadcastIntent}}
07-28 20:08:17.329  5093  5254 D WindowManager: rotationForOrientation, orientationSource=ActivityRecord{7da3c7a u0 com.whatsapp/.Conversation t35854}
07-28 20:08:17.570  5093  8275 D SamsungAlarmManager: setExact (T:2/F:5/AC:false) 20250728T201817 now=47309159 - CU:10275/CP:31181/OP:PendingIntent{28165f4: PendingIntentRecord{1a4bbc5 com.whatsapp broadcastIntent}}
07-28 20:08:17.929  5093  5257 D SGM:GameManager: notePauseComponent(), received pkgName: com.whatsapp, userId: 0
07-28 20:08:17.929  5093  5605 D MARsPolicyManager: onPackageResumedFG pkgName = com.whatsapp, userId = 0
07-28 20:08:17.931  5093  5605 V WindowManager: Setting visibility of Window{b5f1f1f u0 com.whatsapp/com.whatsapp.home.ui.HomeActivity}: true, caller=com.android.server.wm.WindowContainer.sendAppVisibilityToClients:1110 com.android.server.wm.WindowToken.setClientVisible:448 com.android.server.wm.ActivityRecord.setClientVisible:7040 com.android.server.wm.ActivityRecord.setVisibility:5455 com.android.server.wm.ActivityRecord.setVisibility:5350
07-28 20:08:17.935  5093  5605 V WindowManager: Changing focus from Window{6bfa646 u0 com.whatsapp/com.whatsapp.Conversation} to null displayId=0 Callers=com.android.server.wm.RootWindowContainer.updateFocusedWindowLocked:583 com.android.server.wm.WindowManagerService.updateFocusedWindowLocked:6497 com.android.server.wm.ActivityTaskManagerService.setResumedActivityUncheckLocked:5545 com.android.server.wm.Task.onActivityStateChanged:2912
07-28 20:08:17.938  5093  5605 D WindowManager: rotationForOrientation, orientationSource=ActivityRecord{dfa1510 u0 com.whatsapp/.home.ui.HomeActivity t35854}
07-28 20:08:17.938  5093  5605 D WindowManager: rotationForOrientation, orientationSource=ActivityRecord{dfa1510 u0 com.whatsapp/.home.ui.HomeActivity t35854}
07-28 20:08:17.939  5093  5605 D WindowManager: rotationForOrientation, orientationSource=ActivityRecord{dfa1510 u0 com.whatsapp/.home.ui.HomeActivity t35854}
07-28 20:08:17.947  5093  5257 D SGM:GameManager: noteResumeComponent(), received pkgName: com.whatsapp, userId: 0
07-28 20:08:17.948  5093  5426 D SGM:GameManager: onLooperPrepared(), msg: MSG_APP_RESUME, pkgName: com.whatsapp, userid: 0
07-28 20:08:17.948  5093  5257 I GameSDK@LifeCycle: noteResumeComponent(): package name  : com.whatsapp
07-28 20:08:17.971  5093  5605 D WindowManager: makeSurface duration=1 name=com.whatsapp/com.whatsapp.home.ui.HomeActivity$_31181
07-28 20:08:17.974  5093  5605 V WindowManager: Changing focus from null to Window{b5f1f1f u0 com.whatsapp/com.whatsapp.home.ui.HomeActivity} displayId=0 Callers=com.android.server.wm.RootWindowContainer.updateFocusedWindowLocked:583 com.android.server.wm.WindowManagerService.updateFocusedWindowLocked:6497 com.android.server.wm.WindowManagerService.relayoutWindow:2770 com.android.server.wm.Session.relayout:242
07-28 20:08:18.014  5093  5605 D WindowManager: finishDrawingWindow: Window{b5f1f1f u0 com.whatsapp/com.whatsapp.home.ui.HomeActivity} mDrawState=DRAW_PENDING
07-28 20:08:18.018  5093  5258 I WindowManager: Reparenting to leash, surface=Surface(name=ActivityRecord{7da3c7a u0 com.whatsapp/.Conversation t35854})/@0x89e2282, leashParent=Surface(name=Task=35854)/@0xbd26e0c
07-28 20:08:18.021  5093  5258 D WindowManager: makeSurface duration=2 leash=Surface(name=Surface(name=ActivityRecord{7da3c7a u0 com.whatsapp/.Conversation t35854})/@0x89e2282 - animation-leash of app_transition)/@0xc443424
07-28 20:08:18.023  5093  5258 I WindowManager: Reparenting to leash, surface=Surface(name=ActivityRecord{dfa1510 u0 com.whatsapp/.home.ui.HomeActivity t35854})/@0x82c3d15, leashParent=Surface(name=Task=35854)/@0xbd26e0c
07-28 20:08:18.024  5093  5258 D WindowManager: makeSurface duration=1 leash=Surface(name=Surface(name=ActivityRecord{dfa1510 u0 com.whatsapp/.home.ui.HomeActivity t35854})/@0x82c3d15 - animation-leash of app_transition)/@0xf1b7553
07-28 20:08:18.170  5093  5258 I WindowManager: Reparenting to original parent: Surface(name=Task=35854)/@0xbd26e0c, destroy=true, surface=Surface(name=ActivityRecord{7da3c7a u0 com.whatsapp/.Conversation t35854})/@0x89e2282
07-28 20:08:18.171  5093  5258 V WindowManager: Setting visibility of Window{6bfa646 u0 com.whatsapp/com.whatsapp.Conversation}: false, caller=com.android.server.wm.WindowContainer.sendAppVisibilityToClients:1110 com.android.server.wm.WindowToken.setClientVisible:448 com.android.server.wm.ActivityRecord.setClientVisible:7040 com.android.server.wm.ActivityRecord.onAnimationFinished:7927 com.android.server.wm.WindowContainer$$ExternalSyntheticLambda0.onAnimationFinished:2
07-28 20:08:18.171  5093  5258 I WindowManager: Reparenting to original parent: Surface(name=Task=35854)/@0xbd26e0c, destroy=true, surface=Surface(name=ActivityRecord{dfa1510 u0 com.whatsapp/.home.ui.HomeActivity t35854})/@0x82c3d15
07-28 20:08:18.242  5093  8275 I WindowManager: Destroying surface Surface(name=com.whatsapp/com.whatsapp.Conversation$_31181)/@0xdb4bac1 called by com.android.server.wm.WindowStateAnimator.destroySurface:987 com.android.server.wm.WindowStateAnimator.destroySurfaceLocked:518 com.android.server.wm.WindowState.removeImmediately:2960 com.android.server.wm.WindowState.removeIfPossible:3151 com.android.server.wm.WindowState.removeIfPossible:2984 com.android.server.wm.WindowManagerService.removeWindow:2266 com.android.server.wm.Session.remove:225 android.view.IWindowSession$Stub.onTransact:746
07-28 20:08:18.248  5093  7914 I ActivityTaskManager: Removing activity ActivityRecord{7da3c7a u0 com.whatsapp/.Conversation t35854 f}}(activityDestroyed)  from stack callers=com.android.server.wm.ActivityRecord.destroyed:4112 com.android.server.wm.ActivityClientController.activityDestroyed:288 android.app.IActivityClientController$Stub.onTransact:604 com.android.server.wm.ActivityClientController.onTransact:130 android.os.Binder.execTransactInternal:1220
07-28 20:08:18.588  5093  5257 D SGM:GameManager: identifyForegroundApp. com.whatsapp, mCurrentUserId: 0, callerUserId:0
07-28 20:08:18.588  5093  5257 D SGM:PkgDataHelper: getGamePkgData(). com.whatsapp
07-28 20:08:18.722  5093  5254 D WindowManager: rotationForOrientation, orientationSource=ActivityRecord{dfa1510 u0 com.whatsapp/.home.ui.HomeActivity t35854}
07-28 20:08:19.358  5093  5605 V WindowManager: Changing focus from Window{b5f1f1f u0 com.whatsapp/com.whatsapp.home.ui.HomeActivity} to null displayId=0 Callers=com.android.server.wm.RootWindowContainer.updateFocusedWindowLocked:583 com.android.server.wm.WindowManagerService.updateFocusedWindowLocked:6497 com.android.server.wm.ActivityTaskManagerService.setResumedActivityUncheckLocked:5545 com.android.server.wm.ActivityRecord.moveFocusableActivityToTop:3364
07-28 20:08:19.358  5093  5605 D MARsPolicyManager: onPackageResumedFG pkgName = com.whatsapp, userId = 0
07-28 20:08:19.413  5093  5257 D SGM:GameManager: notePauseComponent(), received pkgName: com.whatsapp, userId: 0
07-28 20:08:19.521  5093  5258 D WindowManager: createAnimationAdapter(): container=Task{e73260a #35854 type=standard A=10275:com.whatsapp U=0 visible=false mode=fullscreen translucent=true sz=1}
07-28 20:08:19.528  5093  5258 D WindowManager:         Add container=Task{e73260a #35854 type=standard A=10275:com.whatsapp U=0 visible=false mode=fullscreen translucent=true sz=1}
07-28 20:08:19.534  5093  5258 I WindowManager:   windowType=-1container=Task{e73260a #35854 type=standard A=10275:com.whatsapp U=0 visible=false mode=fullscreen translucent=true sz=1}
07-28 20:08:19.534  5093  5258 I WindowManager:   taskInfo=TaskInfo{userId=0 taskId=35854 displayId=0 isRunning=false baseIntent=Intent { act=android.intent.action.MAIN cat=[android.intent.category.LAUNCHER] flg=0x10000000 pkg=com.whatsappcmp=com.whatsapp/.Main } baseActivity=null topActivity=null origActivity=null realActivity=ComponentInfo{com.whatsapp/com.whatsapp.Main} numActivities=0 lastActiveTime=47310976 supportsSplitScreenMultiWindow=true supportsMultiWindow=true resizeMode=1 isResizeable=true token=WCT{RemoteToken{ad0bfee Task{e73260a #35854 type=standard A=10275:com.whatsapp U=0 visible=false mode=fullscreen translucent=true sz=1}}} topActivityType=1 pictureInPictureParams=null displayCutoutSafeInsets=Rect(0, 83 - 0, 0) topActivityInfo=null launchCookies=[] positionInParent=Point(0, 0) parentTaskId=-1 isFocused=false isVisible=false topActivityInSizeCompat=false locusId= null topLaunchHome=false launchSplitWindowingMode=0 isPairTask=false pairedTaskIds=[] pairWindowingMode=0 pairDockSide=0 isAnimatingByRecent=false originallySupportedSplitScreen=true isAnimatingFreeformToFullscreen=false topActivityInFixedAspectRatio=false isTopTransparentActivity=false}
07-28 20:08:19.676  5093  7930 V WindowManager: Setting visibility of Window{b5f1f1f u0 com.whatsapp/com.whatsapp.home.ui.HomeActivity}: false, caller=com.android.server.wm.WindowContainer.sendAppVisibilityToClients:1110 com.android.server.wm.WindowToken.setClientVisible:448 com.android.server.wm.ActivityRecord.setClientVisible:7040 com.android.server.wm.ActivityRecord.onAnimationFinished:7927 com.android.server.wm.WindowContainer.doAnimationFinished:3107
07-28 20:08:19.676  5093  7930 D WindowManager:         container=Task{e73260a #35854 type=standard A=10275:com.whatsapp U=0 visible=false mode=fullscreen translucent=true sz=1}
07-28 20:08:19.792  5093  8421 I WindowManager: Destroying surface Surface(name=com.whatsapp/com.whatsapp.home.ui.HomeActivity$_31181)/@0x3c5984c called by com.android.server.wm.WindowStateAnimator.destroySurface:987 com.android.server.wm.WindowStateAnimator.destroySurfaceLocked:518 com.android.server.wm.WindowState.removeImmediately:2960 com.android.server.wm.WindowState.removeIfPossible:3151 com.android.server.wm.WindowState.removeIfPossible:2984 com.android.server.wm.WindowManagerService.removeWindow:2266 com.android.server.wm.Session.remove:225 android.view.IWindowSession$Stub.onTransact:746
07-28 20:08:19.795  5093  7914 I ActivityTaskManager: Removing activity ActivityRecord{dfa1510 u0 com.whatsapp/.home.ui.HomeActivity t35854 f}}(activityDestroyed)  from stack callers=com.android.server.wm.ActivityRecord.destroyed:4112 com.android.server.wm.ActivityClientController.activityDestroyed:288 android.app.IActivityClientController$Stub.onTransact:604 com.android.server.wm.ActivityClientController.onTransact:130 android.os.Binder.execTransactInternal:1220
07-28 20:08:20.618  5093  5287 I PowerManagerService: [PWL]       PARTIAL_WAKE_LOCK              '*job*/com.whatsapp/androidx.work.impl.background.systemjob.SystemJobService' ACQ=-10s873ms (uid=1000 pid=5093 ws=WorkSource{10275} displayId=-1)
07-28 20:08:22.275  5093  5287 I PowerManagerService: [PWL]       PARTIAL_WAKE_LOCK              '*job*/com.whatsapp/androidx.work.impl.background.systemjob.SystemJobService' ACQ=-12s530ms (uid=1000 pid=5093 ws=WorkSource{10275} displayId=-1)
07-28 20:08:32.281  5093  5287 I PowerManagerService: [PWL]       PARTIAL_WAKE_LOCK              '*job*/com.whatsapp/androidx.work.impl.background.systemjob.SystemJobService' ACQ=-22s536ms (uid=1000 pid=5093 ws=WorkSource{10275} displayId=-1)
07-28 20:08:40.149  5093  5605 D SamsungAlarmManager: setInexact (T:3/F:0/AC:false) 20250728T201240 now=47331738 - CU:10275/CP:31181/OP:PendingIntent{544f557: PendingIntentRecord{c81ae0f com.whatsapp broadcastIntent}}
07-28 20:08:40.234  5093  7827 D SamsungAlarmManager: Cancel Alarm calling from uid:10275 pid :31181 / OP:PendingIntent{9672844: PendingIntentRecord{1a4bbc5 com.whatsapp broadcastIntent}}
07-28 20:08:40.242  5093  7827 D SamsungAlarmManager: Cancel Alarm calling from uid:10275 pid :31181 / OP:PendingIntent{7c90d2d: PendingIntentRecord{c81ae0f com.whatsapp broadcastIntent}}
07-28 20:09:29.868  5093  5269 W ActivityManager: Stopping service due to app idle: u0a275 -1m21s94ms com.whatsapp/.messaging.MessageService
07-28 20:09:58.823  5093  5282 D MARs:ActiveTrafficFilter: filter : com.whatsapp(0)
07-28 20:10:13.819  5093  5282 D MARs:ActiveTrafficFilter: filter : com.whatsapp(0)
07-28 20:10:28.902  5093  5282 D MARs:ActiveTrafficFilter: filter : com.whatsapp(0)
07-28 20:12:49.666  5093  5753 I ActivityTaskManager: START u0 {act=android.intent.action.MAIN cat=[android.intent.category.LAUNCHER] flg=0x10100000 pkg=com.whatsapp cmp=com.whatsapp/.Main} from uid 1000
07-28 20:12:49.667  5093  5753 D ActivityTaskManager: TaskLaunchParamsModifier:task=Task{e73260a #35854 type=standard A=10275:com.whatsapp U=0 visible=false mode=fullscreen translucent=true sz=0} activity=ActivityRecord{6175e16 u0 com.whatsapp/.Main display-from-option=0 display-id=0 display-windowing-mode=1 suggested-display-area=DefaultTaskDisplayArea@92327914
07-28 20:12:49.667  5093  5753 D ActivityTaskManager: TaskLaunchParamsModifier:task=Task{e73260a #35854 type=standard A=10275:com.whatsapp U=0 visible=false mode=fullscreen translucent=true sz=0} activity=ActivityRecord{6175e16 u0 com.whatsapp/.Main t-1} display-from-option=0 display-id=0 display-windowing-mode=1 suggested-display-area=DefaultTaskDisplayArea@92327914 non-freeform-display display-area=DefaultTaskDisplayArea@92327914 maximized-bounds
07-28 20:12:49.682  5594  5649 D StartingSurfaceDrawer: addSplashScreen com.whatsapp theme=7f150553 task=35854 suggestType=1
07-28 20:12:49.704  5093  8275 D MARsPolicyManager: onPackageResumedFG pkgName = com.whatsapp, userId = 0
07-28 20:12:49.705  5093  8275 D WindowManager: rotationForOrientation, orientationSource=ActivityRecord{6175e16 u0 com.whatsapp/.Main t35854}
07-28 20:12:49.705  5093  8275 D WindowManager: rotationForOrientation, orientationSource=ActivityRecord{6175e16 u0 com.whatsapp/.Main t35854}
07-28 20:12:49.709  5093  8275 D WindowManager: rotationForOrientation, orientationSource=ActivityRecord{6175e16 u0 com.whatsapp/.Main t35854}
07-28 20:12:49.711  5093  8275 D SGM:PkgDataHelper: notifyAppCreate(), pkgName: com.whatsapp, userId: 0, sendRet: true
07-28 20:12:49.711  5093  5426 D SGM:GameManager: onLooperPrepared(), msg: MSG_APP_CREATE, pkgName: com.whatsapp, userId: 0
07-28 20:12:49.713  5093  8275 D SGM:GameManager:   sendRunningComponentFocus(), pkgName: com.whatsapp, userId: 0
07-28 20:12:49.713  5093  5426 D SGM:GameManager: onLooperPrepared(), msg: MSG_TASK_FOCUSED, pkgName: com.whatsapp, userId: 0
07-28 20:12:49.713  5093  5426 D SGM:GameManager:   handleTaskFocused(), pkgName: com.whatsapp, userID:0
07-28 20:12:49.713  5093  5426 D SGM:GameManager:   handleResume(). pkgName: com.whatsapp, userId: 0, isTunableApp: null
07-28 20:12:49.713  5093  5426 D SGM:GameManager: notifyFocusInOut(). of pkg: com.whatsapp, type: 4, isMinimized: false, isTunableApp: false, userId: 0
07-28 20:12:49.719  5093  5425 V ActivityManager: Changed top to ProcessRecord{fd86a05 31181:com.whatsapp/u0a275}
07-28 20:12:49.720  5093  7827 D WindowManager: makeSurface duration=1 name=Splash Screen com.whatsapp$_5594
07-28 20:12:49.744  5093  5753 D WindowManager: finishDrawingWindow: Window{cbb19f0 u0 Splash Screen com.whatsapp} mDrawState=DRAW_PENDING
07-28 20:12:49.748  5093  5258 D WindowManager: createAnimationAdapter(): container=Task{e73260a #35854 type=standard A=10275:com.whatsapp U=0 visible=true mode=fullscreen translucent=false sz=1}
07-28 20:12:49.751  5093  5258 D WindowManager:         Add container=Task{e73260a #35854 type=standard A=10275:com.whatsapp U=0 visible=true mode=fullscreen translucent=false sz=1}
07-28 20:12:49.760  5093  5258 I WindowManager: container=Task{e73260a #35854 type=standard A=10275:com.whatsapp U=0 visible=true mode=fullscreen translucent=false sz=1}
07-28 20:12:49.760  5093  5258 I WindowManager:   taskInfo=TaskInfo{userId=0 taskId=35854 displayId=0 isRunning=true baseIntent=Intent { act=android.intent.action.MAIN cat=[android.intent.category.LAUNCHER] flg=0x10100000 pkg=com.whatsapp cmp=com.whatsapp/.Main } baseActivity=ComponentInfo{com.whatsapp/com.whatsapp.Main} topActivity=ComponentInfo{com.whatsapp/com.whatsapp.Main} origActivity=null realActivity=ComponentInfo{com.whatsapp/com.whatsapp.Main} numActivities=1 lastActiveTime=47581327 supportsSplitScreenMultiWindow=true supportsMultiWindow=true resizeMode=1 isResizeable=true token=WCT{RemoteToken{ad0bfee Task{e73260a #35854 type=standard A=10275:com.whatsapp U=0 visible=true mode=fullscreen translucent=false sz=1}}} topActivityType=1 pictureInPictureParams=PictureInPictureParams( aspectRatio=null sourceRectHint=null hasSetActions=false isAutoPipEnabled=false isSeamlessResizeEnabled=true) displayCutoutSafeInsets=Rect(0, 83 - 0, 0) topActivityInfo=ActivityInfo{929bbb4 com.whatsapp.Main} launchCookies=[] positionInParent=Point(0, 0) parentTaskId=-1 isFocused=false isVisible=true topActivityInSizeCompat=false locusId= null topLaunchHome=false launchSplitWindowingMode=0 isPairTask=false pairedTaskIds=[] pairWindowingMode=0 pairDockSide=0 isAnimatingByRecent=false originallySupportedSplitScreen=true isAnimatingFreeformToFullscreen=false topActivityInFixedAspectRatio=false isTopTransparentActivity=true}
07-28 20:12:49.763  5093  8275 I ActivityTaskManager: START u0 {cmp=com.whatsapp/.home.ui.HomeActivity (has extras)} from uid 10275
07-28 20:12:49.764  5093  8275 D ActivityTaskManager: TaskLaunchParamsModifier:task=null activity=ActivityRecord{cc5b52u0 com.whatsapp/.home.ui.HomeActivity display-area-from-source=DefaultTaskDisplayArea@92327914 display-id=0 display-windowing-mode=1 suggested-display-area=DefaultTaskDisplayArea@92327914
07-28 20:12:49.764  5093  8275 D ActivityTaskManager: TaskLaunchParamsModifier:task=Task{e73260a #35854 type=standard A=10275:com.whatsapp U=0 visible=true mode=fullscreen translucent=false sz=1} activity=ActivityRecord{cc5b52 u0 com.whatsapp/.home.ui.HomeActivity t-1} display-area-from-source=DefaultTaskDisplayArea@92327914 display-id=0 display-windowing-mode=1 suggested-display-area=DefaultTaskDisplayArea@92327914 inherit-from-source=fullscreen activity-options-fullscreen=Rect(0, 0 - 0, 0) non-freeform-display display-area=DefaultTaskDisplayArea@92327914 maximized-bounds
07-28 20:12:49.781  5093  5257 D SGM:GameManager: noteResumeComponent(), received pkgName: com.whatsapp, userId: 0
07-28 20:12:49.781  5093  5426 D SGM:GameManager: onLooperPrepared(), msg: MSG_APP_RESUME, pkgName: com.whatsapp, userid: 0
07-28 20:12:49.784  5093  5257 D SGM:GameManager: identifyGamePackage. com.whatsapp, mCurrentUserId: 0, callerUserId: 0, callingMethodInfo: com.android.server.ssrm.fgapps.GameAppUtils.isGame(GameAppUtils.java:84)
07-28 20:12:49.784  5093  5257 D SGM:PkgDataHelper: getGamePkgData(). com.whatsapp
07-28 20:12:49.784  5093  5257 D SGM:GameManager: identifyGamePackage. com.whatsapp, mCurrentUserId: 0, callerUserId: 0, callingMethodInfo: com.android.server.ssrm.SortingMachine.isGame(SortingMachine.java:162)
07-28 20:12:49.784  5093  5257 D SGM:PkgDataHelper: getGamePkgData(). com.whatsapp
07-28 20:12:49.785  5093  5410 D MARsPolicyManager: onPackageResumedFG pkgName = com.whatsapp, userId = 0
07-28 20:12:49.786  5093  5410 D WindowManager: rotationForOrientation, orientationSource=ActivityRecord{cc5b52 u0 com.whatsapp/.home.ui.HomeActivity t35854}
07-28 20:12:49.788  5093  5410 D SGM:PkgDataHelper: notifyAppCreate(), pkgName: com.whatsapp, userId: 0, sendRet: true
07-28 20:12:49.788  5093  5426 D SGM:GameManager: onLooperPrepared(), msg: MSG_APP_CREATE, pkgName: com.whatsapp, userId: 0
07-28 20:12:49.801  5093  5257 I GameSDK@LifeCycle: noteResumeComponent(): package name  : com.whatsapp
07-28 20:12:49.818  5093  5753 D SGM:GameManager: identifyGamePackage. com.whatsapp, mCurrentUserId: 0, callerUserId: 0, callingMethodInfo: com.samsung.android.game.IGameManagerService$Stub.onTransact(IGameManagerService.java:242)
07-28 20:12:49.818  5093  5753 D SGM:PkgDataHelper: getGamePkgData(). com.whatsapp
07-28 20:12:49.820  5093  5257 D SGM:GameManager: notePauseComponent(), received pkgName: com.whatsapp, userId: 0
07-28 20:12:49.828  5093  5753 D SGM:GameManager: identifyForegroundApp. com.whatsapp, mCurrentUserId: 0, callerUserId:0
07-28 20:12:49.828  5093  5753 D SGM:PkgDataHelper: getGamePkgData(). com.whatsapp
07-28 20:12:49.831  5093  5257 D SGM:GameManager: noteResumeComponent(), received pkgName: com.whatsapp, userId: 0
07-28 20:12:49.831  5093  5426 D SGM:GameManager: onLooperPrepared(), msg: MSG_APP_RESUME, pkgName: com.whatsapp, userid: 0
07-28 20:12:49.832  5093  5257 I GameSDK@LifeCycle: noteResumeComponent(): package name  : com.whatsapp
07-28 20:12:49.871  5093  5641 D MdnieScenarioControlService:  packageName : com.whatsapp    className : com.whatsapp.home.ui.HomeActivity
07-28 20:12:49.964  5093  7827 D WindowManager: makeSurface duration=2 name=com.whatsapp/com.whatsapp.home.ui.HomeActivity$_31181
07-28 20:12:49.966  5093  7827 V WindowManager: Changing focus from null to Window{f291e9b u0 com.whatsapp/com.whatsapp.home.ui.HomeActivity} displayId=0 Callers=com.android.server.wm.RootWindowContainer.updateFocusedWindowLocked:583 com.android.server.wm.WindowManagerService.updateFocusedWindowLocked:6497 com.android.server.wm.WindowManagerService.relayoutWindow:2770 com.android.server.wm.Session.relayout:242
07-28 20:12:49.966  5093  7827 D MARsPolicyManager: onPackageResumedFG pkgName = com.whatsapp, userId = 0
07-28 20:12:49.987  5093  6529 D WindowManager:         container=Task{e73260a #35854 type=standard A=10275:com.whatsapp U=0 visible=true mode=fullscreen translucent=false sz=2}
07-28 20:12:50.044  5093  5254 D WindowManager: rotationForOrientation, orientationSource=ActivityRecord{cc5b52 u0 com.whatsapp/.home.ui.HomeActivity t35854}
07-28 20:12:50.141  5093  5753 D WindowManager: finishDrawingWindow: Window{f291e9b u0 com.whatsapp/com.whatsapp.home.ui.HomeActivity} mDrawState=DRAW_PENDING
07-28 20:12:50.152  5093  5254 D WindowManager: rotationForOrientation, orientationSource=ActivityRecord{cc5b52 u0 com.whatsapp/.home.ui.HomeActivity t35854}
07-28 20:12:50.154  5093  5258 I WindowManager: Reparenting to leash, surface=Surface(name=f291e9b com.whatsapp/com.whatsapp.home.ui.HomeActivity)/@0xb352414, leashParent=Surface(name=ActivityRecord{cc5b52 u0 com.whatsapp/.home.ui.HomeActivity t35854})/@0x216a4bd
07-28 20:12:50.155  5093  5258 D WindowManager: makeSurface duration=1 leash=Surface(name=Surface(name=f291e9b com.whatsapp/com.whatsapp.home.ui.HomeActivity)/@0xb352414 - animation-leash of starting_reveal)/@0x103eab2
07-28 20:12:50.167  5093  5253 I Pageboost: Launch time gathered : pid 31181 com.whatsapp 483
