07-28 22:53:56.100  5093  7834 D SamsungAlarmManager: setExact (T:2/F:5/AC:false) 20250728T230356 now=57247689 - CU:10275/CP:1156/OP:PendingIntent{4012d73: PendingIntentRecord{f55eeaa com.whatsapp broadcastIntent}}
07-28 22:53:56.329  5093  7803 D WindowManager: makeSurface duration=2 name=com.whatsapp/com.whatsapp.home.ui.HomeActivity$_1156
07-28 22:53:56.337  5093  7803 V WindowManager: Changing focus from null to Window{4001c71 u0 com.whatsapp/com.whatsapp.home.ui.HomeActivity} displayId=0 Callers=com.android.server.wm.RootWindowContainer.updateFocusedWindowLocked:583 com.android.server.wm.WindowManagerService.updateFocusedWindowLocked:6497 com.android.server.wm.WindowManagerService.relayoutWindow:2770 com.android.server.wm.Session.relayout:242
07-28 22:53:56.337  5093  7803 D MARsPolicyManager: onPackageResumedFG pkgName = com.whatsapp, userId = 0
07-28 22:53:56.699  5093  7874 D WindowManager: finishDrawingWindow: Window{4001c71 u0 com.whatsapp/com.whatsapp.home.ui.HomeActivity} mDrawState=DRAW_PENDING
07-28 22:53:56.713  5093  5258 I WindowManager: Reparenting to leash, surface=Surface(name=4001c71 com.whatsapp/com.whatsapp.home.ui.HomeActivity)/@0x4a6b371, leashParent=Surface(name=ActivityRecord{aad21b u0 com.whatsapp/.home.ui.HomeActivity t35859})/@0xd0556
07-28 22:53:56.714  5093  5258 D WindowManager: makeSurface duration=1 leash=Surface(name=Surface(name=4001c71 com.whatsapp/com.whatsapp.home.ui.HomeActivity)/@0x4a6b371 - animation-leash of starting_reveal)/@0x3afa9d7
07-28 22:53:56.766  5093  7834 I WindowManager: Reparenting to leash, surface=Surface(name=d5418e6 Splash Screen com.whatsapp)/@0xa1dfb8, leashParent=Surface(name=ActivityRecord{aad21b u0 com.whatsapp/.home.ui.HomeActivity t35859})/@0xd0556
07-28 22:53:56.768  5093  7834 D WindowManager: makeSurface duration=1 leash=Surface(name=Surface(name=d5418e6 Splash Screen com.whatsapp)/@0xa1dfb8 - animation-leash of window_animation)/@0x4775fa9
07-28 22:53:56.772  5093  7834 I WindowManager: Cancelling animation restarting=false, leash=Surface(name=Surface(name=4001c71 com.whatsapp/com.whatsapp.home.ui.HomeActivity)/@0x4a6b371 - animation-leash of starting_reveal)/@0x3afa9d7
07-28 22:53:56.772  5093  7834 I WindowManager: Reparenting to original parent: Surface(name=ActivityRecord{aad21b u0 com.whatsapp/.home.ui.HomeActivity t35859})/@0xd0556, destroy=false, surface=Surface(name=4001c71 com.whatsapp/com.whatsapp.home.ui.HomeActivity)/@0x4a6b371
07-28 22:53:56.813  5093  5258 I WindowManager: Reparenting to original parent: Surface(name=ActivityRecord{aad21b u0 com.whatsapp/.home.ui.HomeActivity t35859})/@0xd0556, destroy=true, surface=Surface(name=d5418e6 Splash Screen com.whatsapp)/@0xa1dfb8
07-28 22:53:56.813  5093  5258 E WindowManager: win=Window{d5418e6 u0 Splash Screen com.whatsapp EXITING} destroySurfaces: appStopped=false win.mWindowRemovalAllowed=true win.mRemoveOnExit=true win.mViewVisibility=8 caller=com.android.server.wm.ActivityRecord.destroySurfaces:5873 com.android.server.wm.ActivityRecord.destroySurfaces:5854 com.android.server.wm.WindowState.onExitAnimationDone:5992 com.android.server.wm.WindowStateAnimator.onAnimationFinished:242 com.android.server.wm.WindowState.onAnimationFinished:6245 com.android.server.wm.WindowContainer$$ExternalSyntheticLambda0.onAnimationFinished:2 com.android.server.wm.SurfaceAnimator.lambda$getFinishedCallback$0$SurfaceAnimator:113
07-28 22:53:56.813  5093  5258 I WindowManager: Destroying surface Surface(name=Splash Screen com.whatsapp$_5594)/@0xd4cea3a called by com.android.server.wm.WindowStateAnimator.destroySurface:987 com.android.server.wm.WindowStateAnimator.destroySurfaceLocked:518 com.android.server.wm.WindowState.destroySurfaceUnchecked:4246 com.android.server.wm.WindowState.destroySurface:4220 com.android.server.wm.ActivityRecord.destroySurfaces:5873 com.android.server.wm.ActivityRecord.destroySurfaces:5854 com.android.server.wm.WindowState.onExitAnimationDone:5992 com.android.server.wm.WindowStateAnimator.onAnimationFinished:242
07-28 22:53:56.840  5093  5257 D SGM:GameManager: identifyForegroundApp. com.whatsapp, mCurrentUserId: 0, callerUserId:0
07-28 22:53:56.841  5093  5257 D SGM:PkgDataHelper: getGamePkgData(). com.whatsapp
07-28 22:53:56.901  5093  5253 I Pageboost: Launch time gathered : pid 1156 com.whatsapp 1231
07-28 22:53:56.906  5093  5641 D MdnieScenarioControlService:  packageName : com.whatsapp    className : com.whatsapp.home.ui.HomeActivity
07-28 22:53:56.950  5093  8421 I ActivityTaskManager: Removing activity ActivityRecord{653b636 u0 com.whatsapp/.Main t35859 f}}(activityDestroyed)  from stack callers=com.android.server.wm.ActivityRecord.destroyed:4112 com.android.server.wm.ActivityClientController.activityDestroyed:288 android.app.IActivityClientController$Stub.onTransact:604 com.android.server.wm.ActivityClientController.onTransact:130 android.os.Binder.execTransactInternal:1220
07-28 22:53:57.485  5093  5257 D SGM:GameManager: identifyForegroundApp. com.whatsapp, mCurrentUserId: 0, callerUserId:0
07-28 22:53:57.485  5093  5257 D SGM:PkgDataHelper: getGamePkgData(). com.whatsapp
07-28 22:53:59.058  5093  7803 D SamsungAlarmManager: Cancel Alarm calling from uid:10275 pid :1156 / OP:PendingIntent{13f7f3f: PendingIntentRecord{e6e24d2 com.whatsapp broadcastIntent}}
07-28 22:53:59.064  5093  5605 D SamsungAlarmManager: setExact (T:2/F:5/AC:false) 20250728T230359 now=57250654 - CU:10275/CP:1156/OP:PendingIntent{a88900c: PendingIntentRecord{f55eeaa com.whatsapp broadcastIntent}}
07-28 22:53:59.066  5093  7871 D SamsungAlarmManager: setExact (T:2/F:5/AC:false) 20250728T225431 now=57250655 - CU:10275/CP:1156/OP:PendingIntent{d512d55: PendingIntentRecord{c1e636a com.whatsapp broadcastIntent}}
07-28 22:53:59.216  5093  5605 I ActivityTaskManager: START u0 {flg=0x14000000 cmp=com.whatsapp/.Conversation (has extras)} from uid 10275
07-28 22:53:59.218  5093  5605 D ActivityTaskManager: TaskLaunchParamsModifier:task=null activity=ActivityRecord{134a0f8 u0 com.whatsapp/.Conversation display-area-from-source=DefaultTaskDisplayArea@92327914 display-id=0 display-windowing-mode=1 suggested-display-area=DefaultTaskDisplayArea@92327914
07-28 22:53:59.218  5093  5605 D ActivityTaskManager: TaskLaunchParamsModifier:task=Task{6ed3937 #35859 type=standard A=10275:com.whatsapp U=0 visible=true mode=fullscreen translucent=false sz=1} activity=ActivityRecord{134a0f8 u0 com.whatsapp/.Conversation t-1} display-area-from-source=DefaultTaskDisplayArea@92327914 display-id=0 display-windowing-mode=1 suggested-display-area=DefaultTaskDisplayArea@92327914 inherit-from-source=fullscreen activity-options-fullscreen=Rect(0,0 - 0, 0) non-freeform-display display-area=DefaultTaskDisplayArea@92327914 maximized-bounds
07-28 22:53:59.243  5093  7871 D MARsPolicyManager: onPackageResumedFG pkgName = com.whatsapp, userId = 0
07-28 22:53:59.243  5093  5257 D SGM:GameManager: notePauseComponent(), received pkgName: com.whatsapp, userId: 0
07-28 22:53:59.244  5093  7871 D WindowManager: rotationForOrientation, orientationSource=ActivityRecord{134a0f8 u0 com.whatsapp/.Conversation t35859}
07-28 22:53:59.245  5093  7871 D WindowManager: rotationForOrientation, orientationSource=ActivityRecord{134a0f8 u0 com.whatsapp/.Conversation t35859}
07-28 22:53:59.245  5093  7871 D WindowManager: rotationForOrientation, orientationSource=ActivityRecord{134a0f8 u0 com.whatsapp/.Conversation t35859}
07-28 22:53:59.246  5093  7871 D SGM:PkgDataHelper: notifyAppCreate(), pkgName: com.whatsapp, userId: 0, sendRet: true
07-28 22:53:59.248  5093  5426 D SGM:GameManager: onLooperPrepared(), msg: MSG_APP_CREATE, pkgName: com.whatsapp, userId: 0
07-28 22:53:59.249  5093  7871 V WindowManager: Changing focus from Window{4001c71 u0 com.whatsapp/com.whatsapp.home.ui.HomeActivity} to null displayId=0 Callers=com.android.server.wm.RootWindowContainer.updateFocusedWindowLocked:583 com.android.server.wm.WindowManagerService.updateFocusedWindowLocked:6497 com.android.server.wm.ActivityTaskManagerService.setResumedActivityUncheckLocked:5545 com.android.server.wm.Task.onActivityStateChanged:2912
07-28 22:53:59.262  5093  5257 D SGM:GameManager: noteResumeComponent(), received pkgName: com.whatsapp, userId: 0
07-28 22:53:59.262  5093  5426 D SGM:GameManager: onLooperPrepared(), msg: MSG_APP_RESUME, pkgName: com.whatsapp, userid: 0
07-28 22:53:59.262  5093  5257 I GameSDK@LifeCycle: noteResumeComponent(): package name  : com.whatsapp
07-28 22:53:59.345  5093  7803 D SamsungAlarmManager: Cancel Alarm calling from uid:10275 pid :1156 / OP:PendingIntent{872b20d: PendingIntentRecord{c1e636a com.whatsapp broadcastIntent}}
07-28 22:53:59.347  5093  7930 D SamsungAlarmManager: setInexact (T:3/F:0/AC:false) 20250728T225759 now=57250936 - CU:10275/CP:1156/OP:PendingIntent{e23f5c2: PendingIntentRecord{3cefd3 com.whatsapp broadcastIntent}}
07-28 22:53:59.454  5093  7930 D WindowManager: makeSurface duration=1 name=com.whatsapp/com.whatsapp.Conversation$_1156
07-28 22:53:59.457  5093  7930 V WindowManager: Changing focus from null to Window{e5cb62f u0 com.whatsapp/com.whatsapp.Conversation} displayId=0 Callers=com.android.server.wm.RootWindowContainer.updateFocusedWindowLocked:583 com.android.server.wm.WindowManagerService.updateFocusedWindowLocked:6497 com.android.server.wm.WindowManagerService.relayoutWindow:2770 com.android.server.wm.Session.relayout:242
07-28 22:53:59.457  5093  7930 D MARsPolicyManager: onPackageResumedFG pkgName = com.whatsapp, userId = 0
07-28 22:53:59.689  5093  7871 D WindowManager: finishDrawingWindow: Window{e5cb62f u0 com.whatsapp/com.whatsapp.Conversation} mDrawState=DRAW_PENDING
07-28 22:53:59.691  5093  5258 D WindowManager: prepareDimAnimOnAnimating owner = ActivityRecord{aad21b u0 com.whatsapp/.home.ui.HomeActivity t35859}
07-28 22:53:59.692  5093  5258 I WindowManager: Reparenting to leash, surface=Surface(name=ActivityRecord{aad21b u0 com.whatsapp/.home.ui.HomeActivity t35859})/@0xd0556, leashParent=Surface(name=Task=35859)/@0x752f36e
07-28 22:53:59.693  5093  5258 D WindowManager: makeSurface duration=0 leash=Surface(name=Surface(name=ActivityRecord{aad21b u0 com.whatsapp/.home.ui.HomeActivity t35859})/@0xd0556 - animation-leash of app_transition)/@0xbeddf79
07-28 22:53:59.693  5093  5258 D WindowManager: startDimAnimation owner = ActivityRecord{aad21b u0 com.whatsapp/.home.ui.HomeActivity t35859}
07-28 22:53:59.694  5093  5258 I WindowManager: Reparenting to leash, surface=Surface(name=Dim Layer for - ActivityRecord{aad21b u0 com.whatsapp/.home.ui.HomeActivity t35859} - animating-dim)/@0xef534be, leashParent=Surface(name=ActivityRecord{aad21b u0 com.whatsapp/.home.ui.HomeActivity t35859})/@0xd0556
07-28 22:53:59.695  5093  5258 D WindowManager: makeSurface duration=1 leash=Surface(name=Surface(name=Dim Layer for - ActivityRecord{aad21b u0 com.whatsapp/.home.ui.HomeActivity t35859} - animating-dim)/@0xef534be - animation-leash of dimmer)/@0xd6d891f
07-28 22:53:59.698  5093  5258 I WindowManager: Reparenting to leash, surface=Surface(name=ActivityRecord{134a0f8 u0 com.whatsapp/.Conversation t35859})/@0xdb11d96, leashParent=Surface(name=Task=35859)/@0x752f36e
07-28 22:53:59.699  5093  5258 D WindowManager: makeSurface duration=1 leash=Surface(name=Surface(name=ActivityRecord{134a0f8 u0 com.whatsapp/.Conversation t35859})/@0xdb11d96 - animation-leash of app_transition)/@0x3717d17
07-28 22:53:59.704  5093  5253 I Pageboost: Launch time gathered : pid 1156 com.whatsapp 486
07-28 22:53:59.707  5093  7930 D SamsungAlarmManager: setExact (T:2/F:5/AC:false) 20250728T230359 now=57251297 - CU:10275/CP:1156/OP:PendingIntent{2397504: PendingIntentRecord{f55eeaa com.whatsapp broadcastIntent}}
07-28 22:53:59.811  5093  7930 D SamsungAlarmManager: setExact (T:2/F:5/AC:false) 20250728T230359 now=57251400 - CU:10275/CP:1156/OP:PendingIntent{c08daa5: PendingIntentRecord{f55eeaa com.whatsapp broadcastIntent}}
07-28 22:53:59.900  5093  5258 I WindowManager: Reparenting to original parent: Surface(name=Task=35859)/@0x752f36e, destroy=true, surface=Surface(name=ActivityRecord{aad21b u0 com.whatsapp/.home.ui.HomeActivity t35859})/@0xd0556
07-28 22:53:59.901  5093  5258 D WindowManager: clearDimAnimation owner = ActivityRecord{aad21b u0 com.whatsapp/.home.ui.HomeActivity t35859}, caller=com.android.server.wm.WindowContainer.onAnimationLeashLost:3129 com.android.server.wm.ActivityRecord.onAnimationLeashLost:7903 com.android.server.wm.SurfaceAnimator.removeLeash:426
07-28 22:53:59.901  5093  5258 V WindowManager: Setting visibility of Window{4001c71 u0 com.whatsapp/com.whatsapp.home.ui.HomeActivity}: false, caller=com.android.server.wm.WindowContainer.sendAppVisibilityToClients:1110 com.android.server.wm.WindowToken.setClientVisible:448 com.android.server.wm.ActivityRecord.setClientVisible:7040 com.android.server.wm.ActivityRecord.onAnimationFinished:7927 com.android.server.wm.WindowContainer$$ExternalSyntheticLambda0.onAnimationFinished:2
07-28 22:53:59.901  5093  5258 I WindowManager: Reparenting to original parent: Surface(name=Task=35859)/@0x752f36e, destroy=true, surface=Surface(name=ActivityRecord{134a0f8 u0 com.whatsapp/.Conversation t35859})/@0xdb11d96
07-28 22:53:59.949  5093  7930 E WindowManager: win=Window{4001c71 u0 com.whatsapp/com.whatsapp.home.ui.HomeActivity} destroySurfaces: appStopped=true win.mWindowRemovalAllowed=false win.mRemoveOnExit=false win.mViewVisibility=8 caller=com.android.server.wm.ActivityRecord.destroySurfaces:5873 com.android.server.wm.ActivityRecord.destroySurfaces:5854 com.android.server.wm.ActivityRecord.notifyAppStopped:5918 com.android.server.wm.ActivityRecord.activityStopped:6560 com.android.server.wm.ActivityClientController.activityStopped:254 android.app.IActivityClientController$Stub.onTransact:596 com.android.server.wm.ActivityClientController.onTransact:130
07-28 22:53:59.950  5093  7930 I WindowManager: Destroying surface Surface(name=com.whatsapp/com.whatsapp.home.ui.HomeActivity$_1156)/@0x3bb31a6 called by com.android.server.wm.WindowStateAnimator.destroySurface:987 com.android.server.wm.WindowStateAnimator.destroySurfaceLocked:518 com.android.server.wm.WindowState.destroySurfaceUnchecked:4246 com.android.server.wm.WindowState.destroySurface:4220 com.android.server.wm.ActivityRecord.destroySurfaces:5873 com.android.server.wm.ActivityRecord.destroySurfaces:5854 com.android.server.wm.ActivityRecord.notifyAppStopped:5918 com.android.server.wm.ActivityRecord.activityStopped:6560
07-28 22:54:00.018  5093  5258 I WindowManager: Reparenting to original parent: Surface(name=ActivityRecord{aad21b u0 com.whatsapp/.home.ui.HomeActivity t35859})/@0xd0556, destroy=true, surface=Surface(name=Dim Layer for - ActivityRecord{aad21b u0 com.whatsapp/.home.ui.HomeActivity t35859} - animating-dim)/@0xef534be
07-28 22:54:00.272  5093  5257 D SGM:GameManager: identifyForegroundApp. com.whatsapp, mCurrentUserId: 0, callerUserId:0
07-28 22:54:00.272  5093  5257 D SGM:PkgDataHelper: getGamePkgData(). com.whatsapp
07-28 22:54:01.713  5093 10648 D SGM:GameManager: identifyGamePackage. com.whatsapp, mCurrentUserId: 0, callerUserId: 0, callingMethodInfo: com.android.server.ssrm.SortingMachine.isGame(SortingMachine.java:162)
07-28 22:54:01.714  5093 10648 D SGM:PkgDataHelper: getGamePkgData(). com.whatsapp
07-28 22:54:02.223  5093  5254 D WindowManager: rotationForOrientation, orientationSource=ActivityRecord{134a0f8 u0 com.whatsapp/.Conversation t35859}
07-28 22:54:02.436  5093  5254 D WindowManager: rotationForOrientation, orientationSource=ActivityRecord{134a0f8 u0 com.whatsapp/.Conversation t35859}
07-28 22:54:02.556  5093  5254 D WindowManager: rotationForOrientation, orientationSource=ActivityRecord{134a0f8 u0 com.whatsapp/.Conversation t35859}
07-28 22:54:02.655  5093  5254 D WindowManager: rotationForOrientation, orientationSource=ActivityRecord{134a0f8 u0 com.whatsapp/.Conversation t35859}
07-28 22:54:02.832  5093  6529 D InsetsSourceProvider: updateVisibility: serverVisible=true, clientVisible=true, source=InsetsSource: {mType=ITYPE_IME, mFrame=[0,1439][1080,2340], mVisible=true}, controlTarget=Window{e5cb62f u0 com.whatsapp/com.whatsapp.Conversation}, from=com.android.server.wm.ImeInsetsSourceProvider.updateVisibility:89 com.android.server.wm.InsetsSourceProvider.setClientVisible:415 com.android.server.wm.InsetsSourceProvider.updateClientVisibility:400 com.android.server.wm.InsetsStateController.onInsetsModified:508 com.android.server.wm.InsetsPolicy.onInsetsModified:477 com.android.server.wm.Session.insetsModified:704 android.view.IWindowSession$Stub.onTransact:1256 com.android.server.wm.Session.onTransact:176 android.os.Binder.execTransactInternal:1220 android.os.Binder.execTransact:1179
07-28 22:54:03.793  5093  5120 D SamsungAlarmManager: setExact (T:2/F:5/AC:false) 20250728T230403 now=57255383 - CU:10275/CP:1156/OP:PendingIntent{84b9229: PendingIntentRecord{f55eeaa com.whatsapp broadcastIntent}}
07-28 22:54:06.237  5093  8444 D SGM:GameManager: identifyForegroundApp. com.whatsapp, mCurrentUserId: 0, callerUserId:0
07-28 22:54:06.238  5093  8444 D SGM:PkgDataHelper: getGamePkgData(). com.whatsapp
07-28 22:54:13.816  5093  5731 D SamsungAlarmManager: setExact (T:2/F:5/AC:false) 20250728T230413 now=57265405 - CU:10275/CP:1156/OP:PendingIntent{3c4b654: PendingIntentRecord{f55eeaa com.whatsapp broadcastIntent}}
07-28 22:54:23.976  5093  7914 D SamsungAlarmManager: setExact (T:2/F:5/AC:false) 20250728T230423 now=57275565 - CU:10275/CP:1156/OP:PendingIntent{d94c599: PendingIntentRecord{f55eeaa com.whatsapp broadcastIntent}}
07-28 22:54:24.281  5093  7914 D InsetsSourceProvider: updateVisibility: serverVisible=true, clientVisible=false, source=InsetsSource: {mType=ITYPE_IME, mFrame=[0,1439][1080,2340], mVisible=false}, controlTarget=Window{e5cb62f u0 com.whatsapp/com.whatsapp.Conversation}, from=com.android.server.wm.ImeInsetsSourceProvider.updateVisibility:89 com.android.server.wm.InsetsSourceProvider.setClientVisible:415 com.android.server.wm.InsetsSourceProvider.updateClientVisibility:400 com.android.server.wm.InsetsStateController.onInsetsModified:508 com.android.server.wm.InsetsPolicy.onInsetsModified:477 com.android.server.wm.Session.insetsModified:704 android.view.IWindowSession$Stub.onTransact:1256 com.android.server.wm.Session.onTransact:176 android.os.Binder.execTransactInternal:1220 android.os.Binder.execTransact:1179
07-28 22:54:24.448  5093  5257 D SGM:GameManager: notePauseComponent(), received pkgName: com.whatsapp, userId: 0
07-28 22:54:24.448  5093  6529 D MARsPolicyManager: onPackageResumedFG pkgName = com.whatsapp, userId = 0
07-28 22:54:24.450  5093  6529 V WindowManager: Setting visibility of Window{4001c71 u0 com.whatsapp/com.whatsapp.home.ui.HomeActivity}: true, caller=com.android.server.wm.WindowContainer.sendAppVisibilityToClients:1110 com.android.server.wm.WindowToken.setClientVisible:448 com.android.server.wm.ActivityRecord.setClientVisible:7040 com.android.server.wm.ActivityRecord.setVisibility:5455 com.android.server.wm.ActivityRecord.setVisibility:5350
07-28 22:54:24.453  5093  6529 V WindowManager: Changing focus from Window{e5cb62f u0 com.whatsapp/com.whatsapp.Conversation} to null displayId=0 Callers=com.android.server.wm.RootWindowContainer.updateFocusedWindowLocked:583 com.android.server.wm.WindowManagerService.updateFocusedWindowLocked:6497 com.android.server.wm.ActivityTaskManagerService.setResumedActivityUncheckLocked:5545 com.android.server.wm.Task.onActivityStateChanged:2912
07-28 22:54:24.456  5093  6529 D WindowManager: rotationForOrientation, orientationSource=ActivityRecord{aad21b u0 com.whatsapp/.home.ui.HomeActivity t35859}
07-28 22:54:24.456  5093  6529 D WindowManager: rotationForOrientation, orientationSource=ActivityRecord{aad21b u0 com.whatsapp/.home.ui.HomeActivity t35859}
07-28 22:54:24.458  5093  6529 D WindowManager: rotationForOrientation, orientationSource=ActivityRecord{aad21b u0 com.whatsapp/.home.ui.HomeActivity t35859}
07-28 22:54:24.473  5093  5257 D SGM:GameManager: noteResumeComponent(), received pkgName: com.whatsapp, userId: 0
07-28 22:54:24.473  5093  5426 D SGM:GameManager: onLooperPrepared(), msg: MSG_APP_RESUME, pkgName: com.whatsapp, userid: 0
07-28 22:54:24.473  5093  5257 I GameSDK@LifeCycle: noteResumeComponent(): package name  : com.whatsapp
07-28 22:54:24.497  5093  5731 D WindowManager: makeSurface duration=1 name=com.whatsapp/com.whatsapp.home.ui.HomeActivity$_1156
07-28 22:54:24.499  5093  5731 V WindowManager: Changing focus from null to Window{4001c71 u0 com.whatsapp/com.whatsapp.home.ui.HomeActivity} displayId=0 Callers=com.android.server.wm.RootWindowContainer.updateFocusedWindowLocked:583 com.android.server.wm.WindowManagerService.updateFocusedWindowLocked:6497 com.android.server.wm.WindowManagerService.relayoutWindow:2770 com.android.server.wm.Session.relayout:242
07-28 22:54:24.546  5093  7852 D WindowManager: finishDrawingWindow: Window{4001c71 u0 com.whatsapp/com.whatsapp.home.ui.HomeActivity} mDrawState=DRAW_PENDING
07-28 22:54:24.549  5093  5258 I WindowManager: Reparenting to leash, surface=Surface(name=ActivityRecord{134a0f8 u0 com.whatsapp/.Conversation t35859})/@0xdb11d96, leashParent=Surface(name=Task=35859)/@0x752f36e
07-28 22:54:24.550  5093  5258 D WindowManager: makeSurface duration=1 leash=Surface(name=Surface(name=ActivityRecord{134a0f8 u0 com.whatsapp/.Conversation t35859})/@0xdb11d96 - animation-leash of app_transition)/@0xd100c1a
07-28 22:54:24.554  5093  5258 I WindowManager: Reparenting to leash, surface=Surface(name=ActivityRecord{aad21b u0 com.whatsapp/.home.ui.HomeActivity t35859})/@0xd0556, leashParent=Surface(name=Task=35859)/@0x752f36e
07-28 22:54:24.560  5093  5258 D WindowManager: makeSurface duration=7 leash=Surface(name=Surface(name=ActivityRecord{aad21b u0 com.whatsapp/.home.ui.HomeActivity t35859})/@0xd0556 - animation-leash of app_transition)/@0x4f1ce41
07-28 22:54:24.699  5093  5258 I WindowManager: Reparenting to original parent: Surface(name=Task=35859)/@0x752f36e, destroy=true, surface=Surface(name=ActivityRecord{134a0f8 u0 com.whatsapp/.Conversation t35859})/@0xdb11d96
07-28 22:54:24.700  5093  5258 V WindowManager: Setting visibility of Window{e5cb62f u0 com.whatsapp/com.whatsapp.Conversation}: false, caller=com.android.server.wm.WindowContainer.sendAppVisibilityToClients:1110 com.android.server.wm.WindowToken.setClientVisible:448 com.android.server.wm.ActivityRecord.setClientVisible:7040 com.android.server.wm.ActivityRecord.onAnimationFinished:7927 com.android.server.wm.WindowContainer$$ExternalSyntheticLambda0.onAnimationFinished:2
07-28 22:54:24.701  5093  5258 I WindowManager: Reparenting to original parent: Surface(name=Task=35859)/@0x752f36e, destroy=true, surface=Surface(name=ActivityRecord{aad21b u0 com.whatsapp/.home.ui.HomeActivity t35859})/@0xd0556
07-28 22:54:24.770  5093  5410 I WindowManager: Destroying surface Surface(name=com.whatsapp/com.whatsapp.Conversation$_1156)/@0x16a2d6c called by com.android.server.wm.WindowStateAnimator.destroySurface:987 com.android.server.wm.WindowStateAnimator.destroySurfaceLocked:518 com.android.server.wm.WindowState.removeImmediately:2960 com.android.server.wm.WindowState.removeIfPossible:3151 com.android.server.wm.WindowState.removeIfPossible:2984 com.android.server.wm.WindowManagerService.removeWindow:2266 com.android.server.wm.Session.remove:225 android.view.IWindowSession$Stub.onTransact:746
07-28 22:54:24.775  5093  5572 I ActivityTaskManager: Removing activity ActivityRecord{134a0f8 u0 com.whatsapp/.Conversation t35859 f}}(activityDestroyed)  from stack callers=com.android.server.wm.ActivityRecord.destroyed:4112 com.android.server.wm.ActivityClientController.activityDestroyed:288 android.app.IActivityClientController$Stub.onTransact:604 com.android.server.wm.ActivityClientController.onTransact:130 android.os.Binder.execTransactInternal:1220
07-28 22:54:25.125  5093  5257 D SGM:GameManager: identifyForegroundApp. com.whatsapp, mCurrentUserId: 0, callerUserId:0
07-28 22:54:25.125  5093  5257 D SGM:PkgDataHelper: getGamePkgData(). com.whatsapp
07-28 22:54:26.794  5093  5753 I ActivityTaskManager: START u0 {cmp=com.whatsapp/.contact.ui.quickcontact.QuickContactActivity bnds=[26,532][162,668] (has extras)} from uid 10275
07-28 22:54:26.795  5093  5753 D ActivityTaskManager: TaskLaunchParamsModifier:task=null activity=ActivityRecord{407b670 u0 com.whatsapp/.contact.ui.quickcontact.QuickContactActivity display-area-from-source=DefaultTaskDisplayArea@92327914display-id=0 display-windowing-mode=1 suggested-display-area=DefaultTaskDisplayArea@92327914
07-28 22:54:26.796  5093  5753 D ActivityTaskManager: TaskLaunchParamsModifier:task=Task{6ed3937 #35859 type=standard A=10275:com.whatsapp U=0 visible=true mode=fullscreen translucent=false sz=1} activity=ActivityRecord{407b670 u0 com.whatsapp/.contact.ui.quickcontact.QuickContactActivity t-1} display-area-from-source=DefaultTaskDisplayArea@92327914 display-id=0 display-windowing-mode=1 suggested-display-area=DefaultTaskDisplayArea@92327914 inherit-from-source=fullscreen activity-options-fullscreen=Rect(0, 0 - 0, 0) non-freeform-display display-area=DefaultTaskDisplayArea@92327914 maximized-bounds
07-28 22:54:26.809  5093  5257 D SGM:GameManager: notePauseComponent(), received pkgName: com.whatsapp, userId: 0
07-28 22:54:26.809  5093  8421 D MARsPolicyManager: onPackageResumedFG pkgName = com.whatsapp, userId = 0
07-28 22:54:26.811  5093  8421 D WindowManager: rotationForOrientation, orientationSource=ActivityRecord{aad21b u0 com.whatsapp/.home.ui.HomeActivity t35859}
07-28 22:54:26.812  5093  8421 D SGM:PkgDataHelper: notifyAppCreate(), pkgName: com.whatsapp, userId: 0, sendRet: true
07-28 22:54:26.812  5093  5426 D SGM:GameManager: onLooperPrepared(), msg: MSG_APP_CREATE, pkgName: com.whatsapp, userId: 0
07-28 22:54:26.813  5093  8421 V WindowManager: Changing focus from Window{4001c71 u0 com.whatsapp/com.whatsapp.home.ui.HomeActivity} to null displayId=0 Callers=com.android.server.wm.RootWindowContainer.updateFocusedWindowLocked:583 com.android.server.wm.WindowManagerService.updateFocusedWindowLocked:6497 com.android.server.wm.ActivityTaskManagerService.setResumedActivityUncheckLocked:5545 com.android.server.wm.Task.onActivityStateChanged:2912
07-28 22:54:26.819  5093  5257 D SGM:GameManager: noteResumeComponent(), received pkgName: com.whatsapp, userId: 0
07-28 22:54:26.819  5093  5426 D SGM:GameManager: onLooperPrepared(), msg: MSG_APP_RESUME, pkgName: com.whatsapp, userid: 0
07-28 22:54:26.820  5093  5257 I GameSDK@LifeCycle: noteResumeComponent(): package name  : com.whatsapp
07-28 22:54:26.891  5093  8421 D WindowManager: makeSurface duration=1 name=com.whatsapp/com.whatsapp.contact.ui.quickcontact.QuickContactActivity$_1156
07-28 22:54:26.893  5093  8421 V WindowManager: Changing focus from null to Window{f22650f u0 com.whatsapp/com.whatsapp.contact.ui.quickcontact.QuickContactActivity} displayId=0 Callers=com.android.server.wm.RootWindowContainer.updateFocusedWindowLocked:583 com.android.server.wm.WindowManagerService.updateFocusedWindowLocked:6497 com.android.server.wm.WindowManagerService.relayoutWindow:2770 com.android.server.wm.Session.relayout:242
07-28 22:54:26.911  5093  8421 D WindowManager: finishDrawingWindow: Window{f22650f u0 com.whatsapp/com.whatsapp.contact.ui.quickcontact.QuickContactActivity} mDrawState=DRAW_PENDING
07-28 22:54:26.915  5093  5253 I Pageboost: Launch time gathered : pid 1156 com.whatsapp 121
07-28 22:54:27.277  5093  5257 D SGM:GameManager: notePauseComponent(), received pkgName: com.whatsapp, userId: 0
07-28 22:54:27.277  5093  8275 D MARsPolicyManager: onPackageResumedFG pkgName = com.whatsapp, userId = 0
07-28 22:54:27.279  5093  8275 V WindowManager: Changing focus from Window{f22650f u0 com.whatsapp/com.whatsapp.contact.ui.quickcontact.QuickContactActivity} to Window{4001c71 u0 com.whatsapp/com.whatsapp.home.ui.HomeActivity} displayId=0 Callers=com.android.server.wm.RootWindowContainer.updateFocusedWindowLocked:583 com.android.server.wm.WindowManagerService.updateFocusedWindowLocked:6497 com.android.server.wm.ActivityTaskManagerService.setResumedActivityUncheckLocked:5545 com.android.server.wm.Task.onActivityStateChanged:2912
07-28 22:54:27.284  5093  8275 D WindowManager: rotationForOrientation, orientationSource=ActivityRecord{aad21b u0 com.whatsapp/.home.ui.HomeActivity t35859}
07-28 22:54:27.292  5093  8275 V WindowManager: Setting visibility of Window{f22650f u0 com.whatsapp/com.whatsapp.contact.ui.quickcontact.QuickContactActivity}: false, caller=com.android.server.wm.WindowContainer.sendAppVisibilityToClients:1110 com.android.server.wm.WindowToken.setClientVisible:448 com.android.server.wm.ActivityRecord.setClientVisible:7040 com.android.server.wm.ActivityRecord.onAnimationFinished:7927 com.android.server.wm.ActivityRecord.postApplyAnimation:5604
07-28 22:54:27.303  5093  5257 D SGM:GameManager: noteResumeComponent(), received pkgName: com.whatsapp, userId: 0
07-28 22:54:27.303  5093  5426 D SGM:GameManager: onLooperPrepared(), msg: MSG_APP_RESUME, pkgName: com.whatsapp, userid: 0
07-28 22:54:27.304  5093  5257 I GameSDK@LifeCycle: noteResumeComponent(): package name  : com.whatsapp
07-28 22:54:27.336  5093  7871 I WindowManager: Destroying surface Surface(name=com.whatsapp/com.whatsapp.contact.ui.quickcontact.QuickContactActivity$_1156)/@0x6d9ba0 called by com.android.server.wm.WindowStateAnimator.destroySurface:987 com.android.server.wm.WindowStateAnimator.destroySurfaceLocked:518 com.android.server.wm.WindowState.removeImmediately:2960 com.android.server.wm.WindowState.removeIfPossible:3151 com.android.server.wm.WindowState.removeIfPossible:2984 com.android.server.wm.WindowManagerService.removeWindow:2266 com.android.server.wm.Session.remove:225 android.view.IWindowSession$Stub.onTransact:746
07-28 22:54:27.339  5093  7871 I ActivityTaskManager: Removing activity ActivityRecord{407b670 u0 com.whatsapp/.contact.ui.quickcontact.QuickContactActivity t35859 f}}(activityDestroyed)  from stack callers=com.android.server.wm.ActivityRecord.destroyed:4112 com.android.server.wm.ActivityClientController.activityDestroyed:288 android.app.IActivityClientController$Stub.onTransact:604 com.android.server.wm.ActivityClientController.onTransact:130 android.os.Binder.execTransactInternal:1220
07-28 22:54:27.782  5093  5257 D SGM:GameManager: identifyForegroundApp. com.whatsapp, mCurrentUserId: 0, callerUserId:0
07-28 22:54:27.782  5093  5257 D SGM:PkgDataHelper: getGamePkgData(). com.whatsapp
07-28 22:54:27.960  5093  7871 I ActivityTaskManager: START u0 {cmp=com.whatsapp/.contact.ui.quickcontact.QuickContactActivity bnds=[26,532][162,668] (has extras)} from uid 10275
07-28 22:54:27.960  5093  7871 D ActivityTaskManager: TaskLaunchParamsModifier:task=null activity=ActivityRecord{3a0d1cc u0 com.whatsapp/.contact.ui.quickcontact.QuickContactActivity display-area-from-source=DefaultTaskDisplayArea@92327914display-id=0 display-windowing-mode=1 suggested-display-area=DefaultTaskDisplayArea@92327914
07-28 22:54:27.961  5093  7871 D ActivityTaskManager: TaskLaunchParamsModifier:task=Task{6ed3937 #35859 type=standard A=10275:com.whatsapp U=0 visible=true mode=fullscreen translucent=false sz=1} activity=ActivityRecord{3a0d1cc u0 com.whatsapp/.contact.ui.quickcontact.QuickContactActivity t-1} display-area-from-source=DefaultTaskDisplayArea@92327914 display-id=0 display-windowing-mode=1 suggested-display-area=DefaultTaskDisplayArea@92327914 inherit-from-source=fullscreen activity-options-fullscreen=Rect(0, 0 - 0, 0) non-freeform-display display-area=DefaultTaskDisplayArea@92327914 maximized-bounds
07-28 22:54:27.972  5093  5257 D SGM:GameManager: notePauseComponent(), received pkgName: com.whatsapp, userId: 0
07-28 22:54:27.972  5093  7871 D MARsPolicyManager: onPackageResumedFG pkgName = com.whatsapp, userId = 0
07-28 22:54:27.973  5093  7871 D WindowManager: rotationForOrientation, orientationSource=ActivityRecord{aad21b u0 com.whatsapp/.home.ui.HomeActivity t35859}
07-28 22:54:27.974  5093  7871 D SGM:PkgDataHelper: notifyAppCreate(), pkgName: com.whatsapp, userId: 0, sendRet: true
07-28 22:54:27.974  5093  5426 D SGM:GameManager: onLooperPrepared(), msg: MSG_APP_CREATE, pkgName: com.whatsapp, userId: 0
07-28 22:54:27.975  5093  7871 V WindowManager: Changing focus from Window{4001c71 u0 com.whatsapp/com.whatsapp.home.ui.HomeActivity} to null displayId=0 Callers=com.android.server.wm.RootWindowContainer.updateFocusedWindowLocked:583 com.android.server.wm.WindowManagerService.updateFocusedWindowLocked:6497 com.android.server.wm.ActivityTaskManagerService.setResumedActivityUncheckLocked:5545 com.android.server.wm.Task.onActivityStateChanged:2912
07-28 22:54:27.981  5093  5257 D SGM:GameManager: noteResumeComponent(), received pkgName: com.whatsapp, userId: 0
07-28 22:54:27.981  5093  5426 D SGM:GameManager: onLooperPrepared(), msg: MSG_APP_RESUME, pkgName: com.whatsapp, userid: 0
07-28 22:54:27.981  5093  5257 I GameSDK@LifeCycle: noteResumeComponent(): package name  : com.whatsapp
07-28 22:54:28.025  5093  7871 D WindowManager: makeSurface duration=1 name=com.whatsapp/com.whatsapp.contact.ui.quickcontact.QuickContactActivity$_1156
07-28 22:54:28.027  5093  7871 V WindowManager: Changing focus from null to Window{2664d1b u0 com.whatsapp/com.whatsapp.contact.ui.quickcontact.QuickContactActivity} displayId=0 Callers=com.android.server.wm.RootWindowContainer.updateFocusedWindowLocked:583 com.android.server.wm.WindowManagerService.updateFocusedWindowLocked:6497 com.android.server.wm.WindowManagerService.relayoutWindow:2770 com.android.server.wm.Session.relayout:242
07-28 22:54:28.042  5093  8421 D WindowManager: finishDrawingWindow: Window{2664d1b u0 com.whatsapp/com.whatsapp.contact.ui.quickcontact.QuickContactActivity} mDrawState=DRAW_PENDING
07-28 22:54:28.045  5093  5253 I Pageboost: Launch time gathered : pid 1156 com.whatsapp 84
07-28 22:54:28.475  5093  8275 I ActivityTaskManager: START u0 {cmp=com.whatsapp/.profile.ViewProfilePhoto (has extras)} from uid 10275
07-28 22:54:28.476  5093  8275 D ActivityTaskManager: TaskLaunchParamsModifier:task=null activity=ActivityRecord{ec74493 u0 com.whatsapp/.profile.ViewProfilePhoto display-area-from-source=DefaultTaskDisplayArea@92327914 display-id=0 display-windowing-mode=1 suggested-display-area=DefaultTaskDisplayArea@92327914
07-28 22:54:28.477  5093  8275 D ActivityTaskManager: TaskLaunchParamsModifier:task=Task{6ed3937 #35859 type=standard A=10275:com.whatsapp U=0 visible=true mode=fullscreen translucent=false sz=2} activity=ActivityRecord{ec74493 u0 com.whatsapp/.profile.ViewProfilePhoto t-1} display-area-from-source=DefaultTaskDisplayArea@92327914 display-id=0 display-windowing-mode=1 suggested-display-area=DefaultTaskDisplayArea@92327914 inherit-from-source=fullscreen activity-options-fullscreen=Rect(0, 0 - 0, 0) non-freeform-display display-area=DefaultTaskDisplayArea@92327914 maximized-bounds
07-28 22:54:28.489  5093  5257 D SGM:GameManager: notePauseComponent(), received pkgName: com.whatsapp, userId: 0
07-28 22:54:28.489  5093  8275 D MARsPolicyManager: onPackageResumedFG pkgName = com.whatsapp, userId = 0
07-28 22:54:28.490  5093  8275 D WindowManager: rotationForOrientation, orientationSource=ActivityRecord{aad21b u0 com.whatsapp/.home.ui.HomeActivity t35859}
07-28 22:54:28.491  5093  8275 D SGM:PkgDataHelper: notifyAppCreate(), pkgName: com.whatsapp, userId: 0, sendRet: true
07-28 22:54:28.491  5093  5426 D SGM:GameManager: onLooperPrepared(), msg: MSG_APP_CREATE, pkgName: com.whatsapp, userId: 0
07-28 22:54:28.497  5093  8275 V WindowManager: Changing focus from Window{2664d1b u0 com.whatsapp/com.whatsapp.contact.ui.quickcontact.QuickContactActivity} to null displayId=0 Callers=com.android.server.wm.RootWindowContainer.updateFocusedWindowLocked:583 com.android.server.wm.WindowManagerService.updateFocusedWindowLocked:6497 com.android.server.wm.ActivityTaskManagerService.setResumedActivityUncheckLocked:5545 com.android.server.wm.Task.onActivityStateChanged:2912
07-28 22:54:28.503  5093  5257 D SGM:GameManager: noteResumeComponent(), received pkgName: com.whatsapp, userId: 0
07-28 22:54:28.503  5093  5426 D SGM:GameManager: onLooperPrepared(), msg: MSG_APP_RESUME, pkgName: com.whatsapp, userid: 0
07-28 22:54:28.503  5093  5257 I GameSDK@LifeCycle: noteResumeComponent(): package name  : com.whatsapp
07-28 22:54:28.554  5093  8421 D SamsungAlarmManager: setExact (T:2/F:5/AC:false) 20250728T230428 now=57280144 - CU:10275/CP:1156/OP:PendingIntent{ddda4c9: PendingIntentRecord{f55eeaa com.whatsapp broadcastIntent}}
07-28 22:54:28.561  5093  8421 D ActivityTaskManager: convertToTranslucent, r=ActivityRecord{ec74493 u0 com.whatsapp/.profile.ViewProfilePhoto t35859}, under=ActivityRecord{3a0d1cc u0 com.whatsapp/.contact.ui.quickcontact.QuickContactActivity t35859 f}}, under.returningOptions=null, caller=android.app.IActivityClientController$Stub.onTransact:865 com.android.server.wm.ActivityClientController.onTransact:130 android.os.Binder.execTransactInternal:1220
07-28 22:54:28.562  1156  1156 D EnterTransitionCoordinator: EnterTransitionCoordinator is created, activity=com.whatsapp.profile.ViewProfilePhoto@df5d2e6, mWindow=com.android.internal.policy.PhoneWindow@24ed95a, caller=android.app.ActivityTransitionState.enterReady:207 android.app.Activity.performStart:8351 android.app.ActivityThread.handleStartActivity:4136
07-28 22:54:28.578  5093  8421 D WindowManager: makeSurface duration=1 name=com.whatsapp/com.whatsapp.profile.ViewProfilePhoto$_1156
07-28 22:54:28.580  5093  8421 V WindowManager: Changing focus from null to Window{21796ef u0 com.whatsapp/com.whatsapp.profile.ViewProfilePhoto} displayId=0 Callers=com.android.server.wm.RootWindowContainer.updateFocusedWindowLocked:583 com.android.server.wm.WindowManagerService.updateFocusedWindowLocked:6497 com.android.server.wm.WindowManagerService.relayoutWindow:2770 com.android.server.wm.Session.relayout:242
07-28 22:54:28.628  5093  8275 D WindowManager: finishDrawingWindow: Window{21796ef u0 com.whatsapp/com.whatsapp.profile.ViewProfilePhoto} mDrawState=DRAW_PENDING
07-28 22:54:28.630  5093  5258 V WindowManager: Setting visibility of Window{2664d1b u0 com.whatsapp/com.whatsapp.contact.ui.quickcontact.QuickContactActivity}: false, caller=com.android.server.wm.WindowContainer.sendAppVisibilityToClients:1110 com.android.server.wm.WindowToken.setClientVisible:448 com.android.server.wm.ActivityRecord.setClientVisible:7040 com.android.server.wm.ActivityRecord.onAnimationFinished:7927 com.android.server.wm.ActivityRecord.postApplyAnimation:5604
07-28 22:54:28.631  5093  5253 I Pageboost: Launch time gathered : pid 1156 com.whatsapp 156
07-28 22:54:28.646  5093  7871 I WindowManager: Destroying surface Surface(name=com.whatsapp/com.whatsapp.contact.ui.quickcontact.QuickContactActivity$_1156)/@0xbf574e7 called by com.android.server.wm.WindowStateAnimator.destroySurface:987com.android.server.wm.WindowStateAnimator.destroySurfaceLocked:518 com.android.server.wm.WindowState.removeImmediately:2960 com.android.server.wm.WindowState.removeIfPossible:3151 com.android.server.wm.WindowState.removeIfPossible:2984 com.android.server.wm.WindowManagerService.removeWindow:2266 com.android.server.wm.Session.remove:225 android.view.IWindowSession$Stub.onTransact:746
07-28 22:54:28.650  5093  8275 I ActivityTaskManager: Removing activity ActivityRecord{3a0d1cc u0 com.whatsapp/.contact.ui.quickcontact.QuickContactActivity t35859 f}}(activityDestroyed)  from stack callers=com.android.server.wm.ActivityRecord.destroyed:4112 com.android.server.wm.ActivityClientController.activityDestroyed:288 android.app.IActivityClientController$Stub.onTransact:604 com.android.server.wm.ActivityClientController.onTransact:130 android.os.Binder.execTransactInternal:1220
07-28 22:54:29.159  5093  5257 D SGM:GameManager: identifyForegroundApp. com.whatsapp, mCurrentUserId: 0, callerUserId:0
07-28 22:54:29.159  5093  5257 D SGM:PkgDataHelper: getGamePkgData(). com.whatsapp
07-28 22:54:29.745  1156  1156 D ActivityOptions: makeSceneTransitionAnimation is called, activity=com.whatsapp.profile.ViewProfilePhoto@df5d2e6, caller=android.app.ExitTransitionCoordinator.startExit:244 android.app.ActivityTransitionState.startExitBackTransition:349 android.app.Activity.finishAfterTransition:6672
07-28 22:54:29.747  5093  8275 D ActivityTaskManager: convertToTranslucent, r=ActivityRecord{ec74493 u0 com.whatsapp/.profile.ViewProfilePhoto t35859}, under=ActivityRecord{aad21b u0 com.whatsapp/.home.ui.HomeActivity t35859}, under.returningOptions=ActivityOptions(218241503), mPackageName=com.whatsapp, mAnimationType=5, mStartX=0, mStartY=0, mWidth=0, mHeight=0, caller=android.app.IActivityClientController$Stub.onTransact:865 com.android.server.wm.ActivityClientController.onTransact:130 android.os.Binder.execTransactInternal:1220
07-28 22:54:29.771  1156  1156 D EnterTransitionCoordinator: EnterTransitionCoordinator is created, activity=com.whatsapp.home.ui.HomeActivity@682bbd1, mWindow=com.android.internal.policy.PhoneWindow@e1c13c, caller=android.app.ActivityTransitionState.enterReady:207 android.app.Activity.onNewActivityOptions:7616 android.app.ActivityThread.onNewActivityOptions:4484
07-28 22:54:30.231  5093  8421 D MARsPolicyManager: onPackageResumedFG pkgName = com.whatsapp, userId = 0
07-28 22:54:30.233  5093  8421 V WindowManager: Changing focus from Window{21796ef u0 com.whatsapp/com.whatsapp.profile.ViewProfilePhoto} to Window{4001c71 u0 com.whatsapp/com.whatsapp.home.ui.HomeActivity} displayId=0 Callers=com.android.server.wm.RootWindowContainer.updateFocusedWindowLocked:583 com.android.server.wm.WindowManagerService.updateFocusedWindowLocked:6497 com.android.server.wm.ActivityTaskManagerService.setResumedActivityUncheckLocked:5545 com.android.server.wm.Task.onActivityStateChanged:2912
07-28 22:54:30.237  5093  8421 D WindowManager: rotationForOrientation, orientationSource=ActivityRecord{aad21b u0 com.whatsapp/.home.ui.HomeActivity t35859}
07-28 22:54:30.244  5093  8421 V WindowManager: Setting visibility of Window{21796ef u0 com.whatsapp/com.whatsapp.profile.ViewProfilePhoto}: false, caller=com.android.server.wm.WindowContainer.sendAppVisibilityToClients:1110 com.android.server.wm.WindowToken.setClientVisible:448 com.android.server.wm.ActivityRecord.setClientVisible:7040 com.android.server.wm.ActivityRecord.onAnimationFinished:7927 com.android.server.wm.ActivityRecord.postApplyAnimation:5604
07-28 22:54:30.253  5093  5257 D SGM:GameManager: notePauseComponent(), received pkgName: com.whatsapp, userId: 0
07-28 22:54:30.255  5093  5257 D SGM:GameManager: noteResumeComponent(), received pkgName: com.whatsapp, userId: 0
07-28 22:54:30.255  5093  5426 D SGM:GameManager: onLooperPrepared(), msg: MSG_APP_RESUME, pkgName: com.whatsapp, userid: 0
07-28 22:54:30.255  5093  5257 I GameSDK@LifeCycle: noteResumeComponent(): package name  : com.whatsapp
07-28 22:54:30.284  5093  8275 I WindowManager: Destroying surface Surface(name=com.whatsapp/com.whatsapp.profile.ViewProfilePhoto$_1156)/@0x8ec92eb called by com.android.server.wm.WindowStateAnimator.destroySurface:987 com.android.server.wm.WindowStateAnimator.destroySurfaceLocked:518 com.android.server.wm.WindowState.removeImmediately:2960 com.android.server.wm.WindowState.removeIfPossible:3151 com.android.server.wm.WindowState.removeIfPossible:2984 com.android.server.wm.WindowManagerService.removeWindow:2266 com.android.server.wm.Session.remove:225 android.view.IWindowSession$Stub.onTransact:746
07-28 22:54:30.288  5093  8444 I ActivityTaskManager: Removing activity ActivityRecord{ec74493 u0 com.whatsapp/.profile.ViewProfilePhoto t35859 f}}(activityDestroyed)  from stack callers=com.android.server.wm.ActivityRecord.destroyed:4112 com.android.server.wm.ActivityClientController.activityDestroyed:288 android.app.IActivityClientController$Stub.onTransact:604 com.android.server.wm.ActivityClientController.onTransact:130 android.os.Binder.execTransactInternal:1220
07-28 22:54:30.432  5093  7871 D SamsungAlarmManager: setInexact (T:3/F:0/AC:false) 20250728T225830 now=57282022 - CU:10275/CP:1156/OP:PendingIntent{626b0f4: PendingIntentRecord{3cefd3 com.whatsapp broadcastIntent}}
07-28 22:54:30.799  5093  5257 D SGM:GameManager: identifyForegroundApp. com.whatsapp, mCurrentUserId: 0, callerUserId:0
07-28 22:54:30.799  5093  5257 D SGM:PkgDataHelper: getGamePkgData(). com.whatsapp
07-28 22:54:31.475  5093  5257 D SGM:GameManager: notePauseComponent(), received pkgName: com.whatsapp, userId: 0
07-28 22:54:31.484  5093  8275 V WindowManager: Changing focus from Window{4001c71 u0 com.whatsapp/com.whatsapp.home.ui.HomeActivity} to null displayId=0 Callers=com.android.server.wm.RootWindowContainer.updateFocusedWindowLocked:583 com.android.server.wm.WindowManagerService.updateFocusedWindowLocked:6497 com.android.server.wm.ActivityTaskManagerService.setResumedActivityUncheckLocked:5545 com.android.server.wm.Task.onActivityStateChanged:2912
07-28 22:54:31.485  5093  8275 D MARsPolicyManager: onPackageResumedFG pkgName = com.whatsapp, userId = 0
07-28 22:54:32.198  5093  5258 V WindowManager: Setting visibility of Window{4001c71 u0 com.whatsapp/com.whatsapp.home.ui.HomeActivity}: false, caller=com.android.server.wm.WindowContainer.sendAppVisibilityToClients:1110 com.android.server.wm.WindowToken.setClientVisible:448 com.android.server.wm.ActivityRecord.setClientVisible:7040 com.android.server.wm.ActivityRecord.onAnimationFinished:7927 com.android.server.wm.WindowContainer.doAnimationFinished:3107
07-28 22:54:32.300  5093  7859 I WindowManager: Destroying surface Surface(name=com.whatsapp/com.whatsapp.home.ui.HomeActivity$_1156)/@0xa2203dc called by com.android.server.wm.WindowStateAnimator.destroySurface:987 com.android.server.wm.WindowStateAnimator.destroySurfaceLocked:518 com.android.server.wm.WindowState.removeImmediately:2960 com.android.server.wm.WindowState.removeIfPossible:3151 com.android.server.wm.WindowState.removeIfPossible:2984 com.android.server.wm.WindowManagerService.removeWindow:2266 com.android.server.wm.Session.remove:225 android.view.IWindowSession$Stub.onTransact:746
07-28 22:54:32.304  5093  7859 I ActivityTaskManager: Removing activity ActivityRecord{aad21b u0 com.whatsapp/.home.ui.HomeActivity t35859 f}}(activityDestroyed)  from stack callers=com.android.server.wm.ActivityRecord.destroyed:4112 com.android.server.wm.ActivityClientController.activityDestroyed:288 android.app.IActivityClientController$Stub.onTransact:604 com.android.server.wm.ActivityClientController.onTransact:130 android.os.Binder.execTransactInternal:1220
07-28 22:54:51.864  5093  7859 I ActivityTaskManager: START u0 {act=android.intent.action.MAIN cat=[android.intent.category.LAUNCHER] flg=0x10000000 pkg=com.whatsapp cmp=com.whatsapp/.Main} from uid 1000
07-28 22:54:51.864  5093  7859 D ActivityTaskManager: TaskLaunchParamsModifier:task=null activity=ActivityRecord{ea69a42 u0 com.whatsapp/.Main display-area-from-source=DefaultTaskDisplayArea@92327914 display-id=0 display-windowing-mode=1 suggested-display-area=DefaultTaskDisplayArea@92327914
07-28 22:54:51.865  5093  7859 D [secipm]: mSecIpmManager Preload com.whatsapp dex files
07-28 22:54:51.866  5093  7859 D ActivityTaskManager: TaskLaunchParamsModifier:task=null activity=ActivityRecord{ea69a42 u0 com.whatsapp/.Main t-1} display-area-from-source=DefaultTaskDisplayArea@92327914 display-id=0 display-windowing-mode=1 suggested-display-area=DefaultTaskDisplayArea@92327914 inherit-from-source=fullscreen activity-options-fullscreen=Rect(0, 0 - 0, 0) non-freeform-display display-area=DefaultTaskDisplayArea@92327914 maximized-bounds
07-28 22:54:51.870  5093  7859 D ActivityTaskManager: TaskLaunchParamsModifier:task=Task{fbfa53 #35860 type=standard A=10275:com.whatsapp U=0 visible=false mode=fullscreen translucent=true sz=0} activity=ActivityRecord{ea69a42 u0 com.whatsapp/.Main t-1} display-area-from-source=DefaultTaskDisplayArea@92327914 display-id=0 display-windowing-mode=1 suggested-display-area=DefaultTaskDisplayArea@92327914 inherit-from-source=fullscreen activity-options-fullscreen=Rect(0, 0 - 0, 0) non-freeform-display display-area=DefaultTaskDisplayArea@92327914 maximized-bounds
07-28 22:54:51.894  5594  5649 D StartingSurfaceDrawer: addSplashScreen com.whatsapp theme=7f150553 task=35860 suggestType=3
07-28 22:54:51.911  5093  7834 D MARsPolicyManager: onPackageResumedFG pkgName = com.whatsapp, userId = 0
07-28 22:54:51.913  5093  7834 D WindowManager: rotationForOrientation, orientationSource=ActivityRecord{ea69a42 u0 com.whatsapp/.Main t35860}
07-28 22:54:51.913  5093  7834 D WindowManager: rotationForOrientation, orientationSource=ActivityRecord{ea69a42 u0 com.whatsapp/.Main t35860}
07-28 22:54:51.915  5093  7834 D WindowManager: rotationForOrientation, orientationSource=ActivityRecord{ea69a42 u0 com.whatsapp/.Main t35860}
07-28 22:54:51.916  5093  7834 D SGM:PkgDataHelper: notifyAppCreate(), pkgName: com.whatsapp, userId: 0, sendRet: true
07-28 22:54:51.927  5093  5426 D SGM:GameManager: onLooperPrepared(), msg: MSG_APP_CREATE, pkgName: com.whatsapp, userId: 0
07-28 22:54:51.940  5093  7834 D SGM:GameManager:   sendRunningComponentFocus(), pkgName: com.whatsapp, userId: 0
07-28 22:54:51.940  5093  5426 D SGM:GameManager: onLooperPrepared(), msg: MSG_TASK_FOCUSED, pkgName: com.whatsapp, userId: 0
07-28 22:54:51.940  5093  5426 D SGM:GameManager:   handleTaskFocused(), pkgName: com.whatsapp, userID:0
07-28 22:54:51.947  5093  5425 V ActivityManager: Changed top to ProcessRecord{9adb6ef 1156:com.whatsapp/u0a275}
07-28 22:54:51.960  5093  5729 D WindowManager: makeSurface duration=1 name=Splash Screen com.whatsapp$_5594
07-28 22:54:51.961  5093  5257 D SGM:GameManager: noteResumeComponent(), received pkgName: com.whatsapp, userId: 0
07-28 22:54:51.962  5093  5426 D SGM:GameManager: onLooperPrepared(), msg: MSG_APP_RESUME, pkgName: com.whatsapp, userid: 0
