07-28 22:44:41.059  5093  7852 D SamsungAlarmManager: Cancel Alarm calling from uid:10275 pid :32150 / OP:PendingIntent{862bbe2: PendingIntentRecord{ede3b83 com.whatsapp broadcastIntent}}
07-28 22:44:41.065  5093  5605 D SamsungAlarmManager: setInexact (T:3/F:0/AC:false) 20250728T224841 now=56692654 - CU:10275/CP:32150/OP:PendingIntent{a150b73: PendingIntentRecord{2651a30 com.whatsapp broadcastIntent}}
07-28 22:44:41.626  5093  7874 D SamsungAlarmManager: setExact (T:2/F:5/AC:false) 20250728T225441 now=56693216 - CU:10275/CP:32150/OP:PendingIntent{5cb6f60: PendingIntentRecord{4b0f5ea com.whatsapp broadcastIntent}}
07-28 22:44:41.675  5093  7852 D SamsungAlarmManager: setExact (T:2/F:5/AC:false) 20250728T225441 now=56693265 - CU:10275/CP:32150/OP:PendingIntent{168218c: PendingIntentRecord{4b0f5ea com.whatsapp broadcastIntent}}
07-28 22:44:42.647  5093  7874 D SamsungAlarmManager: setExact (T:2/F:5/AC:false) 20250728T225442 now=56694236 - CU:10275/CP:32150/OP:PendingIntent{20e889a: PendingIntentRecord{4b0f5ea com.whatsapp broadcastIntent}}
07-28 22:44:42.667  5093  5605 D SamsungAlarmManager: setExact (T:2/F:5/AC:false) 20250728T225442 now=56694256 - CU:10275/CP:32150/OP:PendingIntent{eeb45cb: PendingIntentRecord{4b0f5ea com.whatsapp broadcastIntent}}
07-28 22:44:42.677  5093  5605 D SamsungAlarmManager: setExact (T:2/F:5/AC:false) 20250728T225442 now=56694266 - CU:10275/CP:32150/OP:PendingIntent{f72c1a8: PendingIntentRecord{4b0f5ea com.whatsapp broadcastIntent}}
07-28 22:44:42.686  5093  5605 D SamsungAlarmManager: setExact (T:2/F:5/AC:false) 20250728T225442 now=56694275 - CU:10275/CP:32150/OP:PendingIntent{acdd4c1: PendingIntentRecord{4b0f5ea com.whatsapp broadcastIntent}}
07-28 22:44:42.924  5093  5605 D SamsungAlarmManager: setExact (T:2/F:5/AC:false) 20250728T225442 now=56694513 - CU:10275/CP:32150/OP:PendingIntent{7975af9: PendingIntentRecord{4b0f5ea com.whatsapp broadcastIntent}}
07-28 22:44:42.969  5093  7817 D SamsungAlarmManager: setExact (T:2/F:5/AC:false) 20250728T225442 now=56694559 - CU:10275/CP:32150/OP:PendingIntent{1312a77: PendingIntentRecord{4b0f5ea com.whatsapp broadcastIntent}}
07-28 22:44:43.335  5093  7817 D SamsungAlarmManager: setExact (T:2/F:5/AC:false) 20250728T225443 now=56694924 - CU:10275/CP:32150/OP:PendingIntent{aa8cb03: PendingIntentRecord{4b0f5ea com.whatsapp broadcastIntent}}
07-28 22:44:43.692  5093  7874 D SamsungAlarmManager: setExact (T:2/F:5/AC:false) 20250728T225443 now=56695281 - CU:10275/CP:32150/OP:PendingIntent{66a530a: PendingIntentRecord{4b0f5ea com.whatsapp broadcastIntent}}
07-28 22:44:43.832  5093  7874 D InsetsSourceProvider: updateVisibility: serverVisible=true, clientVisible=false, source=InsetsSource: {mType=ITYPE_IME, mFrame=[0,1439][1080,2340], mVisible=false}, controlTarget=Window{11092b8 u0 com.whatsapp/com.whatsapp.Conversation}, from=com.android.server.wm.ImeInsetsSourceProvider.updateVisibility:89 com.android.server.wm.InsetsSourceProvider.setClientVisible:415 com.android.server.wm.InsetsSourceProvider.updateClientVisibility:400 com.android.server.wm.InsetsStateController.onInsetsModified:508 com.android.server.wm.InsetsPolicy.onInsetsModified:477 com.android.server.wm.Session.insetsModified:704 android.view.IWindowSession$Stub.onTransact:1256 com.android.server.wm.Session.onTransact:176 android.os.Binder.execTransactInternal:1220 android.os.Binder.execTransact:1179
07-28 22:44:44.331  5093  5257 D SGM:GameManager: identifyForegroundApp. com.whatsapp, mCurrentUserId: 0, callerUserId:0
07-28 22:44:44.331  5093  5257 D SGM:PkgDataHelper: getGamePkgData(). com.whatsapp
07-28 22:44:44.601  5093  5257 D SGM:GameManager: notePauseComponent(), received pkgName: com.whatsapp, userId: 0
07-28 22:44:44.601  5093  7874 D MARsPolicyManager: onPackageResumedFG pkgName = com.whatsapp, userId = 0
07-28 22:44:44.603  5093  7874 V WindowManager: Setting visibility of Window{80a6543 u0 com.whatsapp/com.whatsapp.home.ui.HomeActivity}: true, caller=com.android.server.wm.WindowContainer.sendAppVisibilityToClients:1110 com.android.server.wm.WindowToken.setClientVisible:448 com.android.server.wm.ActivityRecord.setClientVisible:7040 com.android.server.wm.ActivityRecord.setVisibility:5455 com.android.server.wm.ActivityRecord.setVisibility:5350
07-28 22:44:44.607  5093  7874 V WindowManager: Changing focus from Window{11092b8 u0 com.whatsapp/com.whatsapp.Conversation} to null displayId=0 Callers=com.android.server.wm.RootWindowContainer.updateFocusedWindowLocked:583 com.android.server.wm.WindowManagerService.updateFocusedWindowLocked:6497 com.android.server.wm.ActivityTaskManagerService.setResumedActivityUncheckLocked:5545 com.android.server.wm.Task.onActivityStateChanged:2912
07-28 22:44:44.611  5093  7874 D WindowManager: rotationForOrientation, orientationSource=ActivityRecord{cc5b52 u0 com.whatsapp/.home.ui.HomeActivity t35854}
07-28 22:44:44.611  5093  7874 D WindowManager: rotationForOrientation, orientationSource=ActivityRecord{cc5b52 u0 com.whatsapp/.home.ui.HomeActivity t35854}
07-28 22:44:44.613  5093  7874 D WindowManager: rotationForOrientation, orientationSource=ActivityRecord{cc5b52 u0 com.whatsapp/.home.ui.HomeActivity t35854}
07-28 22:44:44.631  5093  5257 D SGM:GameManager: noteResumeComponent(), received pkgName: com.whatsapp, userId: 0
07-28 22:44:44.631  5093  5426 D SGM:GameManager: onLooperPrepared(), msg: MSG_APP_RESUME, pkgName: com.whatsapp, userid: 0
07-28 22:44:44.631  5093  5257 I GameSDK@LifeCycle: noteResumeComponent(): package name  : com.whatsapp
07-28 22:44:44.648  5093  7874 D WindowManager: makeSurface duration=1 name=com.whatsapp/com.whatsapp.home.ui.HomeActivity$_32150
07-28 22:44:44.651  5093  7874 V WindowManager: Changing focus from null to Window{80a6543 u0 com.whatsapp/com.whatsapp.home.ui.HomeActivity} displayId=0 Callers=com.android.server.wm.RootWindowContainer.updateFocusedWindowLocked:583 com.android.server.wm.WindowManagerService.updateFocusedWindowLocked:6497 com.android.server.wm.WindowManagerService.relayoutWindow:2770 com.android.server.wm.Session.relayout:242
07-28 22:44:44.844  5093  5605 D WindowManager: finishDrawingWindow: Window{80a6543 u0 com.whatsapp/com.whatsapp.home.ui.HomeActivity} mDrawState=DRAW_PENDING
07-28 22:44:44.853  5093  5258 I WindowManager: Reparenting to leash, surface=Surface(name=ActivityRecord{2c08db1 u0 com.whatsapp/.Conversation t35854})/@0x11a092e, leashParent=Surface(name=Task=35854)/@0xc4fe51c
07-28 22:44:44.854  5093  5258 D WindowManager: makeSurface duration=1 leash=Surface(name=Surface(name=ActivityRecord{2c08db1 u0 com.whatsapp/.Conversation t35854})/@0x11a092e - animation-leash of app_transition)/@0x7ae8c17
07-28 22:44:44.856  5093  5258 I WindowManager: Reparenting to leash, surface=Surface(name=ActivityRecord{cc5b52 u0 com.whatsapp/.home.ui.HomeActivity t35854})/@0x216a4bd, leashParent=Surface(name=Task=35854)/@0xc4fe51c
07-28 22:44:44.857  5093  5258 D WindowManager: makeSurface duration=1 leash=Surface(name=Surface(name=ActivityRecord{cc5b52 u0 com.whatsapp/.home.ui.HomeActivity t35854})/@0x216a4bd - animation-leash of app_transition)/@0xb891822
07-28 22:44:44.973  5093  7914 D SamsungAlarmManager: setExact (T:2/F:5/AC:false) 20250728T225444 now=56696562 - CU:10275/CP:32150/OP:PendingIntent{5ccdd88: PendingIntentRecord{4b0f5ea com.whatsapp broadcastIntent}}
07-28 22:44:44.997  5093  5258 I WindowManager: Reparenting to original parent: Surface(name=Task=35854)/@0xc4fe51c, destroy=true, surface=Surface(name=ActivityRecord{2c08db1 u0 com.whatsapp/.Conversation t35854})/@0x11a092e
07-28 22:44:44.998  5093  5258 V WindowManager: Setting visibility of Window{11092b8 u0 com.whatsapp/com.whatsapp.Conversation}: false, caller=com.android.server.wm.WindowContainer.sendAppVisibilityToClients:1110 com.android.server.wm.WindowToken.setClientVisible:448 com.android.server.wm.ActivityRecord.setClientVisible:7040 com.android.server.wm.ActivityRecord.onAnimationFinished:7927 com.android.server.wm.WindowContainer$$ExternalSyntheticLambda0.onAnimationFinished:2
07-28 22:44:44.998  5093  5258 I WindowManager: Reparenting to original parent: Surface(name=Task=35854)/@0xc4fe51c, destroy=true, surface=Surface(name=ActivityRecord{cc5b52 u0 com.whatsapp/.home.ui.HomeActivity t35854})/@0x216a4bd
07-28 22:44:45.072  5093  7914 I WindowManager: Destroying surface Surface(name=com.whatsapp/com.whatsapp.Conversation$_32150)/@0x7e7d5a0 called by com.android.server.wm.WindowStateAnimator.destroySurface:987 com.android.server.wm.WindowStateAnimator.destroySurfaceLocked:518 com.android.server.wm.WindowState.removeImmediately:2960 com.android.server.wm.WindowState.removeIfPossible:3151 com.android.server.wm.WindowState.removeIfPossible:2984 com.android.server.wm.WindowManagerService.removeWindow:2266 com.android.server.wm.Session.remove:225 android.view.IWindowSession$Stub.onTransact:746
07-28 22:44:45.089  5093  5605 I ActivityTaskManager: Removing activity ActivityRecord{2c08db1 u0 com.whatsapp/.Conversation t35854 f}}(activityDestroyed)  from stack callers=com.android.server.wm.ActivityRecord.destroyed:4112 com.android.server.wm.ActivityClientController.activityDestroyed:288 android.app.IActivityClientController$Stub.onTransact:604 com.android.server.wm.ActivityClientController.onTransact:130 android.os.Binder.execTransactInternal:1220
07-28 22:44:45.428  5093  5257 D SGM:GameManager: identifyForegroundApp. com.whatsapp, mCurrentUserId: 0, callerUserId:0
07-28 22:44:45.428  5093  5257 D SGM:PkgDataHelper: getGamePkgData(). com.whatsapp
07-28 22:44:47.842  5093  7914 D SGM:GameManager: identifyForegroundApp. com.whatsapp, mCurrentUserId: 0, callerUserId:0
07-28 22:44:47.842  5093  7914 D SGM:PkgDataHelper: getGamePkgData(). com.whatsapp
07-28 22:44:49.734  5093  5254 D WindowManager: rotationForOrientation, orientationSource=ActivityRecord{cc5b52 u0 com.whatsapp/.home.ui.HomeActivity t35854}
07-28 22:44:49.789  5093  5254 D WindowManager: rotationForOrientation, orientationSource=ActivityRecord{cc5b52 u0 com.whatsapp/.home.ui.HomeActivity t35854}
07-28 22:44:49.912  5093  7914 D WindowManager: rotationForOrientation, orientationSource=ActivityRecord{cc5b52 u0 com.whatsapp/.home.ui.HomeActivity t35854}
07-28 22:44:49.977  5093  5254 D WindowManager: rotationForOrientation, orientationSource=ActivityRecord{cc5b52 u0 com.whatsapp/.home.ui.HomeActivity t35854}
07-28 22:44:50.012  5093  7874 D SamsungAlarmManager: setExact (T:2/F:5/AC:false) 20250728T225450 now=56701602 - CU:10275/CP:32150/OP:PendingIntent{aefbe75: PendingIntentRecord{4b0f5ea com.whatsapp broadcastIntent}}
07-28 22:44:50.377  5093  5254 D WindowManager: rotationForOrientation, orientationSource=ActivityRecord{cc5b52 u0 com.whatsapp/.home.ui.HomeActivity t35854}
07-28 22:44:51.183  5093  7914 I ActivityTaskManager: START u0 {cmp=com.whatsapp/.status.playback.StatusPlaybackActivity (has extras)} from uid 10275
07-28 22:44:51.185  5093  7914 D ActivityTaskManager: TaskLaunchParamsModifier:task=null activity=ActivityRecord{2ae2ee5 u0 com.whatsapp/.status.playback.StatusPlaybackActivity display-area-from-source=DefaultTaskDisplayArea@92327914 display-id=0 display-windowing-mode=1 suggested-display-area=DefaultTaskDisplayArea@92327914
07-28 22:44:51.185  5093  7914 D ActivityTaskManager: TaskLaunchParamsModifier:task=Task{e73260a #35854 type=standard A=10275:com.whatsapp U=0 visible=true mode=fullscreen translucent=false sz=1} activity=ActivityRecord{2ae2ee5 u0 com.whatsapp/.status.playback.StatusPlaybackActivity t-1} display-area-from-source=DefaultTaskDisplayArea@92327914 display-id=0 display-windowing-mode=1 suggested-display-area=DefaultTaskDisplayArea@92327914 inherit-from-source=fullscreen activity-options-fullscreen=Rect(0, 0 - 0, 0) non-freeform-display display-area=DefaultTaskDisplayArea@92327914 maximized-bounds
07-28 22:44:51.204  5093  7874 D MARsPolicyManager: onPackageResumedFG pkgName = com.whatsapp, userId = 0
07-28 22:44:51.205  5093  7874 D WindowManager: rotationForOrientation, orientationSource=ActivityRecord{cc5b52 u0 com.whatsapp/.home.ui.HomeActivity t35854}
07-28 22:44:51.206  5093  7874 D SGM:PkgDataHelper: notifyAppCreate(), pkgName: com.whatsapp, userId: 0, sendRet: true
07-28 22:44:51.206  5093  5426 D SGM:GameManager: onLooperPrepared(), msg: MSG_APP_CREATE, pkgName: com.whatsapp, userId: 0
07-28 22:44:51.208  5093  7874 V WindowManager: Changing focus from Window{80a6543 u0 com.whatsapp/com.whatsapp.home.ui.HomeActivity} to null displayId=0 Callers=com.android.server.wm.RootWindowContainer.updateFocusedWindowLocked:583 com.android.server.wm.WindowManagerService.updateFocusedWindowLocked:6497 com.android.server.wm.ActivityTaskManagerService.setResumedActivityUncheckLocked:5545 com.android.server.wm.Task.onActivityStateChanged:2912
07-28 22:44:51.215  5093  5257 D SGM:GameManager: notePauseComponent(), received pkgName: com.whatsapp, userId: 0
07-28 22:44:51.224  5093  5257 D SGM:GameManager: noteResumeComponent(), received pkgName: com.whatsapp, userId: 0
07-28 22:44:51.224  5093  5426 D SGM:GameManager: onLooperPrepared(), msg: MSG_APP_RESUME, pkgName: com.whatsapp, userid: 0
07-28 22:44:51.228  5093  5257 I GameSDK@LifeCycle: noteResumeComponent(): package name  : com.whatsapp
07-28 22:44:51.262  5093  7941 D WindowManager: makeSurface duration=1 name=com.whatsapp/com.whatsapp.status.playback.StatusPlaybackActivity$_32150
07-28 22:44:51.265  5093  7941 V WindowManager: Changing focus from null to Window{1b18c74 u0 com.whatsapp/com.whatsapp.status.playback.StatusPlaybackActivity} displayId=0 Callers=com.android.server.wm.RootWindowContainer.updateFocusedWindowLocked:583 com.android.server.wm.WindowManagerService.updateFocusedWindowLocked:6497 com.android.server.wm.WindowManagerService.relayoutWindow:2770 com.android.server.wm.Session.relayout:242
07-28 22:44:51.280  5093  5258 D InsetsSourceProvider: updateVisibility: serverVisible=true, clientVisible=false, source=InsetsSource: {mType=ITYPE_STATUS_BAR, mFrame=[0,0][1080,83], mVisible=false}, controlTarget=Window{1b18c74 u0 com.whatsapp/com.whatsapp.status.playback.StatusPlaybackActivity}, from=com.android.server.wm.InsetsSourceProvider.setClientVisible:415 com.android.server.wm.InsetsSourceProvider.updateClientVisibility:400 com.android.server.wm.InsetsStateController.onInsetsModified:508 com.android.server.wm.InsetsStateController.lambda$notifyPendingInsetsControlChanged$6$InsetsStateController:689 com.android.server.wm.InsetsStateController$$ExternalSyntheticLambda1.run:2 com.android.server.wm.WindowAnimator.executeAfterPrepareSurfacesRunnables:345 com.android.server.wm.WindowAnimator.animate:226 com.android.server.wm.WindowAnimator.lambda$new$1$WindowAnimator:106 com.android.server.wm.WindowAnimator$$ExternalSyntheticLambda0.doFrame:2 android.view.Choreographer$CallbackRecord.run:1106
07-28 22:44:51.284  5093  7874 D WindowManager: finishDrawingWindow: Window{1b18c74 u0 com.whatsapp/com.whatsapp.status.playback.StatusPlaybackActivity} mDrawState=DRAW_PENDING
07-28 22:44:51.288  5093  5258 I WindowManager: Reparenting to leash, surface=Surface(name=ActivityRecord{2ae2ee5 u0 com.whatsapp/.status.playback.StatusPlaybackActivity t35854})/@0x321396a, leashParent=Surface(name=Task=35854)/@0xc4fe51c
07-28 22:44:51.289  5093  5258 D WindowManager: makeSurface duration=0 leash=Surface(name=Surface(name=ActivityRecord{2ae2ee5 u0 com.whatsapp/.status.playback.StatusPlaybackActivity t35854})/@0x321396a - animation-leash of app_transition)/@0x69fee5b
07-28 22:44:51.291  5093  5253 I Pageboost: Launch time gathered : pid 32150 com.whatsapp 109
07-28 22:44:51.338  5093  5258 I WindowManager: Reparenting to original parent: Surface(name=Task=35854)/@0xc4fe51c, destroy=true, surface=Surface(name=ActivityRecord{2ae2ee5 u0 com.whatsapp/.status.playback.StatusPlaybackActivity t35854})/@0x321396a
07-28 22:44:52.006  5093  7852 D SamsungAlarmManager: setExact (T:2/F:5/AC:false) 20250728T225452 now=56703595 - CU:10275/CP:32150/OP:PendingIntent{e4f1d10: PendingIntentRecord{4b0f5ea com.whatsapp broadcastIntent}}
07-28 22:44:52.052  5093  5257 D SGM:GameManager: identifyForegroundApp. com.whatsapp, mCurrentUserId: 0, callerUserId:0
07-28 22:44:52.052  5093  5257 D SGM:PkgDataHelper: getGamePkgData(). com.whatsapp
07-28 22:44:55.635  5093  7852 D SamsungAlarmManager: setExact (T:2/F:5/AC:false) 20250728T225455 now=56707224 - CU:10275/CP:32150/OP:PendingIntent{59e8ecc: PendingIntentRecord{4b0f5ea com.whatsapp broadcastIntent}}
07-28 22:44:56.111  5093  5257 D SGM:GameManager: notePauseComponent(), received pkgName: com.whatsapp, userId: 0
07-28 22:44:56.111  5093  7852 D MARsPolicyManager: onPackageResumedFG pkgName = com.whatsapp, userId = 0
07-28 22:44:56.113  5093  7852 V WindowManager: Changing focus from Window{1b18c74 u0 com.whatsapp/com.whatsapp.status.playback.StatusPlaybackActivity} to Window{80a6543 u0 com.whatsapp/com.whatsapp.home.ui.HomeActivity} displayId=0 Callers=com.android.server.wm.RootWindowContainer.updateFocusedWindowLocked:583 com.android.server.wm.WindowManagerService.updateFocusedWindowLocked:6497 com.android.server.wm.ActivityTaskManagerService.setResumedActivityUncheckLocked:5545 com.android.server.wm.Task.onActivityStateChanged:2912
07-28 22:44:56.118  5093  7852 D WindowManager: rotationForOrientation, orientationSource=ActivityRecord{cc5b52 u0 com.whatsapp/.home.ui.HomeActivity t35854}
07-28 22:44:56.125  5093  7852 D InsetsSourceProvider: updateVisibility: serverVisible=true, clientVisible=true, source=InsetsSource: {mType=ITYPE_STATUS_BAR, mFrame=[0,0][1080,83], mVisible=true}, controlTarget=Window{80a6543 u0 com.whatsapp/com.whatsapp.home.ui.HomeActivity}, from=com.android.server.wm.InsetsSourceProvider.setClientVisible:415 com.android.server.wm.InsetsSourceProvider.updateClientVisibility:400 com.android.server.wm.InsetsStateController.onInsetsModified:508 com.android.server.wm.InsetsStateController.lambda$notifyPendingInsetsControlChanged$6$InsetsStateController:689 com.android.server.wm.InsetsStateController$$ExternalSyntheticLambda1.run:2 com.android.server.wm.WindowAnimator.executeAfterPrepareSurfacesRunnables:345 com.android.server.wm.RootWindowContainer.performSurfacePlacementNoTrace:1036 com.android.server.wm.RootWindowContainer.performSurfacePlacement:959 com.android.server.wm.WindowSurfacePlacer.performSurfacePlacementLoop:189 com.android.server.wm.WindowSurfacePlacer.performSurfacePlacement:130
07-28 22:44:56.126  5093  7852 V WindowManager: Setting visibility of Window{1b18c74 u0 com.whatsapp/com.whatsapp.status.playback.StatusPlaybackActivity}: false, caller=com.android.server.wm.WindowContainer.sendAppVisibilityToClients:1110 com.android.server.wm.WindowToken.setClientVisible:448 com.android.server.wm.ActivityRecord.setClientVisible:7040 com.android.server.wm.ActivityRecord.onAnimationFinished:7927 com.android.server.wm.ActivityRecord.postApplyAnimation:5604
07-28 22:44:56.133  5093  5257 D SGM:GameManager: noteResumeComponent(), received pkgName: com.whatsapp, userId: 0
07-28 22:44:56.134  5093  5426 D SGM:GameManager: onLooperPrepared(), msg: MSG_APP_RESUME, pkgName: com.whatsapp, userid: 0
07-28 22:44:56.134  5093  5257 I GameSDK@LifeCycle: noteResumeComponent(): package name  : com.whatsapp
07-28 22:44:56.215  5093  7852 I WindowManager: Destroying surface Surface(name=com.whatsapp/com.whatsapp.status.playback.StatusPlaybackActivity$_32150)/@0x88aebc4 called by com.android.server.wm.WindowStateAnimator.destroySurface:987 com.android.server.wm.WindowStateAnimator.destroySurfaceLocked:518 com.android.server.wm.WindowState.removeImmediately:2960 com.android.server.wm.WindowState.removeIfPossible:3151 com.android.server.wm.WindowState.removeIfPossible:2984 com.android.server.wm.WindowManagerService.removeWindow:2266 com.android.server.wm.Session.remove:225 android.view.IWindowSession$Stub.onTransact:746
07-28 22:44:56.220  5093  8421 I ActivityTaskManager: Removing activity ActivityRecord{2ae2ee5 u0 com.whatsapp/.status.playback.StatusPlaybackActivity t35854 f}}(activityDestroyed)  from stack callers=com.android.server.wm.ActivityRecord.destroyed:4112 com.android.server.wm.ActivityClientController.activityDestroyed:288 android.app.IActivityClientController$Stub.onTransact:604 com.android.server.wm.ActivityClientController.onTransact:130 android.os.Binder.execTransactInternal:1220
07-28 22:44:56.700  5093  5257 D SGM:GameManager: identifyForegroundApp. com.whatsapp, mCurrentUserId: 0, callerUserId:0
07-28 22:44:56.700  5093  5257 D SGM:PkgDataHelper: getGamePkgData(). com.whatsapp
07-28 22:44:57.676  5093  5254 D WindowManager: rotationForOrientation, orientationSource=ActivityRecord{cc5b52 u0 com.whatsapp/.home.ui.HomeActivity t35854}
07-28 22:44:58.755  5093  5254 D WindowManager: rotationForOrientation, orientationSource=ActivityRecord{cc5b52 u0 com.whatsapp/.home.ui.HomeActivity t35854}
07-28 22:45:00.780  5093  8421 D WindowManager: Moved rootTask=Task{93abb6f #1 type=home ?? U=0 visible=false mode=fullscreen translucent=true sz=1} behind rootTask=Task{e73260a #35854 type=standard A=10275:com.whatsapp U=0 visible=true mode=fullscreen translucent=false sz=1}
07-28 22:45:00.822  5093  5605 V WindowManager: Changing focus from Window{80a6543 u0 com.whatsapp/com.whatsapp.home.ui.HomeActivity} to null displayId=0 Callers=com.android.server.wm.RootWindowContainer.updateFocusedWindowLocked:583 com.android.server.wm.WindowManagerService.updateFocusedWindowLocked:6497 com.android.server.wm.WindowManagerService.relayoutWindow:2770 com.android.server.wm.Session.relayout:242
07-28 22:45:00.822  5093  5605 D MARsPolicyManager: onPackageResumedFG pkgName = com.whatsapp, userId = 0
07-28 22:45:00.940  5093  5641 D MdnieScenarioControlService:  packageName : com.whatsapp    className : com.whatsapp.home.ui.HomeActivity
07-28 22:45:01.227  5093  5605 D WindowManager: onAnimationFinished(): targetRootTask=Task{93abb6f #1 type=home ?? U=0 visible=false mode=fullscreen translucent=false sz=1} targetActivity=ActivityRecord{23e9d01 u0 com.sec.android.app.launcher/.activities.LauncherActivity t35808} mRestoreTargetBehindRootTask=Task{e73260a #35854 type=standard A=10275:com.whatsapp U=0 visible=true mode=fullscreen translucent=false sz=1}
07-28 22:45:01.248  5093  5605 V WindowManager: Setting visibility of Window{80a6543 u0 com.whatsapp/com.whatsapp.home.ui.HomeActivity}: false, caller=com.android.server.wm.WindowContainer.sendAppVisibilityToClients:1110 com.android.server.wm.WindowToken.setClientVisible:448 com.android.server.wm.ActivityRecord.setClientVisible:7040 com.android.server.wm.ActivityRecord.onAnimationFinished:7927 com.android.server.wm.ActivityRecord.postApplyAnimation:5604
07-28 22:45:01.265  5093  5257 D SGM:GameManager: notePauseComponent(), received pkgName: com.whatsapp, userId: 0
07-28 22:45:01.536  5093  7941 E WindowManager: win=Window{80a6543 u0 com.whatsapp/com.whatsapp.home.ui.HomeActivity} destroySurfaces: appStopped=true win.mWindowRemovalAllowed=false win.mRemoveOnExit=false win.mViewVisibility=8 caller=com.android.server.wm.ActivityRecord.destroySurfaces:5873 com.android.server.wm.ActivityRecord.destroySurfaces:5854 com.android.server.wm.ActivityRecord.notifyAppStopped:5918 com.android.server.wm.ActivityRecord.activityStopped:6560 com.android.server.wm.ActivityClientController.activityStopped:254 android.app.IActivityClientController$Stub.onTransact:596 com.android.server.wm.ActivityClientController.onTransact:130
07-28 22:45:01.536  5093  7941 I WindowManager: Destroying surface Surface(name=com.whatsapp/com.whatsapp.home.ui.HomeActivity$_32150)/@0x52cbafe called by com.android.server.wm.WindowStateAnimator.destroySurface:987 com.android.server.wm.WindowStateAnimator.destroySurfaceLocked:518 com.android.server.wm.WindowState.destroySurfaceUnchecked:4246 com.android.server.wm.WindowState.destroySurface:4220 com.android.server.wm.ActivityRecord.destroySurfaces:5873 com.android.server.wm.ActivityRecord.destroySurfaces:5854 com.android.server.wm.ActivityRecord.notifyAppStopped:5918 com.android.server.wm.ActivityRecord.activityStopped:6560
07-28 22:45:01.676  5093  5257 D ActivityManager: [SD] user menu kill listen remove action name:com.whatsapp uid:10275
07-28 22:45:01.723  5093  7871 I ActivityTaskManager: Removing activity ActivityRecord{cc5b52 u0 com.whatsapp/.home.ui.HomeActivity t35854 f}}(activityDestroyed)  from stack callers=com.android.server.wm.ActivityRecord.destroyed:4112 com.android.server.wm.ActivityClientController.activityDestroyed:288 android.app.IActivityClientController$Stub.onTransact:604 com.android.server.wm.ActivityClientController.onTransact:130 android.os.Binder.execTransactInternal:1220
07-28 22:45:01.732  5093  7817 I ActivityManager: Killing 32150:com.whatsapp/u0a275 (adj 225): remove task:remove-task
07-28 22:45:01.744  5093  5268 W UsageStatsService: Unexpected activity event reported! (com.whatsapp/com.whatsapp.home.ui.HomeActivity event : 23 instanceId : 254669789)
07-28 22:45:01.864  5093  7803 W ActivityManager: Scheduling restart of crashed service com.whatsapp/.messaging.MessageService in 1000ms for start-requested
07-28 22:45:01.865  5093  7803 W ActivityManager: Scheduling restart of crashed service com.whatsapp/androidx.work.impl.background.systemjob.SystemJobService in 11000ms for connection
07-28 22:45:02.876  5093  5270 I ActivityManager: Start proc 1156:com.whatsapp/u0a275 for service {com.whatsapp/com.whatsapp.messaging.MessageService}
07-28 22:45:02.876  5093  5270 D ActivityManager: [SecIpm] it's a ML_TYPE_EMPTYPROCESS protected process com.whatsapp
07-28 22:45:02.917  5093  7803 I ActivityManager: DSS OFF for com.whatsapp
07-28 22:45:02.920  5093  7803 D ActivityManager: attachApplicationLocked() app=ProcessRecord{9adb6ef 1156:com.whatsapp/u0a275} app.isolatedEntryPoint=null instr2=null
07-28 22:45:02.927  5093  7803 W ActivityManager: Stopping service due to app idle: u0a275 -27s649ms com.whatsapp/.messaging.MessageService
07-28 22:45:02.937  1156  1156 D ActivityThread: handleBindApplication()++ app=com.whatsapp
07-28 22:45:03.222  1156  1156 D LoadedApk: LoadedApk::makeApplication() appContext.mOpPackageName=com.whatsapp appContext.mBasePackageName=com.whatsapp
07-28 22:45:03.534  5093  5605 I Telecom:SamsungPhoneAccountListener: onAccountsChanged - allPhoneAccountsOfCurrentUser: [[[X] PhoneAccount: ComponentInfo{com.android.phone/com.android.services.telephony.TelephonyConnectionService}, ***, UserHandle{0} Capabilities: SuppVideo Video CallProvider MultiUser PlaceEmerg SimSub  Audio Routes: BESW Schemes: tel voicemail  Extras: Bundle[{com.samsung.telecom.extra.SUPPORT_VRBT=false, android.telecom.extra.SUPPORTS_VIDEO_CALLING_FALLBACK=true, com.samsung.telecom.extra.SUBSCRIPTION_ID=1, com.samsung.telecom.extra.CAN_COEXIST_ACCOUNT=true, com.samsung.telecom.extra.PHONE_ID=0, android.telecom.extra.SORT_ORDER=0, com.samsung.telecom.extra.NO_CHECK_IF_VIDEO_CAPABLE=true}]GroupId: ***], [[X] PhoneAccount: ComponentInfo{com.google.android.apps.tachyon/com.google.android.apps.tachyon.telecom.TachyonTelecomConnectionService}, ***, UserHandle{0} Capabilities: SelfManaged Video  Audio Routes: BESW Schemes: tel  Extras: Bundle[{android.telecom.extra.LOG_SELF_MANAGED_CALLS=true, android.telecom.extra.SUPPORTS_HANDOVER_TO=true}] GroupId: ***], [[X] PhoneAccount: ComponentInfo{org.thoughtcrime.securesms/org.thoughtcrime.securesms.service.webrtc.AndroidCallConnectionService}, ***, UserHandle{0} Capabilities: SelfManaged Video  Audio Routes: BESW Schemes: tel  Extras: null GroupId: ***], [[X] PhoneAccount: ComponentInfo{com.whatsapp/com.whatsapp.calling.telecom.SelfManagedConnectionService}, ***, UserHandle{0} Capabilities: SelfManaged SuppVideo Video  Audio Routes: BESW Schemes: tel  Extras: Bundle[{android.telecom.extra.LOG_SELF_MANAGED_CALLS=false}] GroupId: ***]]
07-28 22:45:03.534  5093  5605 I Telecom:SamsungPhoneAccountListener: onAccountsChanged : [[X] PhoneAccount: ComponentInfo{com.whatsapp/com.whatsapp.calling.telecom.SelfManagedConnectionService}, ***, UserHandle{0} Capabilities: SelfManaged SuppVideo Video  Audio Routes: BESW Schemes: tel  Extras: Bundle[{android.telecom.extra.LOG_SELF_MANAGED_CALLS=false}]GroupId: ***]
07-28 22:45:06.938  5093  8421 W ActivityManager: Service done with onDestroy, but executeNesting=2: ServiceRecord{dec6b92 u0 com.whatsapp/.messaging.MessageService}
07-28 22:45:18.185  5093  5122 W ActivityManager: Background start not allowed: service Intent { act=com.whatsapp.messaging.MessageService.START cmp=com.whatsapp/.messaging.MessageService } to com.whatsapp/.messaging.MessageService from pid=1156 uid=10275 pkg=com.whatsapp startFg?=false
07-28 22:45:18.407  5093  8421 D SamsungAlarmManager: setInexact (T:3/F:0/AC:false) 20250728T224533 now=56729996 - CU:10275/CP:1156/OP:PendingIntent{2e85e6: PendingIntentRecord{2651a30 com.whatsapp broadcastIntent}}
07-28 22:45:18.480  5093  5122 D SamsungAlarmManager: setExact (T:2/F:5/AC:false) 20250728T225518 now=56730070 - CU:10275/CP:1156/OP:PendingIntent{a25b33b: PendingIntentRecord{4b0f5ea com.whatsapp broadcastIntent}}
07-28 22:45:20.019  5093  5122 D SamsungAlarmManager: setExact (T:2/F:5/AC:false) 20250817T134927 now=56731609 - CU:10275/CP:1156/OP:PendingIntent{c9304b8: PendingIntentRecord{940f44b com.whatsapp broadcastIntent}}
07-28 22:45:20.101  5093  5122 D SamsungAlarmManager: setExact (T:2/F:5/AC:false) 20250729T190835 now=56731691 - CU:10275/CP:1156/OP:PendingIntent{4594291: PendingIntentRecord{314f347 com.whatsapp broadcastIntent}}
07-28 22:45:20.155  5093  5122 D SamsungAlarmManager: setExact (T:0/F:5/AC:false) 20250729T000054 now=56731745 - CU:10275/CP:1156/OP:PendingIntent{a2c2293: PendingIntentRecord{59ef7a6 com.whatsapp broadcastIntent}}
07-28 22:45:20.501  5093  7941 D SamsungAlarmManager: setExact (T:0/F:5/AC:false) 20250729T020007 now=56732091 - CU:10275/CP:1156/OP:PendingIntent{aa7ad3d: PendingIntentRecord{aea53d2 com.whatsapp broadcastIntent}}
07-28 22:45:21.758  5093  8421 D SamsungAlarmManager: setInexact (T:3/F:0/AC:false) 20250729T104521 now=56733348 - CU:10275/CP:1156/OP:PendingIntent{584f0c7: PendingIntentRecord{6c6367d com.whatsapp broadcastIntent}}
07-28 22:45:24.466  5093  7834 I Telecom:SamsungTelecomServiceImpl: registerPhoneAccount - PhoneAccount : [[ ] PhoneAccount: ComponentInfo{com.whatsapp/com.whatsapp.calling.telecom.SelfManagedConnectionService}, ***, UserHandle{0} Capabilities: SelfManaged SuppVideo Video  Audio Routes: BESW Schemes: tel  Extras: Bundle[mParcelledData.dataSize=108] GroupId:***] / callingPid : 1156 / processName : sts
07-28 22:45:24.470  5093  7834 I Telecom : PhoneAccountRegistrar: Modify account: [ComponentInfo{com.whatsapp/com.whatsapp.calling.telecom.SelfManagedConnectionService}, ***, UserHandle{0}]: TSI.rPA@CsQ
07-28 22:45:24.471  5093  7834 I Telecom : AppLabelProxy: package com.whatsapp: name is WhatsApp: TSI.rPA@CsQ
07-28 22:45:24.474  5093  7834 I Telecom:SamsungPhoneAccountListener: onAccountsChanged - allPhoneAccountsOfCurrentUser: [[[X] PhoneAccount: ComponentInfo{com.android.phone/com.android.services.telephony.TelephonyConnectionService}, ***, UserHandle{0} Capabilities: SuppVideo Video CallProvider MultiUser PlaceEmerg SimSub  Audio Routes: BESW Schemes: tel voicemail  Extras: Bundle[{com.samsung.telecom.extra.SUPPORT_VRBT=false, android.telecom.extra.SUPPORTS_VIDEO_CALLING_FALLBACK=true, com.samsung.telecom.extra.SUBSCRIPTION_ID=1, com.samsung.telecom.extra.CAN_COEXIST_ACCOUNT=true, com.samsung.telecom.extra.PHONE_ID=0, android.telecom.extra.SORT_ORDER=0, com.samsung.telecom.extra.NO_CHECK_IF_VIDEO_CAPABLE=true}]GroupId: ***], [[X] PhoneAccount: ComponentInfo{com.google.android.apps.tachyon/com.google.android.apps.tachyon.telecom.TachyonTelecomConnectionService}, ***, UserHandle{0} Capabilities: SelfManaged Video  Audio Routes: BESW Schemes: tel  Extras: Bundle[{android.telecom.extra.LOG_SELF_MANAGED_CALLS=true, android.telecom.extra.SUPPORTS_HANDOVER_TO=true}] GroupId: ***], [[X] PhoneAccount: ComponentInfo{org.thoughtcrime.securesms/org.thoughtcrime.securesms.service.webrtc.AndroidCallConnectionService}, ***, UserHandle{0} Capabilities: SelfManaged Video  Audio Routes: BESW Schemes: tel  Extras: null GroupId: ***], [[X] PhoneAccount: ComponentInfo{com.whatsapp/com.whatsapp.calling.telecom.SelfManagedConnectionService}, ***, UserHandle{0} Capabilities: SelfManaged SuppVideo Video  Audio Routes: BESW Schemes: tel  Extras: Bundle[{android.telecom.extra.LOG_SELF_MANAGED_CALLS=false}] GroupId: ***]]
07-28 22:45:24.475  5093  7834 I Telecom:SamsungPhoneAccountListener: onAccountsChanged : [[X] PhoneAccount: ComponentInfo{com.whatsapp/com.whatsapp.calling.telecom.SelfManagedConnectionService}, ***, UserHandle{0} Capabilities: SelfManaged SuppVideo Video  Audio Routes: BESW Schemes: tel  Extras: Bundle[{android.telecom.extra.LOG_SELF_MANAGED_CALLS=false}]GroupId: ***]
07-28 22:45:24.475  5093  7834 I Telecom:SamsungPhoneAccountListener: onPhoneAccountChanged - PhoneAccount : [[X] PhoneAccount: ComponentInfo{com.whatsapp/com.whatsapp.calling.telecom.SelfManagedConnectionService}, ***, UserHandle{0} Capabilities: SelfManaged SuppVideo Video  Audio Routes: BESW Schemes: tel  Extras: Bundle[{android.telecom.extra.LOG_SELF_MANAGED_CALLS=false}] GroupId: ***]
07-28 22:45:24.477  5093  7834 I Telecom : CallsManager: handlePhoneAccountChanged: phoneAccount=[[X] PhoneAccount: ComponentInfo{com.whatsapp/com.whatsapp.calling.telecom.SelfManagedConnectionService}, ***, UserHandle{0} Capabilities: SelfManaged SuppVideo Video  Audio Routes: BESW Schemes: tel  Extras: Bundle[{android.telecom.extra.LOG_SELF_MANAGED_CALLS=false}] GroupId: ***]: TSI.rPA@CsQ
07-28 22:45:44.432  5093  5386 V SamsungAlarmManager: Sending to uid : 10275 action=com.whatsapp.alarm.CLIENT_PING_PERIODIC alarm=Alarm{e9dfb97 type 3 origWhen 56744867 whenElapsed 56744867 com.whatsapp}
07-28 22:45:44.435  5093  5386 D ActivityManager: Received BROADCAST intent 0x2651a30 Key{broadcastIntent pkg=com.whatsapp intent=act=com.whatsapp.alarm.CLIENT_PING_PERIODIC pkg=com.whatsapp flags=0x4000000 u=0} requestCode=0 sent=0 from uid 1000
07-28 22:45:53.038  5093  8421 D SamsungAlarmManager: Cancel Alarm calling from uid:10275 pid :1156 / OP:PendingIntent{e3b1e7d: PendingIntentRecord{2651a30 com.whatsapp broadcastIntent}}
07-28 22:45:53.060  5093  8421 D SamsungAlarmManager: setExact (T:2/F:5/AC:false) 20250728T224625 now=56764650 - CU:10275/CP:1156/OP:PendingIntent{9602579: PendingIntentRecord{df102be com.whatsapp broadcastIntent}}
07-28 22:45:53.436  5093  7852 D SamsungAlarmManager: Cancel Alarm calling from uid:10275 pid :1156 / OP:PendingIntent{b585ee9: PendingIntentRecord{df102be com.whatsapp broadcastIntent}}
07-28 22:45:53.486  5093  5542 D SamsungAlarmManager: setInexact (T:3/F:0/AC:false) 20250728T224953 now=56765076 - CU:10275/CP:1156/OP:PendingIntent{6f12646: PendingIntentRecord{e7ad007 com.whatsapp broadcastIntent}}
07-28 22:45:53.520  5093  5542 D SamsungAlarmManager: setInexact (T:3/F:0/AC:false) 20250728T224953 now=56765110 - CU:10275/CP:1156/OP:PendingIntent{216e534: PendingIntentRecord{e7ad007 com.whatsapp broadcastIntent}}
07-28 22:46:38.734  5093  5753 D SamsungAlarmManager: Cancel Alarm calling from uid:10275 pid :1156 / OP:PendingIntent{a5d4371: PendingIntentRecord{4b0f5ea com.whatsapp broadcastIntent}}
07-28 22:46:39.312  5093  8421 D SamsungAlarmManager: Cancel Alarm calling from uid:10275 pid :1156 / OP:PendingIntent{6a8d2c4: PendingIntentRecord{e7ad007 com.whatsapp broadcastIntent}}
07-28 22:50:38.002  5093  7827 W ActivityManager: Background start not allowed: service Intent { act=com.whatsapp.messaging.MessageService.START cmp=com.whatsapp/.messaging.MessageService } to com.whatsapp/.messaging.MessageService from pid=1156 uid=10275 pkg=com.whatsapp startFg?=false
07-28 22:50:38.003  5093  5753 D SamsungAlarmManager: setExact (T:2/F:5/AC:false) 20250728T230037 now=57049592 - CU:10275/CP:1156/OP:PendingIntent{82c3030: PendingIntentRecord{69f54a9 com.whatsapp broadcastIntent}}
07-28 22:50:38.005  5093  7827 D SamsungAlarmManager: setInexact (T:3/F:0/AC:false) 20250728T225053 now=57049594 - CU:10275/CP:1156/OP:PendingIntent{158ba2e: PendingIntentRecord{91579cf com.whatsapp broadcastIntent}}
07-28 22:50:38.640  5093  7827 D SamsungAlarmManager: setInexact (T:3/F:0/AC:false) 20250728T225053 now=57050229 - CU:10275/CP:1156/OP:PendingIntent{81f9351: PendingIntentRecord{91579cf com.whatsapp broadcastIntent}}
07-28 22:50:39.001  5093  7827 D SamsungAlarmManager: setExact (T:2/F:5/AC:false) 20250728T230038 now=57050591 - CU:10275/CP:1156/OP:PendingIntent{c79138d: PendingIntentRecord{69f54a9 com.whatsapp broadcastIntent}}
07-28 22:50:55.114  5093  5287 I PowerManagerService: [PWL]       PARTIAL_WAKE_LOCK              '*job*/com.whatsapp/androidx.work.impl.background.systemjob.SystemJobService' ACQ=-16s852ms (uid=1000 pid=5093 ws=WorkSource{10275} displayId=-1)
07-28 22:50:58.799  5093  5287 I PowerManagerService: [PWL]       PARTIAL_WAKE_LOCK              '*job*/com.whatsapp/androidx.work.impl.background.systemjob.SystemJobService' ACQ=-20s537ms (uid=1000 pid=5093 ws=WorkSource{10275} displayId=-1)
07-28 22:51:08.681  5093  5542 D SamsungAlarmManager: setInexact (T:3/F:0/AC:false) 20250728T225123 now=57080270 - CU:10275/CP:1156/OP:PendingIntent{dcb309e: PendingIntentRecord{91579cf com.whatsapp broadcastIntent}}
07-28 22:51:34.921  5093  5386 V SamsungAlarmManager: Sending to uid : 10275 action=com.whatsapp.alarm.CLIENT_PING_PERIODIC alarm=Alarm{a1d3d8e type 3 origWhen 57095264 whenElapsed 57095264 com.whatsapp}
07-28 22:51:34.923  5093  5386 D ActivityManager: Received BROADCAST intent 0x91579cf Key{broadcastIntent pkg=com.whatsapp intent=act=com.whatsapp.alarm.CLIENT_PING_PERIODIC pkg=com.whatsapp flags=0x4000000 u=0} requestCode=0 sent=0 from uid 1000
07-28 22:51:34.938  5093  5542 D SamsungAlarmManager: Cancel Alarm calling from uid:10275 pid :1156 / OP:PendingIntent{bdc1bc: PendingIntentRecord{91579cf com.whatsapp broadcastIntent}}
07-28 22:51:34.950  5093  5732 D SamsungAlarmManager: setExact (T:2/F:5/AC:false) 20250728T225206 now=57106540 - CU:10275/CP:1156/OP:PendingIntent{53af545: PendingIntentRecord{933a49a com.whatsapp broadcastIntent}}
07-28 22:51:35.267  5093  5732 D SamsungAlarmManager: Cancel Alarm calling from uid:10275 pid :1156 / OP:PendingIntent{4031cb: PendingIntentRecord{933a49a com.whatsapp broadcastIntent}}
07-28 22:51:35.271  5093  5542 D SamsungAlarmManager: setInexact (T:3/F:0/AC:false) 20250728T225535 now=57106861 - CU:10275/CP:1156/OP:PendingIntent{8833da8: PendingIntentRecord{49aa0c1 com.whatsapp broadcastIntent}}
07-28 22:52:01.365  5093  5542 D SamsungAlarmManager: Cancel Alarm calling from uid:10275 pid :1156 / OP:PendingIntent{2ebf9bd: PendingIntentRecord{69f54a9 com.whatsapp broadcastIntent}}
07-28 22:52:01.861  5093  7834 D SamsungAlarmManager: Cancel Alarm calling from uid:10275 pid :1156 / OP:PendingIntent{e7b3703: PendingIntentRecord{49aa0c1 com.whatsapp broadcastIntent}}
07-28 22:53:13.917  5093  8444 I ActivityManager: Background started FGS: Allowed [callingPackage: com.whatsapp; callingUid: 10275; uidState: SVC ; intent: Intent { cmp=com.whatsapp/.service.GcmFGService }; code:PUSH_MESSAGING; tempAllowListReason:<broadcast:u0a201:com.google.android.c2dm.intent.RECEIVE,reason:high-prio FCM,reasonCode:PUSH_MESSAGING,duration:20000,callingUid:10201>; targetSdkVersion:35; callerTargetSdkVersion:35; startForegroundCount:0; bindFromPackage:null]
07-28 22:53:13.949  5093  7948 W ActivityManager: Foreground service started from background can not have location/camera/microphone access: service com.whatsapp/.service.GcmFGService
07-28 22:53:14.501  5093  8444 D SamsungAlarmManager: setExact (T:2/F:5/AC:false) 20250728T230314 now=57206090 - CU:10275/CP:1156/OP:PendingIntent{4edd95: PendingIntentRecord{f55eeaa com.whatsapp broadcastIntent}}
07-28 22:53:14.507  5093  7948 D SamsungAlarmManager: setInexact (T:3/F:0/AC:false) 20250728T225329 now=57206097 - CU:10275/CP:1156/OP:PendingIntent{7ca9a9b: PendingIntentRecord{b413e38 com.whatsapp broadcastIntent}}
07-28 22:53:14.871  5093  7948 D SamsungAlarmManager: setExact (T:2/F:5/AC:false) 20250728T230314 now=57206460 - CU:10275/CP:1156/OP:PendingIntent{d9a902: PendingIntentRecord{f55eeaa com.whatsapp broadcastIntent}}
07-28 22:53:15.249  5093  8444 D SamsungAlarmManager: setInexact (T:3/F:0/AC:false) 20250728T225330 now=57206839 - CU:10275/CP:1156/OP:PendingIntent{543608b: PendingIntentRecord{b413e38 com.whatsapp broadcastIntent}}
07-28 22:53:41.512  5093  5386 V SamsungAlarmManager: Sending to uid : 10275 action=com.whatsapp.alarm.CLIENT_PING_PERIODIC alarm=Alarm{5902b type 3 origWhen 57221836 whenElapsed 57221836 com.whatsapp}
07-28 22:53:41.516  5093  5386 D ActivityManager: Received BROADCAST intent 0xb413e38 Key{broadcastIntent pkg=com.whatsapp intent=act=com.whatsapp.alarm.CLIENT_PING_PERIODIC pkg=com.whatsapp flags=0x4000000 u=0} requestCode=0 sent=0 from uid 1000
07-28 22:53:41.557  5093  7948 D SamsungAlarmManager: Cancel Alarm calling from uid:10275 pid :1156 / OP:PendingIntent{141621: PendingIntentRecord{b413e38 com.whatsapp broadcastIntent}}
07-28 22:53:41.574  5093  7948 D SamsungAlarmManager: setExact (T:2/F:5/AC:false) 20250728T225413 now=57233163 - CU:10275/CP:1156/OP:PendingIntent{5d1aa46: PendingIntentRecord{44b0407 com.whatsapp broadcastIntent}}
07-28 22:53:41.926  5093  7948 D SamsungAlarmManager: Cancel Alarm calling from uid:10275 pid :1156 / OP:PendingIntent{3950934: PendingIntentRecord{44b0407 com.whatsapp broadcastIntent}}
07-28 22:53:41.935  5093  8444 D SamsungAlarmManager: setInexact (T:3/F:0/AC:false) 20250728T225741 now=57233524 - CU:10275/CP:1156/OP:PendingIntent{17af35d: PendingIntentRecord{e6e24d2 com.whatsapp broadcastIntent}}
07-28 22:53:44.251  5093  5120 D SamsungAlarmManager: setInexact (T:3/F:0/AC:false) 20250728T225744 now=57235840 - CU:10275/CP:1156/OP:PendingIntent{23e3115: PendingIntentRecord{e6e24d2 com.whatsapp broadcastIntent}}
07-28 22:53:53.635  5093  5732 I ActivityTaskManager: START u0 {act=com.android.settings.SEARCH_RESULT_TRAMPOLINE dat=package:com.whatsapp cmp=com.android.settings/.search.SearchResultTrampoline (has extras)} from uid 10053
07-28 22:53:53.776  5093  7874 I ActivityTaskManager: START u0 {act=com.android.settings.SEARCH_RESULT_TRAMPOLINE dat=package:com.whatsapp flg=0x2800000 cmp=com.android.settings/.SubSettings (has extras)} from uid 1000
07-28 22:53:55.475  5093  7871 I ActivityTaskManager: START u0 {act=android.intent.action.MAIN cat=[android.intent.category.LAUNCHER] flg=0x10000000 pkg=com.whatsapp cmp=com.whatsapp/.Main} from uid 1000
07-28 22:53:55.477  5093  7871 D ActivityTaskManager: TaskLaunchParamsModifier:task=null activity=ActivityRecord{653b636 u0 com.whatsapp/.Main display-area-from-source=DefaultTaskDisplayArea@92327914 display-id=0 display-windowing-mode=1 suggested-display-area=DefaultTaskDisplayArea@92327914
07-28 22:53:55.478  5093  7871 D [secipm]: mSecIpmManager Preload com.whatsapp dex files
07-28 22:53:55.479  5093  7871 D ActivityTaskManager: TaskLaunchParamsModifier:task=null activity=ActivityRecord{653b636 u0 com.whatsapp/.Main t-1} display-area-from-source=DefaultTaskDisplayArea@92327914 display-id=0 display-windowing-mode=1 suggested-display-area=DefaultTaskDisplayArea@92327914 inherit-from-source=fullscreen activity-options-fullscreen=Rect(0, 0 - 0, 0) non-freeform-display display-area=DefaultTaskDisplayArea@92327914 maximized-bounds
07-28 22:53:55.483  5093  7871 D ActivityTaskManager: TaskLaunchParamsModifier:task=Task{6ed3937 #35859 type=standard A=10275:com.whatsapp U=0 visible=false mode=fullscreen translucent=true sz=0} activity=ActivityRecord{653b636 u0 com.whatsapp/.Main t-1} display-area-from-source=DefaultTaskDisplayArea@92327914 display-id=0 display-windowing-mode=1 suggested-display-area=DefaultTaskDisplayArea@92327914 inherit-from-source=fullscreen activity-options-fullscreen=Rect(0, 0 - 0, 0) non-freeform-display display-area=DefaultTaskDisplayArea@92327914 maximized-bounds
07-28 22:53:55.538  5093  5605 D MARsPolicyManager: onPackageResumedFG pkgName = com.whatsapp, userId = 0
07-28 22:53:55.540  5093  5605 D WindowManager: rotationForOrientation, orientationSource=ActivityRecord{653b636 u0 com.whatsapp/.Main t35859}
07-28 22:53:55.540  5093  5605 D WindowManager: rotationForOrientation, orientationSource=ActivityRecord{653b636 u0 com.whatsapp/.Main t35859}
07-28 22:53:55.541  5093  5605 D WindowManager: rotationForOrientation, orientationSource=ActivityRecord{653b636 u0 com.whatsapp/.Main t35859}
07-28 22:53:55.543  5093  5605 D SGM:PkgDataHelper: notifyAppCreate(), pkgName: com.whatsapp, userId: 0, sendRet: true
07-28 22:53:55.543  5093  5426 D SGM:GameManager: onLooperPrepared(), msg: MSG_APP_CREATE, pkgName: com.whatsapp, userId: 0
07-28 22:53:55.547  5594  5649 D StartingSurfaceDrawer: addSplashScreen com.whatsapp theme=7f150553 task=35859 suggestType=3
07-28 22:53:55.566  5093  5605 D SGM:GameManager:   sendRunningComponentFocus(), pkgName: com.whatsapp, userId: 0
07-28 22:53:55.566  5093  5426 D SGM:GameManager: onLooperPrepared(), msg: MSG_TASK_FOCUSED, pkgName: com.whatsapp, userId: 0
07-28 22:53:55.566  5093  5426 D SGM:GameManager:   handleTaskFocused(), pkgName: com.whatsapp, userID:0
07-28 22:53:55.567  5093  5426 D SGM:GameManager:   handleResume(). pkgName: com.whatsapp, userId: 0, isTunableApp: null
07-28 22:53:55.567  5093  5426 D SGM:GameManager: notifyFocusInOut(). of pkg: com.whatsapp, type: 4, isMinimized: false, isTunableApp: false, userId: 0
07-28 22:53:55.580  5093  5257 V ActivityManager: Changed top to ProcessRecord{9adb6ef 1156:com.whatsapp/u0a275}
07-28 22:53:55.590  5093  6529 D WindowManager: makeSurface duration=4 name=Splash Screen com.whatsapp$_5594
07-28 22:53:55.627  5093  8421 D WindowManager: finishDrawingWindow: Window{d5418e6 u0 Splash Screen com.whatsapp} mDrawState=DRAW_PENDING
07-28 22:53:55.696  5093  5257 D SGM:GameManager: noteResumeComponent(), received pkgName: com.whatsapp, userId: 0
07-28 22:53:55.698  5093  5426 D SGM:GameManager: onLooperPrepared(), msg: MSG_APP_RESUME, pkgName: com.whatsapp, userid: 0
07-28 22:53:55.700  5093  5257 D SGM:GameManager: identifyGamePackage. com.whatsapp, mCurrentUserId: 0, callerUserId: 0, callingMethodInfo: com.android.server.ssrm.fgapps.GameAppUtils.isGame(GameAppUtils.java:84)
07-28 22:53:55.700  5093  5257 D SGM:PkgDataHelper: getGamePkgData(). com.whatsapp
07-28 22:53:55.700  5093  5257 D SGM:GameManager: identifyGamePackage. com.whatsapp, mCurrentUserId: 0, callerUserId: 0, callingMethodInfo: com.android.server.ssrm.SortingMachine.isGame(SortingMachine.java:162)
07-28 22:53:55.700  5093  5257 D SGM:PkgDataHelper: getGamePkgData(). com.whatsapp
07-28 22:53:55.701  5093  5257 I GameSDK@LifeCycle: noteResumeComponent(): package name  : com.whatsapp
07-28 22:53:55.703  5093  5732 D SGM:GameManager: identifyForegroundApp. com.whatsapp, mCurrentUserId: 0, callerUserId:0
07-28 22:53:55.703  5093  5732 D SGM:PkgDataHelper: getGamePkgData(). com.whatsapp
07-28 22:53:55.712  5093  6529 D SGM:GameManager: identifyGamePackage. com.whatsapp, mCurrentUserId: 0, callerUserId: 0, callingMethodInfo: com.samsung.android.game.IGameManagerService$Stub.onTransact(IGameManagerService.java:242)
07-28 22:53:55.712  5093  6529 D SGM:PkgDataHelper: getGamePkgData(). com.whatsapp
07-28 22:53:55.731  5093  5641 D MdnieScenarioControlService:  packageName : com.whatsapp    className : com.whatsapp.Main
07-28 22:53:55.763  5093  8421 I ActivityTaskManager: START u0 {cmp=com.whatsapp/.home.ui.HomeActivity (has extras)} from uid 10275
07-28 22:53:55.764  5093  8421 D ActivityTaskManager: TaskLaunchParamsModifier:task=null activity=ActivityRecord{aad21bu0 com.whatsapp/.home.ui.HomeActivity display-area-from-source=DefaultTaskDisplayArea@92327914 display-id=0 display-windowing-mode=1 suggested-display-area=DefaultTaskDisplayArea@92327914
07-28 22:53:55.765  5093  8421 D ActivityTaskManager: TaskLaunchParamsModifier:task=Task{6ed3937 #35859 type=standard A=10275:com.whatsapp U=0 visible=true mode=fullscreen translucent=false sz=1} activity=ActivityRecord{aad21b u0 com.whatsapp/.home.ui.HomeActivity t-1} display-area-from-source=DefaultTaskDisplayArea@92327914 display-id=0 display-windowing-mode=1 suggested-display-area=DefaultTaskDisplayArea@92327914 inherit-from-source=fullscreen activity-options-fullscreen=Rect(0, 0 - 0, 0) non-freeform-display display-area=DefaultTaskDisplayArea@92327914 maximized-bounds
07-28 22:53:55.783  5093  5257 D SGM:GameManager: notePauseComponent(), received pkgName: com.whatsapp, userId: 0
07-28 22:53:55.785  5093  8421 D MARsPolicyManager: onPackageResumedFG pkgName = com.whatsapp, userId = 0
07-28 22:53:55.786  5093  8421 D WindowManager: rotationForOrientation, orientationSource=ActivityRecord{aad21b u0 com.whatsapp/.home.ui.HomeActivity t35859}
07-28 22:53:55.788  5093  8421 D SGM:PkgDataHelper: notifyAppCreate(), pkgName: com.whatsapp, userId: 0, sendRet: true
07-28 22:53:55.788  5093  5426 D SGM:GameManager: onLooperPrepared(), msg: MSG_APP_CREATE, pkgName: com.whatsapp, userId: 0
07-28 22:53:55.812  5093  5257 D SGM:GameManager: noteResumeComponent(), received pkgName: com.whatsapp, userId: 0
07-28 22:53:55.813  5093  5257 I GameSDK@LifeCycle: noteResumeComponent(): package name  : com.whatsapp
07-28 22:53:55.814  5093  5426 D SGM:GameManager: onLooperPrepared(), msg: MSG_APP_RESUME, pkgName: com.whatsapp, userid: 0
07-28 22:53:55.915  5093  5254 D WindowManager: rotationForOrientation, orientationSource=ActivityRecord{aad21b u0 com.whatsapp/.home.ui.HomeActivity t35859}
07-28 22:53:55.974  5093  5254 D WindowManager: rotationForOrientation, orientationSource=ActivityRecord{aad21b u0 com.whatsapp/.home.ui.HomeActivity t35859}
07-28 22:53:55.992  5093  5254 D WindowManager: rotationForOrientation, orientationSource=ActivityRecord{aad21b u0 com.whatsapp/.home.ui.HomeActivity t35859}
