07-28 20:12:50.216  5093  8275 I WindowManager: Reparenting to leash, surface=Surface(name=cbb19f0 Splash Screen com.whatsapp)/@0xe420e23, leashParent=Surface(name=ActivityRecord{cc5b52 u0 com.whatsapp/.home.ui.HomeActivity t35854})/@0x216a4bd
07-28 20:12:50.217  5093  8275 D WindowManager: makeSurface duration=1 leash=Surface(name=Surface(name=cbb19f0 Splash Screen com.whatsapp)/@0xe420e23 - animation-leash of window_animation)/@0x8e410d6
07-28 20:12:50.229  5093  7827 I WindowManager: Cancelling animation restarting=false, leash=Surface(name=Surface(name=f291e9b com.whatsapp/com.whatsapp.home.ui.HomeActivity)/@0xb352414 - animation-leash of starting_reveal)/@0x103eab2
07-28 20:12:50.229  5093  7827 I WindowManager: Reparenting to original parent: Surface(name=ActivityRecord{cc5b52 u0 com.whatsapp/.home.ui.HomeActivity t35854})/@0x216a4bd, destroy=false, surface=Surface(name=f291e9b com.whatsapp/com.whatsapp.home.ui.HomeActivity)/@0xb352414
07-28 20:12:50.258  5093  5258 I WindowManager: Reparenting to original parent: Surface(name=ActivityRecord{cc5b52 u0 com.whatsapp/.home.ui.HomeActivity t35854})/@0x216a4bd, destroy=true, surface=Surface(name=cbb19f0 Splash Screen com.whatsapp)/@0xe420e23
07-28 20:12:50.258  5093  5258 E WindowManager: win=Window{cbb19f0 u0 Splash Screen com.whatsapp EXITING} destroySurfaces: appStopped=false win.mWindowRemovalAllowed=true win.mRemoveOnExit=true win.mViewVisibility=8 caller=com.android.server.wm.ActivityRecord.destroySurfaces:5873 com.android.server.wm.ActivityRecord.destroySurfaces:5854 com.android.server.wm.WindowState.onExitAnimationDone:5992 com.android.server.wm.WindowStateAnimator.onAnimationFinished:242 com.android.server.wm.WindowState.onAnimationFinished:6245 com.android.server.wm.WindowContainer$$ExternalSyntheticLambda0.onAnimationFinished:2 com.android.server.wm.SurfaceAnimator.lambda$getFinishedCallback$0$SurfaceAnimator:113
07-28 20:12:50.259  5093  5258 I WindowManager: Destroying surface Surface(name=Splash Screen com.whatsapp$_5594)/@0x39436b0 called by com.android.server.wm.WindowStateAnimator.destroySurface:987 com.android.server.wm.WindowStateAnimator.destroySurfaceLocked:518 com.android.server.wm.WindowState.destroySurfaceUnchecked:4246 com.android.server.wm.WindowState.destroySurface:4220 com.android.server.wm.ActivityRecord.destroySurfaces:5873 com.android.server.wm.ActivityRecord.destroySurfaces:5854 com.android.server.wm.WindowState.onExitAnimationDone:5992 com.android.server.wm.WindowStateAnimator.onAnimationFinished:242
07-28 20:12:50.272  5093  7827 I ActivityTaskManager: Removing activity ActivityRecord{6175e16 u0 com.whatsapp/.Main t35854 f}}(activityDestroyed)  from stack callers=com.android.server.wm.ActivityRecord.destroyed:4112 com.android.server.wm.ActivityClientController.activityDestroyed:288 android.app.IActivityClientController$Stub.onTransact:604 com.android.server.wm.ActivityClientController.onTransact:130 android.os.Binder.execTransactInternal:1220
07-28 20:12:50.338  5093  5641 D MdnieScenarioControlService:  packageName : com.whatsapp    className : com.whatsapp.home.ui.HomeActivity
07-28 20:12:50.352  5093  7827 D SamsungAlarmManager: setExact (T:2/F:5/AC:false) 20250728T202250 now=47581941 - CU:10275/CP:31181/OP:PendingIntent{85c3c74: PendingIntentRecord{f69459d com.whatsapp broadcastIntent}}
07-28 20:12:50.356  5093  8421 D SamsungAlarmManager: setInexact (T:3/F:0/AC:false) 20250728T201305 now=47581945 - CU:10275/CP:31181/OP:PendingIntent{d999e99: PendingIntentRecord{c11555e com.whatsapp broadcastIntent}}
07-28 20:12:50.359  5093  5605 D SamsungAlarmManager: setExact (T:2/F:5/AC:false) 20250728T202250 now=47581946 - CU:10275/CP:31181/OP:PendingIntent{182d3f: PendingIntentRecord{f69459d com.whatsapp broadcastIntent}}
07-28 20:12:50.572  5093  7914 D SamsungAlarmManager: setExact (T:2/F:5/AC:false) 20250728T202250 now=47582161 - CU:10275/CP:31181/OP:PendingIntent{21414e6: PendingIntentRecord{f69459d com.whatsapp broadcastIntent}}
07-28 20:12:50.738  5093  5753 D SamsungAlarmManager: setInexact (T:3/F:0/AC:false) 20250728T201305 now=47582327 - CU:10275/CP:31181/OP:PendingIntent{2699a40: PendingIntentRecord{c11555e com.whatsapp broadcastIntent}}
07-28 20:12:50.798  5093  5257 D SGM:GameManager: identifyForegroundApp. com.whatsapp, mCurrentUserId: 0, callerUserId:0
07-28 20:12:50.798  5093  5257 D SGM:PkgDataHelper: getGamePkgData(). com.whatsapp
07-28 20:12:50.839  5093  5254 D WindowManager: rotationForOrientation, orientationSource=ActivityRecord{cc5b52 u0 com.whatsapp/.home.ui.HomeActivity t35854}
07-28 20:12:50.859  5093  5254 D WindowManager: rotationForOrientation, orientationSource=ActivityRecord{cc5b52 u0 com.whatsapp/.home.ui.HomeActivity t35854}
07-28 20:12:51.001  5093  5753 D SamsungAlarmManager: setExact (T:2/F:5/AC:false) 20250728T202250 now=47582591 - CU:10275/CP:31181/OP:PendingIntent{14a4322: PendingIntentRecord{f69459d com.whatsapp broadcastIntent}}
07-28 20:12:51.024  5093  5753 D SamsungAlarmManager: setExact (T:2/F:5/AC:false) 20250728T202251 now=47582613 - CU:10275/CP:31181/OP:PendingIntent{7381370: PendingIntentRecord{f69459d com.whatsapp broadcastIntent}}
07-28 20:12:52.440  5093  5605 D WindowManager: Moved rootTask=Task{93abb6f #1 type=home ?? U=0 visible=false mode=fullscreen translucent=true sz=1} behind rootTask=Task{e73260a #35854 type=standard A=10275:com.whatsapp U=0 visible=true mode=fullscreen translucent=false sz=1}
07-28 20:12:52.604  5093  5641 D MdnieScenarioControlService:  packageName : com.whatsapp    className : com.whatsapp.home.ui.HomeActivity
07-28 20:12:52.858  5093  8275 D SamsungAlarmManager: Cancel Alarm calling from uid:10275 pid :31181 / OP:PendingIntent{7af9f87: PendingIntentRecord{c11555e com.whatsapp broadcastIntent}}
07-28 20:12:52.872  5093  6529 D SamsungAlarmManager: setExact (T:2/F:5/AC:false) 20250728T202252 now=47584461 - CU:10275/CP:31181/OP:PendingIntent{85cad23: PendingIntentRecord{f69459d com.whatsapp broadcastIntent}}
07-28 20:12:52.876  5093  8275 D SamsungAlarmManager: setExact (T:2/F:5/AC:false) 20250728T201324 now=47584465 - CU:10275/CP:31181/OP:PendingIntent{8489220: PendingIntentRecord{82c27d9 com.whatsapp broadcastIntent}}
07-28 20:12:52.906  5093  8275 D WindowManager: onAnimationFinished(): targetRootTask=Task{93abb6f #1 type=home ?? U=0 visible=false mode=fullscreen translucent=false sz=1} targetActivity=ActivityRecord{23e9d01 u0 com.sec.android.app.launcher/.activities.LauncherActivity t35808} mRestoreTargetBehindRootTask=Task{e73260a #35854 type=standard A=10275:com.whatsapp U=0 visible=true mode=fullscreen translucent=false sz=1}
07-28 20:12:52.908  5093  8275 V WindowManager: Changing focus from Window{f291e9b u0 com.whatsapp/com.whatsapp.home.ui.HomeActivity} to Window{80fa2b9 u0 com.sec.android.app.launcher/com.sec.android.app.launcher.activities.LauncherActivity} displayId=0 Callers=com.android.server.wm.RootWindowContainer.updateFocusedWindowLocked:583 com.android.server.wm.WindowManagerService.updateFocusedWindowLocked:6497 com.android.server.wm.DisplayContent.layoutAndAssignWindowLayersIfNeeded:4693 com.android.server.wm.TaskDisplayArea.positionChildTaskAt:560
07-28 20:12:52.929  5093  8275 V WindowManager: Setting visibility of Window{f291e9b u0 com.whatsapp/com.whatsapp.home.ui.HomeActivity}: false, caller=com.android.server.wm.WindowContainer.sendAppVisibilityToClients:1110 com.android.server.wm.WindowToken.setClientVisible:448 com.android.server.wm.ActivityRecord.setClientVisible:7040 com.android.server.wm.ActivityRecord.onAnimationFinished:7927 com.android.server.wm.ActivityRecord.postApplyAnimation:5604
07-28 20:12:52.968  5093  5257 D SGM:GameManager: notePauseComponent(), received pkgName: com.whatsapp, userId: 0
07-28 20:12:53.050  5093  5753 E WindowManager: win=Window{f291e9b u0 com.whatsapp/com.whatsapp.home.ui.HomeActivity} destroySurfaces: appStopped=true win.mWindowRemovalAllowed=false win.mRemoveOnExit=false win.mViewVisibility=8 caller=com.android.server.wm.ActivityRecord.destroySurfaces:5873 com.android.server.wm.ActivityRecord.destroySurfaces:5854 com.android.server.wm.ActivityRecord.notifyAppStopped:5918 com.android.server.wm.ActivityRecord.activityStopped:6560 com.android.server.wm.ActivityClientController.activityStopped:254 android.app.IActivityClientController$Stub.onTransact:596 com.android.server.wm.ActivityClientController.onTransact:130
07-28 20:12:53.050  5093  5753 I WindowManager: Destroying surface Surface(name=com.whatsapp/com.whatsapp.home.ui.HomeActivity$_31181)/@0xdf5b90a called by com.android.server.wm.WindowStateAnimator.destroySurface:987 com.android.server.wm.WindowStateAnimator.destroySurfaceLocked:518 com.android.server.wm.WindowState.destroySurfaceUnchecked:4246 com.android.server.wm.WindowState.destroySurface:4220 com.android.server.wm.ActivityRecord.destroySurfaces:5873 com.android.server.wm.ActivityRecord.destroySurfaces:5854 com.android.server.wm.ActivityRecord.notifyAppStopped:5918 com.android.server.wm.ActivityRecord.activityStopped:6560
07-28 20:12:53.174  5093  7827 D SamsungAlarmManager: Cancel Alarm calling from uid:10275 pid :31181 / OP:PendingIntent{562e14f: PendingIntentRecord{82c27d9 com.whatsapp broadcastIntent}}
07-28 20:12:53.184  5093  7827 D SamsungAlarmManager: setInexact (T:3/F:0/AC:false) 20250728T201653 now=47584773 - CU:10275/CP:31181/OP:PendingIntent{dda30dc: PendingIntentRecord{6f205e5 com.whatsapp broadcastIntent}}
07-28 20:13:03.688  5093  5287 I PowerManagerService: [PWL]       PARTIAL_WAKE_LOCK              '*job*/com.whatsapp/androidx.work.impl.background.systemjob.SystemJobService' ACQ=-13s165ms (uid=1000 pid=5093 ws=WorkSource{10275} displayId=-1)
07-28 20:13:04.842  5093  5287 I PowerManagerService: [PWL]       PARTIAL_WAKE_LOCK              '*job*/com.whatsapp/androidx.work.impl.background.systemjob.SystemJobService' ACQ=-14s319ms (uid=1000 pid=5093 ws=WorkSource{10275} displayId=-1)
07-28 20:13:14.849  5093  5287 I PowerManagerService: [PWL]       PARTIAL_WAKE_LOCK              '*job*/com.whatsapp/androidx.work.impl.background.systemjob.SystemJobService' ACQ=-24s325ms (uid=1000 pid=5093 ws=WorkSource{10275} displayId=-1)
07-28 20:13:20.747  5093  8421 D SamsungAlarmManager: Cancel Alarm calling from uid:10275 pid :31181 / OP:PendingIntent{94753d5: PendingIntentRecord{f69459d com.whatsapp broadcastIntent}}
07-28 20:13:20.757  5093  6529 D SamsungAlarmManager: Cancel Alarm calling from uid:10275 pid :31181 / OP:PendingIntent{aa7c7ea: PendingIntentRecord{6f205e5 com.whatsapp broadcastIntent}}
07-28 20:14:10.600  5093  5269 W ActivityManager: Stopping service due to app idle: u0a275 -1m20s740ms com.whatsapp/.messaging.MessageService
07-28 20:16:33.198  5093  5282 D MARs:ActiveTrafficFilter: filter : com.whatsapp(0)
07-28 20:16:48.213  5093  5282 D MARs:ActiveTrafficFilter: filter : com.whatsapp(0)
07-28 20:17:03.283  5093  5282 D MARs:ActiveTrafficFilter: filter : com.whatsapp(0)
07-28 20:17:48.487  5093  5282 D MARs:ActiveTrafficFilter: filter : com.whatsapp(0)
07-28 20:18:03.561  5093  5282 D MARs:ActiveTrafficFilter: filter : com.whatsapp(0)
07-28 21:23:50.212  5093  7852 I Telecom:SamsungPhoneAccountListener: onAccountsChanged - allPhoneAccountsOfCurrentUser: [[[X] PhoneAccount: ComponentInfo{com.android.phone/com.android.services.telephony.TelephonyConnectionService}, ***, UserHandle{0} Capabilities: SuppVideo CallProvider MultiUser PlaceEmerg SimSub  Audio Routes: BESW Schemes: tel voicemail  Extras: Bundle[{com.samsung.telecom.extra.SUPPORT_VRBT=false, android.telecom.extra.SUPPORTS_VIDEO_CALLING_FALLBACK=true, com.samsung.telecom.extra.SUBSCRIPTION_ID=1, com.samsung.telecom.extra.CAN_COEXIST_ACCOUNT=true, com.samsung.telecom.extra.PHONE_ID=0, android.telecom.extra.SORT_ORDER=0, com.samsung.telecom.extra.NO_CHECK_IF_VIDEO_CAPABLE=true}] GroupId: ***], [[X] PhoneAccount: ComponentInfo{com.google.android.apps.tachyon/com.google.android.apps.tachyon.telecom.TachyonTelecomConnectionService}, ***, UserHandle{0} Capabilities: SelfManaged Video  Audio Routes: BESW Schemes: tel  Extras: Bundle[{android.telecom.extra.LOG_SELF_MANAGED_CALLS=true, android.telecom.extra.SUPPORTS_HANDOVER_TO=true}] GroupId: ***], [[X] PhoneAccount: ComponentInfo{org.thoughtcrime.securesms/org.thoughtcrime.securesms.service.webrtc.AndroidCallConnectionService}, ***, UserHandle{0} Capabilities: SelfManaged Video  Audio Routes: BESW Schemes: tel  Extras: null GroupId: ***], [[X] PhoneAccount: ComponentInfo{com.whatsapp/com.whatsapp.calling.telecom.SelfManagedConnectionService}, ***, UserHandle{0} Capabilities: SelfManaged SuppVideo Video  Audio Routes: BESW Schemes: tel  Extras: Bundle[{android.telecom.extra.LOG_SELF_MANAGED_CALLS=false}] GroupId: ***]]
07-28 21:23:50.212  5093  7852 I Telecom:SamsungPhoneAccountListener: onAccountsChanged : [[X] PhoneAccount: ComponentInfo{com.whatsapp/com.whatsapp.calling.telecom.SelfManagedConnectionService}, ***, UserHandle{0} Capabilities: SelfManaged SuppVideo Video  Audio Routes: BESW Schemes: tel  Extras: Bundle[{android.telecom.extra.LOG_SELF_MANAGED_CALLS=false}]GroupId: ***]
07-28 21:24:10.082  5093  7930 I Telecom:SamsungPhoneAccountListener: onAccountsChanged - allPhoneAccountsOfCurrentUser: [[[X] PhoneAccount: ComponentInfo{com.android.phone/com.android.services.telephony.TelephonyConnectionService}, ***, UserHandle{0} Capabilities: SuppVideo CallProvider MultiUser PlaceEmerg SimSub  Audio Routes: BESW Schemes: tel voicemail  Extras: Bundle[{com.samsung.telecom.extra.SUPPORT_VRBT=false, android.telecom.extra.SUPPORTS_VIDEO_CALLING_FALLBACK=true, com.samsung.telecom.extra.SUBSCRIPTION_ID=1, com.samsung.telecom.extra.CAN_COEXIST_ACCOUNT=true, com.samsung.telecom.extra.PHONE_ID=0, android.telecom.extra.SORT_ORDER=0, com.samsung.telecom.extra.NO_CHECK_IF_VIDEO_CAPABLE=true}] GroupId: ***], [[X] PhoneAccount: ComponentInfo{com.google.android.apps.tachyon/com.google.android.apps.tachyon.telecom.TachyonTelecomConnectionService}, ***, UserHandle{0} Capabilities: SelfManaged Video  Audio Routes: BESW Schemes: tel  Extras: Bundle[{android.telecom.extra.LOG_SELF_MANAGED_CALLS=true, android.telecom.extra.SUPPORTS_HANDOVER_TO=true}] GroupId: ***], [[X] PhoneAccount: ComponentInfo{org.thoughtcrime.securesms/org.thoughtcrime.securesms.service.webrtc.AndroidCallConnectionService}, ***, UserHandle{0} Capabilities: SelfManaged Video  Audio Routes: BESW Schemes: tel  Extras: null GroupId: ***], [[X] PhoneAccount: ComponentInfo{com.whatsapp/com.whatsapp.calling.telecom.SelfManagedConnectionService}, ***, UserHandle{0} Capabilities: SelfManaged SuppVideo Video  Audio Routes: BESW Schemes: tel  Extras: Bundle[{android.telecom.extra.LOG_SELF_MANAGED_CALLS=false}] GroupId: ***]]
07-28 21:24:10.083  5093  7930 I Telecom:SamsungPhoneAccountListener: onAccountsChanged : [[X] PhoneAccount: ComponentInfo{com.whatsapp/com.whatsapp.calling.telecom.SelfManagedConnectionService}, ***, UserHandle{0} Capabilities: SelfManaged SuppVideo Video  Audio Routes: BESW Schemes: tel  Extras: Bundle[{android.telecom.extra.LOG_SELF_MANAGED_CALLS=false}]GroupId: ***]
07-28 21:24:10.152  5093  8444 I Telecom:SamsungPhoneAccountListener: onAccountsChanged - allPhoneAccountsOfCurrentUser: [[[X] PhoneAccount: ComponentInfo{com.android.phone/com.android.services.telephony.TelephonyConnectionService}, ***, UserHandle{0} Capabilities: SuppVideo Video CallProvider MultiUser PlaceEmerg SimSub  Audio Routes: BESW Schemes: tel voicemail  Extras: Bundle[{com.samsung.telecom.extra.SUPPORT_VRBT=false, android.telecom.extra.SUPPORTS_VIDEO_CALLING_FALLBACK=true, com.samsung.telecom.extra.SUBSCRIPTION_ID=1, com.samsung.telecom.extra.CAN_COEXIST_ACCOUNT=true, com.samsung.telecom.extra.PHONE_ID=0, android.telecom.extra.SORT_ORDER=0, com.samsung.telecom.extra.NO_CHECK_IF_VIDEO_CAPABLE=true}]GroupId: ***], [[X] PhoneAccount: ComponentInfo{com.google.android.apps.tachyon/com.google.android.apps.tachyon.telecom.TachyonTelecomConnectionService}, ***, UserHandle{0} Capabilities: SelfManaged Video  Audio Routes: BESW Schemes: tel  Extras: Bundle[{android.telecom.extra.LOG_SELF_MANAGED_CALLS=true, android.telecom.extra.SUPPORTS_HANDOVER_TO=true}] GroupId: ***], [[X] PhoneAccount: ComponentInfo{org.thoughtcrime.securesms/org.thoughtcrime.securesms.service.webrtc.AndroidCallConnectionService}, ***, UserHandle{0} Capabilities: SelfManaged Video  Audio Routes: BESW Schemes: tel  Extras: null GroupId: ***], [[X] PhoneAccount: ComponentInfo{com.whatsapp/com.whatsapp.calling.telecom.SelfManagedConnectionService}, ***, UserHandle{0} Capabilities: SelfManaged SuppVideo Video  Audio Routes: BESW Schemes: tel  Extras: Bundle[{android.telecom.extra.LOG_SELF_MANAGED_CALLS=false}] GroupId: ***]]
07-28 21:24:10.152  5093  8444 I Telecom:SamsungPhoneAccountListener: onAccountsChanged : [[X] PhoneAccount: ComponentInfo{com.whatsapp/com.whatsapp.calling.telecom.SelfManagedConnectionService}, ***, UserHandle{0} Capabilities: SelfManaged SuppVideo Video  Audio Routes: BESW Schemes: tel  Extras: Bundle[{android.telecom.extra.LOG_SELF_MANAGED_CALLS=false}]GroupId: ***]
07-28 22:20:41.792  5093  5282 D MARs:ActiveTrafficFilter: filter : com.whatsapp(0)
07-28 22:20:56.820  5093  5282 D MARs:ActiveTrafficFilter: filter : com.whatsapp(0)
07-28 22:22:50.334  5093  7852 I Telecom:SamsungPhoneAccountListener: onAccountsChanged - allPhoneAccountsOfCurrentUser: [[[X] PhoneAccount: ComponentInfo{com.android.phone/com.android.services.telephony.TelephonyConnectionService}, ***, UserHandle{0} Capabilities: SuppVideo Video CallProvider MultiUser PlaceEmerg SimSub  Audio Routes: BESW Schemes: tel voicemail  Extras: Bundle[{com.samsung.telecom.extra.SUPPORT_VRBT=false, android.telecom.extra.SUPPORTS_VIDEO_CALLING_FALLBACK=true, com.samsung.telecom.extra.SUBSCRIPTION_ID=1, com.samsung.telecom.extra.CAN_COEXIST_ACCOUNT=true, com.samsung.telecom.extra.PHONE_ID=0, android.telecom.extra.SORT_ORDER=0, com.samsung.telecom.extra.NO_CHECK_IF_VIDEO_CAPABLE=true}]GroupId: ***], [[X] PhoneAccount: ComponentInfo{com.google.android.apps.tachyon/com.google.android.apps.tachyon.telecom.TachyonTelecomConnectionService}, ***, UserHandle{0} Capabilities: SelfManaged Video  Audio Routes: BESW Schemes: tel  Extras: Bundle[{android.telecom.extra.LOG_SELF_MANAGED_CALLS=true, android.telecom.extra.SUPPORTS_HANDOVER_TO=true}] GroupId: ***], [[X] PhoneAccount: ComponentInfo{org.thoughtcrime.securesms/org.thoughtcrime.securesms.service.webrtc.AndroidCallConnectionService}, ***, UserHandle{0} Capabilities: SelfManaged Video  Audio Routes: BESW Schemes: tel  Extras: null GroupId: ***], [[X] PhoneAccount: ComponentInfo{com.whatsapp/com.whatsapp.calling.telecom.SelfManagedConnectionService}, ***, UserHandle{0} Capabilities: SelfManaged SuppVideo Video  Audio Routes: BESW Schemes: tel  Extras: Bundle[{android.telecom.extra.LOG_SELF_MANAGED_CALLS=false}] GroupId: ***]]
07-28 22:22:50.334  5093  7852 I Telecom:SamsungPhoneAccountListener: onAccountsChanged : [[X] PhoneAccount: ComponentInfo{com.whatsapp/com.whatsapp.calling.telecom.SelfManagedConnectionService}, ***, UserHandle{0} Capabilities: SelfManaged SuppVideo Video  Audio Routes: BESW Schemes: tel  Extras: Bundle[{android.telecom.extra.LOG_SELF_MANAGED_CALLS=false}]GroupId: ***]
07-28 22:25:34.005  5093  5282 D MARs:ActiveTrafficFilter: filter : com.whatsapp(0)
07-28 22:25:49.070  5093  5282 D MARs:ActiveTrafficFilter: filter : com.whatsapp(0)
07-28 22:26:04.145  5093  5282 D MARs:ActiveTrafficFilter: filter : com.whatsapp(0)
07-28 22:26:19.219  5093  5282 D MARs:ActiveTrafficFilter: filter : com.whatsapp(0)
07-28 22:26:34.300  5093  5282 D MARs:ActiveTrafficFilter: filter : com.whatsapp(0)
07-28 22:34:50.471  5093  5282 D MARs:ActiveTrafficFilter: filter : com.whatsapp(0)
07-28 22:35:05.500  5093  5282 D MARs:ActiveTrafficFilter: filter : com.whatsapp(0)
07-28 22:35:20.587  5093  5282 D MARs:ActiveTrafficFilter: filter : com.whatsapp(0)
07-28 22:35:35.680  5093  5282 D MARs:ActiveTrafficFilter: filter : com.whatsapp(0)
07-28 22:38:51.643  5093  5282 D MARs:ActiveTrafficFilter: filter : com.whatsapp(0)
07-28 22:39:06.726  5093  5282 D MARs:ActiveTrafficFilter: filter : com.whatsapp(0)
07-28 22:39:21.810  5093  5282 D MARs:ActiveTrafficFilter: filter : com.whatsapp(0)
07-28 22:39:36.917  5093  5282 D MARs:ActiveTrafficFilter: filter : com.whatsapp(0)
07-28 22:39:51.986  5093  5282 D MARs:ActiveTrafficFilter: filter : com.whatsapp(0)
07-28 22:40:07.057  5093  5282 D MARs:ActiveTrafficFilter: filter : com.whatsapp(0)
07-28 22:40:22.144  5093  5282 D MARs:ActiveTrafficFilter: filter : com.whatsapp(0)
07-28 22:42:53.896  5093  5269 I ActivityManager: Killing 31181:com.whatsapp/u0a275 (adj 700): excessive cpu 15980 during 300136 dur=2473280 limit=2
07-28 22:42:54.068  5093  5731 I WindowManager: WIN DEATH: Window{f291e9b u0 com.whatsapp/com.whatsapp.home.ui.HomeActivity}
07-28 22:42:54.105  5093  5268 W UsageStatsService: Unexpected activity event reported! (com.whatsapp/com.whatsapp.home.ui.HomeActivity event : 23 instanceId : 254669789)
07-28 22:44:26.988  5093  5386 D SamsungAlarmManager: setInexact (T:3/F:0/AC:false) 20250728T232258 now=56678577 - CU:1000/CP:5093/OP:PendingIntent{abf8a3c: PendingIntentRecord{61453c5 com.whatsapp broadcastIntent}}
07-28 22:44:27.047  5093  5386 V SamsungAlarmManager: Sending to uid : 10275 action=com.whatsapp.action.HOURLY_CRON alarm=Alarm{14140bb type 3 origWhen 48189710 whenElapsed 56678561 com.whatsapp}
07-28 22:44:27.049  5093  5386 D ActivityManager: Received BROADCAST intent 0x61453c5 Key{broadcastIntent pkg=com.whatsapp intent=act=com.whatsapp.action.HOURLY_CRON cmp=com.whatsapp/.alarmservice.AlarmBroadcastReceiver flags=0x4000000 u=0} requestCode=0 sent=0 from uid 1000
07-28 22:44:33.146  5093  5270 I ActivityManager: Start proc 32150:com.whatsapp/u0a275 for service {com.whatsapp/com.whatsapp.contact.ui.sync.ContactsSyncAdapterService}
07-28 22:44:33.146  5093  5270 D ActivityManager: [SecIpm] it's a ML_TYPE_EMPTYPROCESS protected process com.whatsapp
07-28 22:44:33.199  5093  7803 I ActivityManager: DSS OFF for com.whatsapp
07-28 22:44:33.206  5093  7803 D ActivityManager: attachApplicationLocked() app=ProcessRecord{8891d5c 32150:com.whatsapp/u0a275} app.isolatedEntryPoint=null instr2=null
07-28 22:44:33.225 32150 32150 D ActivityThread: handleBindApplication()++ app=com.whatsapp
07-28 22:44:33.363 32150 32150 D LoadedApk: LoadedApk::makeApplication() appContext.mOpPackageName=com.whatsapp appContext.mBasePackageName=com.whatsapp
07-28 22:44:34.659  5093  7852 I Pageboost: moveTaskToFront : 10275:com.whatsapp
07-28 22:44:34.669  5093  7852 D SGM:GameManager:   sendRunningComponentFocus(), pkgName: com.whatsapp, userId: 0
07-28 22:44:34.674  5093  5426 D SGM:GameManager: onLooperPrepared(), msg: MSG_TASK_FOCUSED, pkgName: com.whatsapp, userId: 0
07-28 22:44:34.675  5093  5426 D SGM:GameManager:   handleTaskFocused(), pkgName: com.whatsapp, userID:0 mResumedPkgMapdoes not containsKey.
07-28 22:44:34.689  5594  5649 D StartingSurfaceDrawer: addSplashScreen com.whatsapp theme=7f150551 task=35854 suggestType=1
07-28 22:44:34.723  5093  7852 D MARsPolicyManager: onPackageResumedFG pkgName = com.whatsapp, userId = 0
07-28 22:44:34.726  5093  7852 V WindowManager: Setting visibility of Window{bd29409 u0 Splash Screen com.whatsapp}: true, caller=com.android.server.wm.WindowContainer.sendAppVisibilityToClients:1110 com.android.server.wm.WindowToken.setClientVisible:448 com.android.server.wm.ActivityRecord.setClientVisible:7040 com.android.server.wm.ActivityRecord.setVisibility:5455 com.android.server.wm.ActivityRecord.setVisibility:5350
07-28 22:44:34.727  5093  7852 D WindowManager: rotationForOrientation, orientationSource=ActivityRecord{cc5b52 u0 com.whatsapp/.home.ui.HomeActivity t35854}
07-28 22:44:34.727  5093  7852 D WindowManager: rotationForOrientation, orientationSource=ActivityRecord{cc5b52 u0 com.whatsapp/.home.ui.HomeActivity t35854}
07-28 22:44:34.728  5093  7852 D WindowManager: rotationForOrientation, orientationSource=ActivityRecord{cc5b52 u0 com.whatsapp/.home.ui.HomeActivity t35854}
07-28 22:44:34.729  5093  7852 D SGM:PkgDataHelper: notifyAppCreate(), pkgName: com.whatsapp, userId: 0, sendRet: true
07-28 22:44:34.730  5093  5426 D SGM:GameManager: onLooperPrepared(), msg: MSG_APP_CREATE, pkgName: com.whatsapp, userId: 0
07-28 22:44:34.738  5093  5257 V ActivityManager: Changed top to ProcessRecord{8891d5c 32150:com.whatsapp/u0a275}
07-28 22:44:34.758  5093  5257 D SGM:GameManager: noteResumeComponent(), received pkgName: com.whatsapp, userId: 0
07-28 22:44:34.759  5093  5257 D SGM:GameManager: identifyGamePackage. com.whatsapp, mCurrentUserId: 0, callerUserId: 0, callingMethodInfo: com.android.server.ssrm.fgapps.GameAppUtils.isGame(GameAppUtils.java:84)
07-28 22:44:34.759  5093  5257 D SGM:PkgDataHelper: getGamePkgData(). com.whatsapp
07-28 22:44:34.760  5093  5257 D SGM:GameManager: identifyGamePackage. com.whatsapp, mCurrentUserId: 0, callerUserId: 0, callingMethodInfo: com.android.server.ssrm.SortingMachine.isGame(SortingMachine.java:162)
07-28 22:44:34.760  5093  5257 D SGM:PkgDataHelper: getGamePkgData(). com.whatsapp
07-28 22:44:34.760  5093  5257 I GameSDK@LifeCycle: noteResumeComponent(): package name  : com.whatsapp
07-28 22:44:34.763  5093  5426 D SGM:GameManager: onLooperPrepared(), msg: MSG_APP_RESUME, pkgName: com.whatsapp, userid: 0
07-28 22:44:34.763  5093  5426 D SGM:GameManager:   handleResume(). pkgName: com.whatsapp, userId: 0, isTunableApp: null
07-28 22:44:34.763  5093  5426 D SGM:GameManager: notifyFocusInOut(). of pkg: com.whatsapp, type: 4, isMinimized: false, isTunableApp: false, userId: 0
07-28 22:44:34.772  5093  7852 D WindowManager: makeSurface duration=1 name=Splash Screen com.whatsapp$_5594
07-28 22:44:34.813  5093  7803 D WindowManager: finishDrawingWindow: Window{bd29409 u0 Splash Screen com.whatsapp} mDrawState=DRAW_PENDING
07-28 22:44:34.818  5093  5258 D WindowManager: createAnimationAdapter(): container=Task{e73260a #35854 type=standard A=10275:com.whatsapp U=0 visible=true mode=fullscreen translucent=false sz=1}
07-28 22:44:34.821  5093  5258 D WindowManager:         Add container=Task{e73260a #35854 type=standard A=10275:com.whatsapp U=0 visible=true mode=fullscreen translucent=false sz=1}
07-28 22:44:34.840  5093  5258 I WindowManager: container=Task{e73260a #35854 type=standard A=10275:com.whatsapp U=0 visible=true mode=fullscreen translucent=false sz=1}
07-28 22:44:34.840  5093  5258 I WindowManager:   taskInfo=TaskInfo{userId=0 taskId=35854 displayId=0 isRunning=true baseIntent=Intent { act=android.intent.action.MAIN cat=[android.intent.category.LAUNCHER] flg=0x10100000 pkg=com.whatsapp cmp=com.whatsapp/.Main } baseActivity=ComponentInfo{com.whatsapp/com.whatsapp.home.ui.HomeActivity} topActivity=ComponentInfo{com.whatsapp/com.whatsapp.home.ui.HomeActivity} origActivity=null realActivity=ComponentInfo{com.whatsapp/com.whatsapp.Main} numActivities=1 lastActiveTime=56686389 supportsSplitScreenMultiWindow=true supportsMultiWindow=true resizeMode=1 isResizeable=true token=WCT{RemoteToken{ad0bfee Task{e73260a #35854 type=standard A=10275:com.whatsapp U=0 visible=true mode=fullscreen translucent=false sz=1}}} topActivityType=1 pictureInPictureParams=PictureInPictureParams( aspectRatio=null sourceRectHint=null hasSetActions=false isAutoPipEnabled=false isSeamlessResizeEnabled=true) displayCutoutSafeInsets=Rect(0, 83 - 0, 0) topActivityInfo=ActivityInfo{67755c3 com.whatsapp.home.ui.HomeActivity} launchCookies=[] positionInParent=Point(0, 0) parentTaskId=-1 isFocused=false isVisible=true topActivityInSizeCompat=false locusId= null topLaunchHome=false launchSplitWindowingMode=0 isPairTask=false pairedTaskIds=[] pairWindowingMode=0 pairDockSide=0 isAnimatingByRecent=false originallySupportedSplitScreen=true isAnimatingFreeformToFullscreen=false topActivityInFixedAspectRatio=false isTopTransparentActivity=true}
07-28 22:44:34.881  5093  5572 D SGM:GameManager: identifyGamePackage. com.whatsapp, mCurrentUserId: 0, callerUserId: 0, callingMethodInfo: com.samsung.android.game.IGameManagerService$Stub.onTransact(IGameManagerService.java:242)
07-28 22:44:34.881  5093  5572 D SGM:PkgDataHelper: getGamePkgData(). com.whatsapp
07-28 22:44:34.883  5093  5641 D MdnieScenarioControlService:  packageName : com.whatsapp    className : com.whatsapp.home.ui.HomeActivity
07-28 22:44:34.912  5093  7803 D SGM:GameManager: identifyForegroundApp. com.whatsapp, mCurrentUserId: 0, callerUserId:0
07-28 22:44:34.912  5093  7803 D SGM:PkgDataHelper: getGamePkgData(). com.whatsapp
07-28 22:44:35.062  5093  7874 D WindowManager:         container=Task{e73260a #35854 type=standard A=10275:com.whatsapp U=0 visible=true mode=fullscreen translucent=false sz=1}
07-28 22:44:35.493  5093 10648 D SGM:GameManager: identifyGamePackage. com.whatsapp, mCurrentUserId: 0, callerUserId: 0, callingMethodInfo: com.android.server.ssrm.SortingMachine.isGame(SortingMachine.java:162)
07-28 22:44:35.494  5093 10648 D SGM:PkgDataHelper: getGamePkgData(). com.whatsapp
07-28 22:44:35.589  5093  5641 D MdnieScenarioControlService:  packageName : com.whatsapp    className : com.whatsapp.home.ui.HomeActivity
07-28 22:44:35.872  5093  7871 D WindowManager: makeSurface duration=1 name=com.whatsapp/com.whatsapp.home.ui.HomeActivity$_32150
07-28 22:44:35.878  5093  7871 V WindowManager: Changing focus from null to Window{80a6543 u0 com.whatsapp/com.whatsapp.home.ui.HomeActivity} displayId=0 Callers=com.android.server.wm.RootWindowContainer.updateFocusedWindowLocked:583 com.android.server.wm.WindowManagerService.updateFocusedWindowLocked:6497 com.android.server.wm.WindowManagerService.relayoutWindow:2770 com.android.server.wm.Session.relayout:242
07-28 22:44:35.878  5093  7871 D MARsPolicyManager: onPackageResumedFG pkgName = com.whatsapp, userId = 0
07-28 22:44:36.083  5093  7803 D WindowManager: finishDrawingWindow: Window{80a6543 u0 com.whatsapp/com.whatsapp.home.ui.HomeActivity} mDrawState=DRAW_PENDING
07-28 22:44:36.087  5093  5258 I WindowManager: Reparenting to leash, surface=Surface(name=80a6543 com.whatsapp/com.whatsapp.home.ui.HomeActivity)/@0x7cb8e08, leashParent=Surface(name=ActivityRecord{cc5b52 u0 com.whatsapp/.home.ui.HomeActivity t35854})/@0x216a4bd
07-28 22:44:36.088  5093  5258 D WindowManager: makeSurface duration=1 leash=Surface(name=Surface(name=80a6543 com.whatsapp/com.whatsapp.home.ui.HomeActivity)/@0x7cb8e08 - animation-leash of starting_reveal)/@0x92219a1
07-28 22:44:36.146  5093  5605 I WindowManager: Reparenting to leash, surface=Surface(name=bd29409 Splash Screen com.whatsapp)/@0x114dc95, leashParent=Surface(name=ActivityRecord{cc5b52 u0 com.whatsapp/.home.ui.HomeActivity t35854})/@0x216a4bd
07-28 22:44:36.147  5093  5605 D WindowManager: makeSurface duration=0 leash=Surface(name=Surface(name=bd29409 Splash Screen com.whatsapp)/@0x114dc95 - animation-leash of window_animation)/@0x15581aa
07-28 22:44:36.150  5093  5605 I WindowManager: Cancelling animation restarting=false, leash=Surface(name=Surface(name=80a6543 com.whatsapp/com.whatsapp.home.ui.HomeActivity)/@0x7cb8e08 - animation-leash of starting_reveal)/@0x92219a1
07-28 22:44:36.151  5093  5605 I WindowManager: Reparenting to original parent: Surface(name=ActivityRecord{cc5b52 u0 com.whatsapp/.home.ui.HomeActivity t35854})/@0x216a4bd, destroy=false, surface=Surface(name=80a6543 com.whatsapp/com.whatsapp.home.ui.HomeActivity)/@0x7cb8e08
07-28 22:44:36.160  5093  7871 D SamsungAlarmManager: setExact (T:2/F:5/AC:false) 20250729T190834 now=56687749 - CU:10275/CP:32150/OP:PendingIntent{56c4c77: PendingIntentRecord{314f347 com.whatsapp broadcastIntent}}
07-28 22:44:36.160  5093  5253 I Pageboost: Launch time gathered : pid 32150 com.whatsapp 1427
07-28 22:44:36.177  5093  7852 D SamsungAlarmManager: setExact (T:0/F:5/AC:false) 20250729T020019 now=56687766 - CU:10275/CP:32150/OP:PendingIntent{ad89c02: PendingIntentRecord{aea53d2 com.whatsapp broadcastIntent}}
07-28 22:44:36.191  5093  5258 I WindowManager: Reparenting to original parent: Surface(name=ActivityRecord{cc5b52 u0 com.whatsapp/.home.ui.HomeActivity t35854})/@0x216a4bd, destroy=true, surface=Surface(name=bd29409 Splash Screen com.whatsapp)/@0x114dc95
07-28 22:44:36.191  5093  7803 D SamsungAlarmManager: setExact (T:2/F:5/AC:false) 20250817T134927 now=56687780 - CU:10275/CP:32150/OP:PendingIntent{ea9a95a: PendingIntentRecord{940f44b com.whatsapp broadcastIntent}}
07-28 22:44:36.195  5093  5258 E WindowManager: win=Window{bd29409 u0 Splash Screen com.whatsapp EXITING} destroySurfaces: appStopped=false win.mWindowRemovalAllowed=true win.mRemoveOnExit=true win.mViewVisibility=8 caller=com.android.server.wm.ActivityRecord.destroySurfaces:5873 com.android.server.wm.ActivityRecord.destroySurfaces:5854 com.android.server.wm.WindowState.onExitAnimationDone:5992 com.android.server.wm.WindowStateAnimator.onAnimationFinished:242 com.android.server.wm.WindowState.onAnimationFinished:6245 com.android.server.wm.WindowContainer$$ExternalSyntheticLambda0.onAnimationFinished:2 com.android.server.wm.SurfaceAnimator.lambda$getFinishedCallback$0$SurfaceAnimator:113
07-28 22:44:36.195  5093  5258 I WindowManager: Destroying surface Surface(name=Splash Screen com.whatsapp$_5594)/@0x646b068 called by com.android.server.wm.WindowStateAnimator.destroySurface:987 com.android.server.wm.WindowStateAnimator.destroySurfaceLocked:518 com.android.server.wm.WindowState.destroySurfaceUnchecked:4246 com.android.server.wm.WindowState.destroySurface:4220 com.android.server.wm.ActivityRecord.destroySurfaces:5873 com.android.server.wm.ActivityRecord.destroySurfaces:5854 com.android.server.wm.WindowState.onExitAnimationDone:5992 com.android.server.wm.WindowStateAnimator.onAnimationFinished:242
07-28 22:44:36.206  5093  5605 D SamsungAlarmManager: setExact (T:0/F:5/AC:false) 20250729T000042 now=56687795 - CU:10275/CP:32150/OP:PendingIntent{e48fc81: PendingIntentRecord{59ef7a6 com.whatsapp broadcastIntent}}
07-28 22:44:36.229  5093  7874 D SamsungAlarmManager: setInexact (T:3/F:0/AC:false) 20250729T104436 now=56687819 - CU:10275/CP:32150/OP:PendingIntent{3534167: PendingIntentRecord{6c6367d com.whatsapp broadcastIntent}}
07-28 22:44:36.252  5093  5641 D MdnieScenarioControlService:  packageName : com.whatsapp    className : com.whatsapp.home.ui.HomeActivity
07-28 22:44:36.318  5093  5605 I Telecom:SamsungTelecomServiceImpl: registerPhoneAccount - PhoneAccount : [[ ] PhoneAccount: ComponentInfo{com.whatsapp/com.whatsapp.calling.telecom.SelfManagedConnectionService}, ***, UserHandle{0} Capabilities: SelfManaged SuppVideo Video  Audio Routes: BESW Schemes: tel  Extras: Bundle[mParcelledData.dataSize=108] GroupId:***] / callingPid : 32150 / processName : sts
07-28 22:44:36.330  5093  5605 I Telecom : PhoneAccountRegistrar: Modify account: [ComponentInfo{com.whatsapp/com.whatsapp.calling.telecom.SelfManagedConnectionService}, ***, UserHandle{0}]: TSI.rPA@CsE
07-28 22:44:36.332  5093  5605 I Telecom : AppLabelProxy: package com.whatsapp: name is WhatsApp: TSI.rPA@CsE
07-28 22:44:36.336  5093  5605 I Telecom:SamsungPhoneAccountListener: onAccountsChanged - allPhoneAccountsOfCurrentUser: [[[X] PhoneAccount: ComponentInfo{com.android.phone/com.android.services.telephony.TelephonyConnectionService}, ***, UserHandle{0} Capabilities: SuppVideo Video CallProvider MultiUser PlaceEmerg SimSub  Audio Routes: BESW Schemes: tel voicemail  Extras: Bundle[{com.samsung.telecom.extra.SUPPORT_VRBT=false, android.telecom.extra.SUPPORTS_VIDEO_CALLING_FALLBACK=true, com.samsung.telecom.extra.SUBSCRIPTION_ID=1, com.samsung.telecom.extra.CAN_COEXIST_ACCOUNT=true, com.samsung.telecom.extra.PHONE_ID=0, android.telecom.extra.SORT_ORDER=0, com.samsung.telecom.extra.NO_CHECK_IF_VIDEO_CAPABLE=true}]GroupId: ***], [[X] PhoneAccount: ComponentInfo{com.google.android.apps.tachyon/com.google.android.apps.tachyon.telecom.TachyonTelecomConnectionService}, ***, UserHandle{0} Capabilities: SelfManaged Video  Audio Routes: BESW Schemes: tel  Extras: Bundle[{android.telecom.extra.LOG_SELF_MANAGED_CALLS=true, android.telecom.extra.SUPPORTS_HANDOVER_TO=true}] GroupId: ***], [[X] PhoneAccount: ComponentInfo{org.thoughtcrime.securesms/org.thoughtcrime.securesms.service.webrtc.AndroidCallConnectionService}, ***, UserHandle{0} Capabilities: SelfManaged Video  Audio Routes: BESW Schemes: tel  Extras: null GroupId: ***], [[X] PhoneAccount: ComponentInfo{com.whatsapp/com.whatsapp.calling.telecom.SelfManagedConnectionService}, ***, UserHandle{0} Capabilities: SelfManaged SuppVideo Video  Audio Routes: BESW Schemes: tel  Extras: Bundle[{android.telecom.extra.LOG_SELF_MANAGED_CALLS=false}] GroupId: ***]]
07-28 22:44:36.336  5093  5605 I Telecom:SamsungPhoneAccountListener: onAccountsChanged : [[X] PhoneAccount: ComponentInfo{com.whatsapp/com.whatsapp.calling.telecom.SelfManagedConnectionService}, ***, UserHandle{0} Capabilities: SelfManaged SuppVideo Video  Audio Routes: BESW Schemes: tel  Extras: Bundle[{android.telecom.extra.LOG_SELF_MANAGED_CALLS=false}]GroupId: ***]
07-28 22:44:36.336  5093  5605 I Telecom:SamsungPhoneAccountListener: onPhoneAccountChanged - PhoneAccount : [[X] PhoneAccount: ComponentInfo{com.whatsapp/com.whatsapp.calling.telecom.SelfManagedConnectionService}, ***, UserHandle{0} Capabilities: SelfManaged SuppVideo Video  Audio Routes: BESW Schemes: tel  Extras: Bundle[{android.telecom.extra.LOG_SELF_MANAGED_CALLS=false}] GroupId: ***]
07-28 22:44:36.337  5093  5605 I Telecom : CallsManager: handlePhoneAccountChanged: phoneAccount=[[X] PhoneAccount: ComponentInfo{com.whatsapp/com.whatsapp.calling.telecom.SelfManagedConnectionService}, ***, UserHandle{0} Capabilities: SelfManaged SuppVideo Video  Audio Routes: BESW Schemes: tel  Extras: Bundle[{android.telecom.extra.LOG_SELF_MANAGED_CALLS=false}] GroupId: ***]: TSI.rPA@CsE
07-28 22:44:36.864  5093  5257 D SGM:GameManager: identifyForegroundApp. com.whatsapp, mCurrentUserId: 0, callerUserId:0
07-28 22:44:36.864  5093  5257 D SGM:PkgDataHelper: getGamePkgData(). com.whatsapp
07-28 22:44:37.268  5093  5120 I ActivityTaskManager: START u0 {flg=0x14000000 cmp=com.whatsapp/.Conversation (has extras)} from uid 10275
07-28 22:44:37.269  5093  5120 D ActivityTaskManager: TaskLaunchParamsModifier:task=null activity=ActivityRecord{2c08db1 u0 com.whatsapp/.Conversation display-area-from-source=DefaultTaskDisplayArea@92327914 display-id=0 display-windowing-mode=1 suggested-display-area=DefaultTaskDisplayArea@92327914
07-28 22:44:37.270  5093  5120 D ActivityTaskManager: TaskLaunchParamsModifier:task=Task{e73260a #35854 type=standard A=10275:com.whatsapp U=0 visible=true mode=fullscreen translucent=false sz=1} activity=ActivityRecord{2c08db1 u0 com.whatsapp/.Conversation t-1} display-area-from-source=DefaultTaskDisplayArea@92327914 display-id=0 display-windowing-mode=1 suggested-display-area=DefaultTaskDisplayArea@92327914 inherit-from-source=fullscreen activity-options-fullscreen=Rect(0,0 - 0, 0) non-freeform-display display-area=DefaultTaskDisplayArea@92327914 maximized-bounds
07-28 22:44:37.370  5093  7852 D MARsPolicyManager: onPackageResumedFG pkgName = com.whatsapp, userId = 0
07-28 22:44:37.370  5093  5257 D SGM:GameManager: notePauseComponent(), received pkgName: com.whatsapp, userId: 0
07-28 22:44:37.371  5093  7852 D WindowManager: rotationForOrientation, orientationSource=ActivityRecord{2c08db1 u0 com.whatsapp/.Conversation t35854}
07-28 22:44:37.371  5093  7852 D WindowManager: rotationForOrientation, orientationSource=ActivityRecord{2c08db1 u0 com.whatsapp/.Conversation t35854}
07-28 22:44:37.373  5093  7852 D WindowManager: rotationForOrientation, orientationSource=ActivityRecord{2c08db1 u0 com.whatsapp/.Conversation t35854}
07-28 22:44:37.373  5093  7852 D SGM:PkgDataHelper: notifyAppCreate(), pkgName: com.whatsapp, userId: 0, sendRet: true
07-28 22:44:37.373  5093  5426 D SGM:GameManager: onLooperPrepared(), msg: MSG_APP_CREATE, pkgName: com.whatsapp, userId: 0
07-28 22:44:37.376  5093  7852 V WindowManager: Changing focus from Window{80a6543 u0 com.whatsapp/com.whatsapp.home.ui.HomeActivity} to null displayId=0 Callers=com.android.server.wm.RootWindowContainer.updateFocusedWindowLocked:583 com.android.server.wm.WindowManagerService.updateFocusedWindowLocked:6497 com.android.server.wm.ActivityTaskManagerService.setResumedActivityUncheckLocked:5545 com.android.server.wm.Task.onActivityStateChanged:2912
07-28 22:44:37.383  5093  5257 D SGM:GameManager: noteResumeComponent(), received pkgName: com.whatsapp, userId: 0
07-28 22:44:37.383  5093  5426 D SGM:GameManager: onLooperPrepared(), msg: MSG_APP_RESUME, pkgName: com.whatsapp, userid: 0
07-28 22:44:37.384  5093  5257 I GameSDK@LifeCycle: noteResumeComponent(): package name  : com.whatsapp
07-28 22:44:37.671  5093  5572 D WindowManager: makeSurface duration=1 name=com.whatsapp/com.whatsapp.Conversation$_32150
07-28 22:44:37.673  5093  5572 V WindowManager: Changing focus from null to Window{11092b8 u0 com.whatsapp/com.whatsapp.Conversation} displayId=0 Callers=com.android.server.wm.RootWindowContainer.updateFocusedWindowLocked:583 com.android.server.wm.WindowManagerService.updateFocusedWindowLocked:6497 com.android.server.wm.WindowManagerService.relayoutWindow:2770 com.android.server.wm.Session.relayout:242
07-28 22:44:37.673  5093  5572 D MARsPolicyManager: onPackageResumedFG pkgName = com.whatsapp, userId = 0
07-28 22:44:37.987  5093  5572 D WindowManager: finishDrawingWindow: Window{11092b8 u0 com.whatsapp/com.whatsapp.Conversation} mDrawState=DRAW_PENDING
07-28 22:44:37.991  5093  5258 D WindowManager: prepareDimAnimOnAnimating owner = ActivityRecord{cc5b52 u0 com.whatsapp/.home.ui.HomeActivity t35854}
07-28 22:44:37.991  5093  5258 I WindowManager: Reparenting to leash, surface=Surface(name=ActivityRecord{cc5b52 u0 com.whatsapp/.home.ui.HomeActivity t35854})/@0x216a4bd, leashParent=Surface(name=Task=35854)/@0xc4fe51c
07-28 22:44:37.992  5093  5258 D WindowManager: makeSurface duration=1 leash=Surface(name=Surface(name=ActivityRecord{cc5b52 u0 com.whatsapp/.home.ui.HomeActivity t35854})/@0x216a4bd - animation-leash of app_transition)/@0x2bc98fb
07-28 22:44:37.993  5093  5258 D WindowManager: startDimAnimation owner = ActivityRecord{cc5b52 u0 com.whatsapp/.home.ui.HomeActivity t35854}
07-28 22:44:37.995  5093  5258 I WindowManager: Reparenting to leash, surface=Surface(name=Dim Layer for - ActivityRecord{cc5b52 u0 com.whatsapp/.home.ui.HomeActivity t35854} - animating-dim)/@0x943a556, leashParent=Surface(name=ActivityRecord{cc5b52 u0 com.whatsapp/.home.ui.HomeActivity t35854})/@0x216a4bd
07-28 22:44:37.997  5093  5258 D WindowManager: makeSurface duration=1 leash=Surface(name=Surface(name=Dim Layer for - ActivityRecord{cc5b52 u0 com.whatsapp/.home.ui.HomeActivity t35854} - animating-dim)/@0x943a556 - animation-leash of dimmer)/@0x4b1c9d7
07-28 22:44:37.999  5093  5258 I WindowManager: Reparenting to leash, surface=Surface(name=ActivityRecord{2c08db1 u0 com.whatsapp/.Conversation t35854})/@0x11a092e, leashParent=Surface(name=Task=35854)/@0xc4fe51c
07-28 22:44:38.001  5093  5258 D WindowManager: makeSurface duration=2 leash=Surface(name=Surface(name=ActivityRecord{2c08db1 u0 com.whatsapp/.Conversation t35854})/@0x11a092e - animation-leash of app_transition)/@0xe761ccf
07-28 22:44:38.003  5093  5253 I Pageboost: Launch time gathered : pid 32150 com.whatsapp 735
07-28 22:44:38.072  5093  5572 D SamsungAlarmManager: setInexact (T:3/F:0/AC:false) 20250728T224453 now=56689662 - CU:10275/CP:32150/OP:PendingIntent{a7dd7bf: PendingIntentRecord{c0b3e8c com.whatsapp broadcastIntent}}
07-28 22:44:38.074  5093  7803 D SamsungAlarmManager: setExact (T:2/F:5/AC:false) 20250728T225438 now=56689664 - CU:10275/CP:32150/OP:PendingIntent{a2079d5: PendingIntentRecord{4b0f5ea com.whatsapp broadcastIntent}}
07-28 22:44:38.080  5093  5572 D SamsungAlarmManager: setExact (T:2/F:5/AC:false) 20250728T225438 now=56689670 - CU:10275/CP:32150/OP:PendingIntent{fa086b6: PendingIntentRecord{4b0f5ea com.whatsapp broadcastIntent}}
07-28 22:44:38.156  5093  5572 D SamsungAlarmManager: setExact (T:2/F:5/AC:false) 20250728T225438 now=56689745 - CU:10275/CP:32150/OP:PendingIntent{6eaad9a: PendingIntentRecord{4b0f5ea com.whatsapp broadcastIntent}}
07-28 22:44:38.195  5093  5258 I WindowManager: Reparenting to original parent: Surface(name=Task=35854)/@0xc4fe51c, destroy=true, surface=Surface(name=ActivityRecord{cc5b52 u0 com.whatsapp/.home.ui.HomeActivity t35854})/@0x216a4bd
07-28 22:44:38.244  5093  5258 D WindowManager: clearDimAnimation owner = ActivityRecord{cc5b52 u0 com.whatsapp/.home.ui.HomeActivity t35854}, caller=com.android.server.wm.WindowContainer.onAnimationLeashLost:3129 com.android.server.wm.ActivityRecord.onAnimationLeashLost:7903 com.android.server.wm.SurfaceAnimator.removeLeash:426
07-28 22:44:38.249  5093  5258 V WindowManager: Setting visibility of Window{80a6543 u0 com.whatsapp/com.whatsapp.home.ui.HomeActivity}: false, caller=com.android.server.wm.WindowContainer.sendAppVisibilityToClients:1110 com.android.server.wm.WindowToken.setClientVisible:448 com.android.server.wm.ActivityRecord.setClientVisible:7040 com.android.server.wm.ActivityRecord.onAnimationFinished:7927 com.android.server.wm.WindowContainer$$ExternalSyntheticLambda0.onAnimationFinished:2
07-28 22:44:38.249  5093  5258 I WindowManager: Reparenting to original parent: Surface(name=Task=35854)/@0xc4fe51c, destroy=true, surface=Surface(name=ActivityRecord{2c08db1 u0 com.whatsapp/.Conversation t35854})/@0x11a092e
07-28 22:44:38.282  5093  8421 D SamsungAlarmManager: setExact (T:2/F:5/AC:false) 20250728T225438 now=56689871 - CU:10275/CP:32150/OP:PendingIntent{28955f2: PendingIntentRecord{4b0f5ea com.whatsapp broadcastIntent}}
07-28 22:44:38.316  5093  5258 I WindowManager: Reparenting to original parent: Surface(name=ActivityRecord{cc5b52 u0 com.whatsapp/.home.ui.HomeActivity t35854})/@0x216a4bd, destroy=true, surface=Surface(name=Dim Layer for - ActivityRecord{cc5b52 u0 com.whatsapp/.home.ui.HomeActivity t35854} - animating-dim)/@0x943a556
07-28 22:44:38.321  5093  5120 E WindowManager: win=Window{80a6543 u0 com.whatsapp/com.whatsapp.home.ui.HomeActivity} destroySurfaces: appStopped=true win.mWindowRemovalAllowed=false win.mRemoveOnExit=false win.mViewVisibility=8 caller=com.android.server.wm.ActivityRecord.destroySurfaces:5873 com.android.server.wm.ActivityRecord.destroySurfaces:5854 com.android.server.wm.ActivityRecord.notifyAppStopped:5918 com.android.server.wm.ActivityRecord.activityStopped:6560 com.android.server.wm.ActivityClientController.activityStopped:254 android.app.IActivityClientController$Stub.onTransact:596 com.android.server.wm.ActivityClientController.onTransact:130
07-28 22:44:38.322  5093  5120 I WindowManager: Destroying surface Surface(name=com.whatsapp/com.whatsapp.home.ui.HomeActivity$_32150)/@0x307eac0 called by com.android.server.wm.WindowStateAnimator.destroySurface:987 com.android.server.wm.WindowStateAnimator.destroySurfaceLocked:518 com.android.server.wm.WindowState.destroySurfaceUnchecked:4246 com.android.server.wm.WindowState.destroySurface:4220 com.android.server.wm.ActivityRecord.destroySurfaces:5873 com.android.server.wm.ActivityRecord.destroySurfaces:5854 com.android.server.wm.ActivityRecord.notifyAppStopped:5918 com.android.server.wm.ActivityRecord.activityStopped:6560
07-28 22:44:38.652  5093  5257 D SGM:GameManager: identifyForegroundApp. com.whatsapp, mCurrentUserId: 0, callerUserId:0
07-28 22:44:38.652  5093  5257 D SGM:PkgDataHelper: getGamePkgData(). com.whatsapp
07-28 22:44:39.491  5093  7827 D InsetsSourceProvider: updateVisibility: serverVisible=true, clientVisible=true, source=InsetsSource: {mType=ITYPE_IME, mFrame=[0,1439][1080,2340], mVisible=true}, controlTarget=Window{11092b8 u0 com.whatsapp/com.whatsapp.Conversation}, from=com.android.server.wm.ImeInsetsSourceProvider.updateVisibility:89 com.android.server.wm.InsetsSourceProvider.setClientVisible:415 com.android.server.wm.InsetsSourceProvider.updateClientVisibility:400 com.android.server.wm.InsetsStateController.onInsetsModified:508 com.android.server.wm.InsetsPolicy.onInsetsModified:477 com.android.server.wm.Session.insetsModified:704 android.view.IWindowSession$Stub.onTransact:1256 com.android.server.wm.Session.onTransact:176 android.os.Binder.execTransactInternal:1220 android.os.Binder.execTransact:1179
07-28 22:44:39.846  5093  7852 D SamsungAlarmManager: setInexact (T:3/F:0/AC:false) 20250728T224454 now=56691435 - CU:10275/CP:32150/OP:PendingIntent{8387eca: PendingIntentRecord{c0b3e8c com.whatsapp broadcastIntent}}
07-28 22:44:40.723  5093  7914 D SamsungAlarmManager: Cancel Alarm calling from uid:10275 pid :32150 / OP:PendingIntent{58cef94: PendingIntentRecord{c0b3e8c com.whatsapp broadcastIntent}}
07-28 22:44:40.742  5093  5120 D SamsungAlarmManager: setExact (T:2/F:5/AC:false) 20250728T224512 now=56692332 - CU:10275/CP:32150/OP:PendingIntent{6716232: PendingIntentRecord{ede3b83 com.whatsapp broadcastIntent}}
07-28 22:44:40.756  5093  7914 D SamsungAlarmManager: setExact (T:2/F:5/AC:false) 20250728T225440 now=56692345 - CU:10275/CP:32150/OP:PendingIntent{ccf6f7e: PendingIntentRecord{4b0f5ea com.whatsapp broadcastIntent}}
07-28 22:44:40.764  5093  7914 D SamsungAlarmManager: setExact (T:2/F:5/AC:false) 20250728T225440 now=56692354 - CU:10275/CP:32150/OP:PendingIntent{1bf0cdf: PendingIntentRecord{4b0f5ea com.whatsapp broadcastIntent}}
07-28 22:44:40.771  5093  7914 D SamsungAlarmManager: setExact (T:2/F:5/AC:false) 20250728T225440 now=56692360 - CU:10275/CP:32150/OP:PendingIntent{7be9d2c: PendingIntentRecord{4b0f5ea com.whatsapp broadcastIntent}}
07-28 22:44:40.796  5093  7852 D SamsungAlarmManager: setExact (T:2/F:5/AC:false) 20250728T225440 now=56692385 - CU:10275/CP:32150/OP:PendingIntent{7bff056: PendingIntentRecord{4b0f5ea com.whatsapp broadcastIntent}}
